    Checking mp-utils v0.10.0 (/workspace/madara/crates/primitives/utils)
    Checking mp-convert v0.10.0 (/workspace/madara/crates/primitives/convert)
    Checking mp-rpc v0.10.0 (/workspace/madara/crates/primitives/rpc)
    Checking mc-telemetry v0.10.0 (/workspace/madara/crates/client/telemetry)
   Compiling mc-class-exec v0.10.0 (/workspace/madara/crates/client/cairo_native)
   Compiling mc-db v0.10.0 (/workspace/madara/crates/client/db)
    Checking mp-bloom-filter v0.10.0 (/workspace/madara/crates/primitives/bloom_filter)
   Compiling build-version v1.0.0 (/workspace/build-artifacts)
    Checking mp-oracle v0.10.0 (/workspace/madara/crates/primitives/oracle)
   Compiling m-cairo-test-contracts v0.10.0 (/workspace/madara/crates/cairo-test-contracts)
    Checking mc-sequencer-randomness v0.10.0 (/workspace/madara/crates/client/sequencer-randomness)
    Checking mp-class v0.10.0 (/workspace/madara/crates/primitives/class)
    Checking mp-chain-config v0.10.0 (/workspace/madara/crates/primitives/chain_config)
    Checking mp-state-update v0.10.0 (/workspace/madara/crates/primitives/state_update)
    Checking mp-transactions v0.10.0 (/workspace/madara/crates/primitives/transactions)
    Checking mp-receipt v0.10.0 (/workspace/madara/crates/primitives/receipt)
   Compiling mc-devnet v0.10.0 (/workspace/madara/crates/client/devnet)
    Checking mp-block v0.10.0 (/workspace/madara/crates/primitives/block)
   Compiling m-proc-macros v0.10.0 (/workspace/madara/crates/proc-macros)
    Checking mp-gateway v0.10.0 (/workspace/madara/crates/primitives/gateway)
   Compiling madara v0.10.0 (/workspace/madara)
    Checking mc-exec v0.10.0 (/workspace/madara/crates/client/exec)
    Checking mc-external-db v0.10.0 (/workspace/madara/crates/client/external_db)
    Checking mc-mempool v0.10.0 (/workspace/madara/crates/client/mempool)
    Checking mc-submit-tx v0.10.0 (/workspace/madara/crates/client/submit_tx)
    Checking mc-settlement-client v0.10.0 (/workspace/madara/crates/client/settlement_client)
    Checking mc-gateway-client v0.10.0 (/workspace/madara/crates/client/gateway/client)
    Checking mc-e2e-tests v0.10.0 (/workspace/madara/crates/tests)
    Checking mc-block-production v0.10.0 (/workspace/madara/crates/client/block_production)
    Checking mc-sync v0.10.0 (/workspace/madara/crates/client/sync)
    Checking mc-rpc v0.10.0 (/workspace/madara/crates/client/rpc)
    Checking mc-gateway-server v0.10.0 (/workspace/madara/crates/client/gateway/server)
    Finished `dev` profile [unoptimized + debuginfo] target(s) in 13.67s
    Checking mp-utils v0.10.0 (/workspace/madara/crates/primitives/utils)
    Checking mp-convert v0.10.0 (/workspace/madara/crates/primitives/convert)
    Checking mp-rpc v0.10.0 (/workspace/madara/crates/primitives/rpc)
    Checking mc-telemetry v0.10.0 (/workspace/madara/crates/client/telemetry)
   Compiling mc-class-exec v0.10.0 (/workspace/madara/crates/client/cairo_native)
   Compiling mc-db v0.10.0 (/workspace/madara/crates/client/db)
    Checking mp-bloom-filter v0.10.0 (/workspace/madara/crates/primitives/bloom_filter)
   Compiling build-version v1.0.0 (/workspace/build-artifacts)
    Checking mp-oracle v0.10.0 (/workspace/madara/crates/primitives/oracle)
   Compiling m-cairo-test-contracts v0.10.0 (/workspace/madara/crates/cairo-test-contracts)
   Compiling mc-devnet v0.10.0 (/workspace/madara/crates/client/devnet)
   Compiling m-proc-macros v0.10.0 (/workspace/madara/crates/proc-macros)
    Checking mp-class v0.10.0 (/workspace/madara/crates/primitives/class)
    Checking mp-chain-config v0.10.0 (/workspace/madara/crates/primitives/chain_config)
    Checking mp-state-update v0.10.0 (/workspace/madara/crates/primitives/state_update)
    Checking mp-transactions v0.10.0 (/workspace/madara/crates/primitives/transactions)
    Checking mp-receipt v0.10.0 (/workspace/madara/crates/primitives/receipt)
   Compiling madara v0.10.0 (/workspace/madara)
    Checking mp-block v0.10.0 (/workspace/madara/crates/primitives/block)
    Checking mp-gateway v0.10.0 (/workspace/madara/crates/primitives/gateway)
    Checking mc-exec v0.10.0 (/workspace/madara/crates/client/exec)
    Checking mc-external-db v0.10.0 (/workspace/madara/crates/client/external_db)
    Checking mc-mempool v0.10.0 (/workspace/madara/crates/client/mempool)
    Checking mc-submit-tx v0.10.0 (/workspace/madara/crates/client/submit_tx)
    Checking mc-settlement-client v0.10.0 (/workspace/madara/crates/client/settlement_client)
    Checking mc-gateway-client v0.10.0 (/workspace/madara/crates/client/gateway/client)
    Checking mc-e2e-tests v0.10.0 (/workspace/madara/crates/tests)
    Checking mc-block-production v0.10.0 (/workspace/madara/crates/client/block_production)
    Checking mc-sync v0.10.0 (/workspace/madara/crates/client/sync)
    Checking mc-rpc v0.10.0 (/workspace/madara/crates/client/rpc)
    Checking mc-gateway-server v0.10.0 (/workspace/madara/crates/client/gateway/server)
    Finished `dev` profile [unoptimized + debuginfo] target(s) in 13.38s
