   Compiling snforge_scarb_plugin v0.51.2
    Finished `release` profile [optimized] target(s) in 0.07s
   Compiling test(eternum_randomness_protocol_unittest) eternum_randomness_protocol v0.1.0 (/home/djizus/projects/eternum-randomness/contracts/l3/randomness-protocol/Scarb.toml)
   Compiling test(eternum_randomness_protocol_integrationtest) eternum_randomness_protocol_integrationtest v0.1.0 (/home/djizus/projects/eternum-randomness/contracts/l3/randomness-protocol/Scarb.toml)
    Finished `dev` profile target(s) in 3 seconds


Collected 13 test(s) from eternum_randomness_protocol package
Running 13 test(s) from tests/
[PASS] eternum_randomness_protocol_integrationtest::test_conformance::cross_language_context_boundaries (l1_gas: ~0, l1_data_gas: ~0, l2_gas: ~849050)
[PASS] eternum_randomness_protocol_integrationtest::test_protocol::rejects_noncanonical_bytes (l1_gas: ~0, l1_data_gas: ~0, l2_gas: ~1422130)
[PASS] eternum_randomness_protocol_integrationtest::test_conformance::delayed_execution_uses_recorded_time_after_intent_expiry_and_rejects_duplicate (l1_gas: ~0, l1_data_gas: ~1920, l2_gas: ~2745286)
[PASS] eternum_randomness_protocol_integrationtest::test_conformance::pending_binding_survives_authority_credential_rotation (l1_gas: ~0, l1_data_gas: ~1920, l2_gas: ~3636704)
[PASS] eternum_randomness_protocol_integrationtest::test_conformance::losses_and_terminal_rejections_consume_the_original_nonce (l1_gas: ~0, l1_data_gas: ~3648, l2_gas: ~5841611)
[PASS] eternum_randomness_protocol_integrationtest::test_protocol::rejects_malformed_envelopes (l1_gas: ~0, l1_data_gas: ~0, l2_gas: ~21103450)
[PASS] eternum_randomness_protocol_integrationtest::test_conformance::authority_rejects_multicalls_callbacks_and_foreign_targets (l1_gas: ~0, l1_data_gas: ~3456, l2_gas: ~7977070)
[PASS] eternum_randomness_protocol_integrationtest::test_protocol::rejects_malformed_intents (l1_gas: ~0, l1_data_gas: ~0, l2_gas: ~21240320)
[PASS] eternum_randomness_protocol_integrationtest::test_conformance::rejects_changed_signed_fields_and_foreign_identities (l1_gas: ~0, l1_data_gas: ~6048, l2_gas: ~10863815)
[PASS] eternum_randomness_protocol_integrationtest::test_conformance::rejects_malformed_envelope_authority_and_authorization_witness (l1_gas: ~0, l1_data_gas: ~5184, l2_gas: ~11332589)
[PASS] eternum_randomness_protocol_integrationtest::test_conformance::simulation_context_cannot_bypass_transaction_authorization (l1_gas: ~0, l1_data_gas: ~5184, l2_gas: ~13882734)
[PASS] eternum_randomness_protocol_integrationtest::test_conformance::rejects_invalid_context_without_changing_progress (l1_gas: ~0, l1_data_gas: ~8640, l2_gas: ~21156492)
[PASS] eternum_randomness_protocol_integrationtest::test_protocol::canonical_cross_language_vectors (l1_gas: ~0, l1_data_gas: ~0, l2_gas: ~130697643)
Running 0 test(s) from src/
Tests: 13 passed, 0 failed, 0 ignored, 0 filtered out

