#0 building with "default" instance using docker driver

#1 [internal] load build definition from Dockerfile
#1 transferring dockerfile: 259B done
#1 DONE 0.0s

#2 [internal] load metadata for ghcr.io/madara-alliance/madara@sha256:ec30298d51ce0780e1ad88cc00e1c17bef31530d0e338fe7fcc1d71d1bad31b2
#2 DONE 0.6s

#3 [internal] load .dockerignore
#3 transferring context: 2B done
#3 DONE 0.0s

#4 [1/2] FROM ghcr.io/madara-alliance/madara@sha256:ec30298d51ce0780e1ad88cc00e1c17bef31530d0e338fe7fcc1d71d1bad31b2
#4 resolve ghcr.io/madara-alliance/madara@sha256:ec30298d51ce0780e1ad88cc00e1c17bef31530d0e338fe7fcc1d71d1bad31b2 0.0s done
#4 DONE 0.0s

#5 [internal] load build context
#5 transferring context: 613.91MB 2.2s done
#5 DONE 2.2s

#4 [1/2] FROM ghcr.io/madara-alliance/madara@sha256:ec30298d51ce0780e1ad88cc00e1c17bef31530d0e338fe7fcc1d71d1bad31b2
#4 CACHED

#6 [2/2] COPY madara madara-baseline randomness-sidecar /bin/
#6 DONE 1.0s

#7 exporting to image
#7 exporting layers
#7 exporting layers 17.7s done
#7 exporting manifest sha256:44fd749ae112a82c3f032a367a2b8577545661118ca7dee9494723e12cb3fea0 0.0s done
#7 exporting config sha256:3abcdb5e6e4f79a243b14a129ace402b280c0771ec966680f4a3fbf991626848 0.0s done
#7 exporting attestation manifest sha256:989fd9a36b77d766634578ffa77ee82d272ba58fee054a6b609868ddda0a1ab5 0.0s done
#7 exporting manifest list sha256:87e2a5cdc05d91e3b1f0ad8a3cf00a3f54f4e5773966c98fe0711d486f185f30 0.0s done
#7 naming to 127.0.0.1:15000/madara-rand:b3d0f3309ceb9235bccc4149c5a62d4551b48a7b done
#7 unpacking to 127.0.0.1:15000/madara-rand:b3d0f3309ceb9235bccc4149c5a62d4551b48a7b
#7 unpacking to 127.0.0.1:15000/madara-rand:b3d0f3309ceb9235bccc4149c5a62d4551b48a7b 3.3s done
#7 DONE 21.1s
