   Compiling snforge_scarb_plugin v0.52.0
    Finished `release` profile [optimized] target(s) in 0.05s
   Compiling test(world_native_unittest) world_native v0.1.0 (/home/djizus/projects/eternum-native-world/contracts/l3/world-native/Scarb.toml)
   Compiling test(world_native_tests) world_native_tests v0.1.0 (/home/djizus/projects/eternum-native-world/contracts/l3/world-native/Scarb.toml)
    Finished `dev` profile target(s) in 26 seconds


Collected 70 test(s) from world_native package
Running 47 test(s) from src/
[PASS] world_native::tests::realms::sparse_allocation_removes_the_moved_tail_and_is_game_scoped (l1_gas: ~0, l1_data_gas: ~480, l2_gas: ~1620490)
[PASS] world_native::tests::structure_storage::troop_boost_storage_has_one_slot_and_preserves_boundaries (l1_gas: ~0, l1_data_gas: ~0, l2_gas: ~92810)
PARITY_COMBAT 0 0 0
PARITY_COMBAT 0 1 0
PARITY_COMBAT 0 2 750000000000
PARITY_COMBAT 0 3 70
PARITY_COMBAT 0 4 20
PARITY_COMBAT 0 5 0
PARITY_COMBAT 0 6 0
PARITY_COMBAT 0 7 0
PARITY_COMBAT 0 8 0
PARITY_COMBAT 0 9 0
PARITY_COMBAT 0 10 0
PARITY_COMBAT 0 11 0
PARITY_COMBAT 0 12 0
PARITY_COMBAT 0 13 1260
PARITY_COMBAT 0 14 2
PARITY_COMBAT 0 15 0
PARITY_COMBAT 0 16 353000000000
PARITY_COMBAT 0 17 80
PARITY_COMBAT 0 18 20
PARITY_COMBAT 0 19 0
PARITY_COMBAT 0 20 0
PARITY_COMBAT 0 21 0
PARITY_COMBAT 0 22 0
PARITY_COMBAT 0 23 0
PARITY_COMBAT 0 24 0
PARITY_COMBAT 0 25 0
PARITY_COMBAT 0 26 0
PARITY_COMBAT 0 27 1260
PARITY_COMBAT 1 0 2
PARITY_COMBAT 1 1 1
PARITY_COMBAT 1 2 2243000000000
PARITY_COMBAT 1 3 70
PARITY_COMBAT 1 4 20
PARITY_COMBAT 1 5 0
PARITY_COMBAT 1 6 0
PARITY_COMBAT 1 7 0
PARITY_COMBAT 1 8 0
PARITY_COMBAT 1 9 0
PARITY_COMBAT 1 10 0
PARITY_COMBAT 1 11 0
PARITY_COMBAT 1 12 0
PARITY_COMBAT 1 13 1260
PARITY_COMBAT 1 14 1
PARITY_COMBAT 1 15 1
PARITY_COMBAT 1 16 766000000000
PARITY_COMBAT 1 17 80
PARITY_COMBAT 1 18 20
PARITY_COMBAT 1 19 0
PARITY_COMBAT 1 20 0
PARITY_COMBAT 1 21 0
PARITY_COMBAT 1 22 0
PARITY_COMBAT 1 23 0
PARITY_COMBAT 1 24 0
PARITY_COMBAT 1 25 0
PARITY_COMBAT 1 26 0
PARITY_COMBAT 1 27 1260
PARITY_COMBAT 2 0 2
PARITY_COMBAT 2 1 0
PARITY_COMBAT 2 2 1000000000000
PARITY_COMBAT 2 3 70
PARITY_COMBAT 2 4 20
PARITY_COMBAT 2 5 0
PARITY_COMBAT 2 6 0
PARITY_COMBAT 2 7 0
PARITY_COMBAT 2 8 0
PARITY_COMBAT 2 9 0
PARITY_COMBAT 2 10 0
PARITY_COMBAT 2 11 0
PARITY_COMBAT 2 12 0
PARITY_COMBAT 2 13 1230
PARITY_COMBAT 2 14 0
PARITY_COMBAT 2 15 0
PARITY_COMBAT 2 16 425000000000
PARITY_COMBAT 2 17 100
PARITY_COMBAT 2 18 20
PARITY_COMBAT 2 19 0
[PASS] world_native::tests::realms::packed_traits_and_entitlement_keep_ordered_resources (l1_gas: ~0, l1_data_gas: ~0, l2_gas: ~426210)
PARITY_COMBAT 2 20 0
PARITY_COMBAT 2 21 0
PARITY_COMBAT 2 22 0
PARITY_COMBAT 2 23 0
PARITY_COMBAT 2 24 0
PARITY_COMBAT 2 25 0
PARITY_COMBAT 2 26 0
PARITY_COMBAT 2 27 1230
PARITY_COMBAT 3 0 0
PARITY_COMBAT 3 1 2
PARITY_COMBAT 3 2 2000000000000
PARITY_COMBAT 3 3 120
PARITY_COMBAT 3 4 20
PARITY_COMBAT 3 5 0
PARITY_COMBAT 3 6 0
PARITY_COMBAT 3 7 0
PARITY_COMBAT 3 8 0
PARITY_COMBAT 3 9 0
PARITY_COMBAT 3 10 0
PARITY_COMBAT 3 11 0
PARITY_COMBAT 3 12 0
PARITY_COMBAT 3 13 1200
PARITY_COMBAT 3 14 0
PARITY_COMBAT 3 15 0
PARITY_COMBAT 3 16 0
PARITY_COMBAT 3 17 80
PARITY_COMBAT 3 18 20
PARITY_COMBAT 3 19 0
PARITY_COMBAT 3 20 0
PARITY_COMBAT 3 21 0
PARITY_COMBAT 3 22 0
PARITY_COMBAT 3 23 0
PARITY_COMBAT 3 24 0
PARITY_COMBAT 3 25 0
PARITY_COMBAT 3 26 0
PARITY_COMBAT 3 27 1260
[PASS] world_native::parity_vectors::combat_parity_vectors (l1_gas: ~0, l1_data_gas: ~0, l2_gas: ~18092710)
[PASS] world_native::tests::gameplay_before_activation_and_reinitialization_are_rejected (l1_gas: ~0, l1_data_gas: ~4512, l2_gas: ~12091261)
[PASS] world_native::tests::recorded_context_survives_outage_and_rejects_future_time (l1_gas: ~0, l1_data_gas: ~18144, l2_gas: ~31866692)
[PASS] world_native::tests::direct_player_submission_and_forged_domain_calls_are_rejected (l1_gas: ~0, l1_data_gas: ~16512, l2_gas: ~27247546)
[PASS] world_native::tests::approved_account_class_can_follow_a_player_account_upgrade (l1_gas: ~0, l1_data_gas: ~18144, l2_gas: ~32702114)
[PASS] world_native::tests::settlement::entry_entitlements_require_operator_and_compare_every_registration_field (l1_gas: ~0, l1_data_gas: ~21696, l2_gas: ~28026375)
[PASS] world_native::tests::row_set_member_and_deleted_have_exact_wire_shapes_and_zero_is_present (l1_gas: ~0, l1_data_gas: ~18528, l2_gas: ~36230037)
[PASS] world_native::tests::settlement::realm_resource_table_rejects_invalid_ids_and_packing_overflow (l1_gas: ~0, l1_data_gas: ~21120, l2_gas: ~33108765)
[PASS] world_native::tests::late_domain_failure_consumes_ticket_and_rolls_back_gameplay_rows (l1_gas: ~0, l1_data_gas: ~17472, l2_gas: ~28457108)
[PASS] world_native::tests::registered_account_with_unapproved_class_is_rejected_before_key_read (l1_gas: ~0, l1_data_gas: ~15744, l2_gas: ~16892025)
[PASS] world_native::tests::append_only_replace_class_preserves_and_mutates_existing_tiles (l1_gas: ~0, l1_data_gas: ~16992, l2_gas: ~26237425)
[PASS] world_native::tests::authority_rotates_authentication_without_replacing_the_domain (l1_gas: ~0, l1_data_gas: ~18528, l2_gas: ~32924783)
[PASS] world_native::tests::realms::catalogue_appends_once_and_commits_ordered_contents (l1_gas: ~0, l1_data_gas: ~480, l2_gas: ~1782088)
[PASS] world_native::tests::structure_storage::structure_base_storage_has_one_slot_and_preserves_boundaries (l1_gas: ~0, l1_data_gas: ~0, l2_gas: ~117190)
[PASS] world_native::tests::forged_signature_actor_game_and_replayed_intent_are_rejected (l1_gas: ~0, l1_data_gas: ~19872, l2_gas: ~43644011)
[PASS] world_native::tests::activation_rejects_peer_mismatch_authority_mismatch_and_double_activation (l1_gas: ~0, l1_data_gas: ~23232, l2_gas: ~35236595)
[PASS] world_native::tests::resources::sparse_resources_emit_typed_rows_and_skip_unchanged_values (l1_gas: ~0, l1_data_gas: ~672, l2_gas: ~3448980)
[PASS] world_native::tests::signatures_are_bound_to_deployment_command_nonce_and_deadline (l1_gas: ~0, l1_data_gas: ~34368, l2_gas: ~61758286)
[PASS] world_native::tests::resources::resource_deletion_clears_production_without_affecting_another_game (l1_gas: ~0, l1_data_gas: ~768, l2_gas: ~9329770)
[PASS] world_native::tests::signed_actor_and_root_reach_domain_with_game_scoped_nonces (l1_gas: ~0, l1_data_gas: ~19008, l2_gas: ~34946707)
[PASS] world_native::tests::realms::forged_season_commands_cannot_allocate_or_place_realms (l1_gas: ~0, l1_data_gas: ~16512, l2_gas: ~22473415)
[PASS] world_native::tests::agent_controller_requires_authority_and_projects_the_new_address (l1_gas: ~0, l1_data_gas: ~16608, l2_gas: ~22807885)
[PASS] world_native::tests::settlement::settlement_configuration_is_immutable_and_game_scoped (l1_gas: ~0, l1_data_gas: ~25728, l2_gas: ~35400495)
[PASS] world_native::tests::realm_upgrade_changes_only_its_display_and_rejects_foreign_occupants (l1_gas: ~0, l1_data_gas: ~16704, l2_gas: ~25726075)
[PASS] world_native::tests::realms::only_deployment_authority_can_append_canonical_traits (l1_gas: ~0, l1_data_gas: ~16800, l2_gas: ~23055877)
[PASS] world_native::tests::settlement::starting_troop_table_must_be_complete_before_configuration_commits (l1_gas: ~0, l1_data_gas: ~21120, l2_gas: ~27583315)
[PASS] world_native::tests::village::exhausted_geometry_records_rejection_and_keeps_the_pass (l1_gas: ~0, l1_data_gas: ~57024, l2_gas: ~87585393)
[PASS] world_native::tests::admission_rejects_unregistered_actor_and_registry_round_trip_mismatch (l1_gas: ~0, l1_data_gas: ~16608, l2_gas: ~26174205)
[PASS] world_native::tests::upgrade_rules_are_immutable_complete_and_game_scoped (l1_gas: ~0, l1_data_gas: ~17088, l2_gas: ~25870275)
[PASS] world_native::tests::map_rejects_foreign_occupancy_commands_and_duplicate_mutations (l1_gas: ~0, l1_data_gas: ~16704, l2_gas: ~25322795)
[PASS] world_native::tests::village::triple_village_consumes_one_pass_and_leaves_both_entries_available (l1_gas: ~0, l1_data_gas: ~62784, l2_gas: ~135757268)
[PASS] world_native::tests::settlement::reservations_use_recorded_actions_and_stop_at_completion (l1_gas: ~0, l1_data_gas: ~28992, l2_gas: ~90530819)
[PASS] world_native::tests::village::duel_village_consumes_one_pass_and_leaves_both_entries_available (l1_gas: ~0, l1_data_gas: ~62784, l2_gas: ~134982148)
[PASS] world_native::tests::village::production_pass_is_atomic_single_use_and_army_grant_uses_recorded_time (l1_gas: ~0, l1_data_gas: ~64800, l2_gas: ~228848383)
[PASS] world_native::tests::village::development_villages_skip_passes_and_have_no_six_per_realm_limit (l1_gas: ~0, l1_data_gas: ~83136, l2_gas: ~407490794)
[PASS] world_native::tests::settlement::village_placement_keeps_every_mode_entry_capacity_and_shares_reservations (l1_gas: ~0, l1_data_gas: ~46944, l2_gas: ~321446245)
[PASS] world_native::tests::rule_storage::troopstaminaconfig_packing_preserves_every_field (runs: 256, (l1_gas: {max: ~0, min: ~0, mean: ~0, std deviation: ~0}, l1_data_gas: {max: ~0, min: ~0, mean: ~0, std deviation: ~0}, l2_gas: {max: ~932830, min: ~889500, mean: ~916219, std deviation: ~8884}))
[PASS] world_native::tests::structure_storage::structure_base_storage_keeps_fields_independent (runs: 256, (l1_gas: {max: ~0, min: ~0, mean: ~0, std deviation: ~0}, l1_data_gas: {max: ~0, min: ~0, mean: ~0, std deviation: ~0}, l2_gas: {max: ~665510, min: ~616730, mean: ~648027, std deviation: ~9246}))
[PASS] world_native::tests::structure_storage::troop_storage_preserves_counts_stamina_and_combat (runs: 256, (l1_gas: {max: ~0, min: ~0, mean: ~0, std deviation: ~0}, l1_data_gas: {max: ~0, min: ~0, mean: ~0, std deviation: ~0}, l2_gas: {max: ~822010, min: ~772200, mean: ~805747, std deviation: ~8747}))
[PASS] world_native::tests::rule_storage::mapconfig_packing_preserves_every_field (runs: 256, (l1_gas: {max: ~0, min: ~0, mean: ~0, std deviation: ~0}, l1_data_gas: {max: ~0, min: ~0, mean: ~0, std deviation: ~0}, l2_gas: {max: ~1072730, min: ~1011200, mean: ~1050252, std deviation: ~11367}))
[PASS] world_native::tests::structure_storage::troop_boost_storage_keeps_fields_independent (runs: 256, (l1_gas: {max: ~0, min: ~0, mean: ~0, std deviation: ~0}, l1_data_gas: {max: ~0, min: ~0, mean: ~0, std deviation: ~0}, l2_gas: {max: ~548800, min: ~517850, mean: ~537400, std deviation: ~6899}))
[PASS] world_native::tests::structure_storage::structure_metadata_storage_preserves_realm_and_village_identities (runs: 256, (l1_gas: {max: ~0, min: ~0, mean: ~0, std deviation: ~0}, l1_data_gas: {max: ~0, min: ~0, mean: ~0, std deviation: ~0}, l2_gas: {max: ~224530, min: ~205870, mean: ~219604, std deviation: ~5080}))
[PASS] world_native::tests::settlement::settlement_pool_claim_requires_season_and_keeps_games_separate (l1_gas: ~0, l1_data_gas: ~36192, l2_gas: ~972092127)
[PASS] world_native::tests::rule_storage::trooplimitconfig_packing_preserves_every_field (runs: 256, (l1_gas: {max: ~0, min: ~0, mean: ~0, std deviation: ~0}, l1_data_gas: {max: ~0, min: ~0, mean: ~0, std deviation: ~0}, l2_gas: {max: ~908530, min: ~848480, mean: ~882778, std deviation: ~10861}))
Running 23 test(s) from tests/
[PASS] world_native_tests::test_conformance::cross_language_context_boundaries (l1_gas: ~0, l1_data_gas: ~0, l2_gas: ~1362704)
[PASS] world_native_tests::test_conformance::authority_rejects_multicalls_callbacks_and_foreign_targets (l1_gas: ~0, l1_data_gas: ~35296, l2_gas: ~74701860)
[PASS] world_native_tests::test_conformance::outage_recovery_consumes_the_accepted_prefix_before_fresh_work (l1_gas: ~0, l1_data_gas: ~36736, l2_gas: ~100797361)
[PASS] world_native_tests::test_conformance::delayed_execution_uses_recorded_time_after_intent_expiry_and_rejects_duplicate (l1_gas: ~0, l1_data_gas: ~36640, l2_gas: ~109334948)
[PASS] world_native_tests::test_conformance::fixture::exploration_fixture_runs_the_real_domain (l1_gas: ~0, l1_data_gas: ~35680, l2_gas: ~95976754)
[PASS] world_native_tests::test_conformance::fixture::settlement::cosmetic_snapshot_identity_is_bound_to_the_signed_command (l1_gas: ~0, l1_data_gas: ~70720, l2_gas: ~208124126)
[PASS] world_native_tests::test_conformance::fixture::settlement::delayed_provisioning_starts_labor_once_without_regranting_starting_troops (l1_gas: ~0, l1_data_gas: ~76288, l2_gas: ~295059112)
[PASS] world_native_tests::test_conformance::fixture::settlement::rejected_settlement_rolls_back_entry_and_leaves_later_ticket_executable (l1_gas: ~0, l1_data_gas: ~73600, l2_gas: ~249791246)
[PASS] world_native_tests::test_conformance::pending_binding_survives_authority_credential_rotation (l1_gas: ~0, l1_data_gas: ~36640, l2_gas: ~109714559)
[PASS] world_native_tests::test_conformance::fixture::settlement::accepted_settlement_keeps_the_admitted_wallet_after_registry_rebinding (l1_gas: ~0, l1_data_gas: ~72832, l2_gas: ~234639176)
[PASS] world_native_tests::test_conformance::simulation_context_cannot_bypass_transaction_authorization (l1_gas: ~0, l1_data_gas: ~35296, l2_gas: ~119696882)
[PASS] world_native_tests::test_conformance::rejects_changed_signed_fields_and_foreign_identities (l1_gas: ~0, l1_data_gas: ~35296, l2_gas: ~126861426)
[PASS] world_native_tests::test_conformance::fixture::settlement::settlement_commands_reject_forged_domain_callers_before_mutating (l1_gas: ~0, l1_data_gas: ~72832, l2_gas: ~237774976)
[PASS] world_native_tests::test_conformance::stale_nonce_after_consumption_does_not_invalidate_the_next_action (l1_gas: ~0, l1_data_gas: ~37408, l2_gas: ~128581882)
[PASS] world_native_tests::test_conformance::fixture::settlement::accepted_settlement_keeps_recorded_cosmetics_and_time_after_game_end (l1_gas: ~0, l1_data_gas: ~145312, l2_gas: ~472496617)
[PASS] world_native_tests::test_conformance::malformed_transport_consumes_nothing_and_invalid_action_signature_is_terminal (l1_gas: ~0, l1_data_gas: ~107104, l2_gas: ~259590315)
[PASS] world_native_tests::test_conformance::losses_and_terminal_rejections_consume_the_original_nonce (l1_gas: ~0, l1_data_gas: ~72544, l2_gas: ~201338463)
[PASS] world_native_tests::test_conformance::fixture::accepted_malformed_commands_are_terminal_and_cannot_stall_the_stream (l1_gas: ~0, l1_data_gas: ~110368, l2_gas: ~342923337)
[PASS] world_native_tests::test_conformance::fixture::settlement::provisioning_accepts_stone_and_rejects_lords_without_partial_grants (l1_gas: ~0, l1_data_gas: ~143968, l2_gas: ~534911680)
[PASS] world_native_tests::test_conformance::fixture::settlement::reserved_hyperstructure_uses_recorded_time_after_an_outage (l1_gas: ~0, l1_data_gas: ~147040, l2_gas: ~636052443)
[PASS] world_native_tests::test_conformance::invalid_transport_is_non_consuming_and_invalid_acceptance_is_terminal (l1_gas: ~0, l1_data_gas: ~107104, l2_gas: ~282208467)
[PASS] world_native_tests::test_conformance::invalid_action_keys_and_nonces_cannot_block_a_valid_successor (l1_gas: ~0, l1_data_gas: ~220384, l2_gas: ~690851178)
[PASS] world_native_tests::test_conformance::accepted_execution_after_a_day_matches_immediate_execution (l1_gas: ~0, l1_data_gas: ~109216, l2_gas: ~435080994)
Tests: 70 passed, 0 failed, 0 ignored, 0 filtered out
Fuzzer seed: 10621014259600300517

