[2026-09-14 17:26:57:578] INFO No private key provided, auto-generating one for block signing
[2026-09-14 17:26:57:578] INFO 🥷  Madara Node
[2026-09-14 17:26:57:578] INFO 💁 Support URL: https://github.com/madara-alliance/madara/issues
[2026-09-14 17:26:57:578] INFO 🏷  Node Name: realms-randomness-rehearsal
[2026-09-14 17:26:57:578] INFO 👤 Role: Sequencer
[2026-09-14 17:26:57:578] INFO 🌐 Network: Realms Madara Lab (chain id `WP_REALMS_MADARA_LAB`)
[2026-09-14 17:26:57:580] INFO 💻 Operating system: Linux 12 Debian GNU/Linux
[2026-09-14 17:26:57:580] INFO 💻 CPU architecture: x86_64
[2026-09-14 17:26:57:580] INFO 💻 CPU: AMD Ryzen 7 5800H with Radeon Graphics
[2026-09-14 17:26:57:580] INFO 💻 CPU cores: 16
[2026-09-14 17:26:57:580] INFO 💻 Memory: 27899MiB
[2026-09-14 17:26:57:580] INFO 💻 Kernel: 7.2.4-200.fc44.x86_64
[2026-09-14 17:26:57:580] INFO 💾 Cairo-native directory initialized: /data/native_classes
[2026-09-14 17:26:57:580] INFO 🚀 Cairo native enabled - mode: Async (VM fallback enabled), memory_cache: 1000 classes, disk_cache: 10.0 GB, max_concurrent: 4
[2026-09-14 17:26:57:580] INFO 💾 Opening database at: /data
[2026-09-14 17:26:57:580] INFO 💾  Preconfirmed blocks will be saved to database
[2026-09-14 17:26:57:720] INFO 📝 Database write mode: WAL enabled, fsync enabled (safest)
[2026-09-14 17:26:57:720] INFO 💼 Starting chain with block: confirmed block: #3040

==== DEVNET PREDEPLOYED CONTRACTS ====

(#1) Address: 0x055be462e718c4166d656d11f89e341115b8bc82389c3762a10eade04fcb225d
  Private key: 0x077e56c6dc32d40a67f6f7e6625c8dc5e570abe49c0a24e9202e4ae906abcc07
  Balance: 9996 STRK, 10000 ETH

(#2) Address: 0x008a1719e7ca19f3d91e8ef50a48fc456575f645497a1d55f30e3781f786afe4
  Private key: 0x0514977443078cf1e0c36bc88b89ada9a46061a5cf728f40274caea21d76f174
  Balance: 10000 STRK, 10000 ETH

(#3) Address: 0x0733a8e2bcced14dcc2608462bd96524fb64eef061689b6d976708efc2c8ddfd
  Private key: 0x00177100ae65c71074126963e695e17adf5b360146f960378b5cdfd9ed69870b
  Balance: 10000 STRK, 10000 ETH

(#4) Address: 0x025073e0772b1e348a5da66ea67fb46f75ecdca1bd24dbbc98567cbf4a0e00b3
  Private key: 0x07ae55c8093920562c1cbab9edeb4eb52f788b93cac1d5721bda20c96100d743
  Balance: 10000 STRK, 10000 ETH

(#5) Address: 0x0294f066a54e07616fd0d50c935c2b5aa616d33631fec94b34af8bd4f6296f68
  Private key: 0x02ce1754eb64b7899c64dcdd0cff138864be2514e70e7761c417b728f2bf7457
  Balance: 10000 STRK, 10000 ETH

(#6) Address: 0x005d1d65ea82aa0107286e68537adf0371601789e26b1cd6e455a8e5be5c5665
  Private key: 0x037a683c3969bf18044c9d2bbe0b1739897c89cf25420342d6dfc36c30fc519d
  Balance: 10000 STRK, 10000 ETH

(#7) Address: 0x01d775883a0a6e5405a345f18d7639dcb54b212c362d5a99087f742fba668396
  Private key: 0x07b4a2263d9cc475816a03163df7efd58552f1720c8df0bd2a813663895ef022
  Balance: 10000 STRK, 10000 ETH

(#8) Address: 0x04add50f5bcc31a8418b43b1ddc8d703986094baf998f8e9625e13dbcc3df18b
  Private key: 0x064b37f84e667462b95dc56e3c5e93a703ef16d73de7b9c5bfd92b90f11f90e1
  Balance: 10000 STRK, 10000 ETH

(#9) Address: 0x03dbe3dd8c2f721bc24e87bcb739063a10ee738cef090bc752bc0d5a29f10b72
  Private key: 0x0213d0d77d5ff9ffbeabdde0af7513e89aafd5e36ae99b8401283f6f57c57696
  Balance: 10000 STRK, 10000 ETH

(#10) Address: 0x07484e8e3af210b2ead47fa08c96f8d18b616169b350a8b75fe0dc4d2e01d493
  Private key: 0x0410c6eadd73918ea90b6658d24f5f2c828e39773819c1443d8602a3c72344c2
  Balance: 10000 STRK, 10000 ETH

[2026-09-14 17:26:57:768] INFO 🌐 Gateway endpoint started at 0.0.0.0:8080
[2026-09-14 17:26:57:769] INFO Running JSON-RPC (Admin) HTTP server at http://0.0.0.0:9943/rpc/v0.1.0/ (max_connections=100, max_request_size_mib=15, max_response_size_mib=15, allowed_origins=["*"], supported_versions=["/rpc/v0.1.0/"])
[2026-09-14 17:26:57:769] INFO Running JSON-RPC (Admin) WebSocket server at ws://0.0.0.0:9943/rpc/v0.1.0/ (max_connections=100, max_subscriptions_per_connection=1024, message_buffer_capacity_per_connection=64, ws_ping_interval_secs=30, ws_inactive_timeout_secs=3600, ws_max_ping_failures=3, allowed_origins=["*"], supported_versions=["/rpc/v0.1.0/"])
[2026-09-14 17:26:57:769] INFO Running JSON-RPC HTTP server at http://0.0.0.0:9944/rpc/v0.10.2/ (max_connections=100, max_request_size_mib=15, max_response_size_mib=15, allowed_origins=["*"], supported_versions=["/rpc/v0.7.1/", "/rpc/v0.8.1/", "/rpc/v0.9.0/", "/rpc/v0.10.0/", "/rpc/v0.10.2/"])
[2026-09-14 17:26:57:769] INFO Running JSON-RPC WebSocket server at ws://0.0.0.0:9944/rpc/v0.10.2/ (max_connections=100, max_subscriptions_per_connection=1024, message_buffer_capacity_per_connection=64, ws_ping_interval_secs=30, ws_inactive_timeout_secs=3600, ws_max_ping_failures=3, allowed_origins=["*"], supported_versions=["/rpc/v0.7.1/", "/rpc/v0.8.1/", "/rpc/v0.9.0/", "/rpc/v0.10.0/", "/rpc/v0.10.2/"])
[2026-09-14 17:26:57:769] WARN mc_mempool Could not re-add mempool transaction from db: Nonce mismatch: account nonce is Nonce(0x10)
[2026-09-14 17:26:57:769] WARN mc_mempool Could not re-add mempool transaction from db: Nonce mismatch: account nonce is Nonce(0x10)
[2026-09-14 17:26:57:769] WARN mc_mempool Could not re-add mempool transaction from db: Nonce mismatch: account nonce is Nonce(0x10)
[2026-09-14 17:26:57:769] WARN mc_mempool Could not re-add mempool transaction from db: Nonce mismatch: account nonce is Nonce(0x10)
[2026-09-14 17:26:57:769] WARN mc_mempool Could not re-add mempool transaction from db: Nonce mismatch: account nonce is Nonce(0x10)
[2026-09-14 17:26:57:769] WARN mc_mempool Could not re-add mempool transaction from db: Nonce mismatch: account nonce is Nonce(0x10)
[2026-09-14 17:26:57:769] WARN mc_mempool Could not re-add mempool transaction from db: Nonce mismatch: account nonce is Nonce(0x10)
[2026-09-14 17:26:57:769] WARN mc_mempool Could not re-add mempool transaction from db: Nonce mismatch: account nonce is Nonce(0x10)
[2026-09-14 17:26:57:769] WARN mc_mempool Could not re-add mempool transaction from db: Nonce mismatch: account nonce is Nonce(0x10)
[2026-09-14 17:26:59:596] RPC starknet_V0_10_2_blockNumber 200 38 bytes - 42.000µs
[2026-09-14 17:26:59:772] INFO Block 3041 final weights: BouncerWeights { l1_gas: 0, message_segment_length: 0, n_events: 0, state_diff_size: 0, sierra_gas: GasAmount(0), n_txs: 0, proving_gas: GasAmount(0), receipt_l2_gas: GasAmount(0) }.
[2026-09-14 17:26:59:777] INFO Block hash 0x287716580991c2936583f8101cc996a29849ba542a991795df965746de15101 computed for #3041
{"timestamp":"2026-09-14T17:26:59.792945292Z","level":"INFO","target":"close_block","message":"close_block_complete","block_number":3041,"tx_count":0,"event_count":0,"close_block_total_ms":19.125418000000003,"block_close_ms":19.125418000000003,"close_preconfirmed_ms":19.1067,"block_production_ms":19.130098,"batches_executed":0,"txs_added_to_block":0,"txs_executed":0,"txs_reverted":0,"txs_rejected":0,"classes_declared":0,"l2_gas_consumed":0,"state_diff_len":1,"declared_classes":0,"deployed_contracts":0,"storage_diffs":1,"nonce_updates":0,"consumed_l1_nonces":0,"bouncer_l1_gas":0,"bouncer_sierra_gas":0,"bouncer_n_events":0,"bouncer_message_segment_length":0,"bouncer_state_diff_size":0,"get_full_block_ms":0.003772,"commitments_ms":0.10636899999999999,"merklization_ms":8.579022,"contract_trie_ms":1.148479,"class_trie_ms":0.117265,"contract_storage_trie_commit_ms":2.695057,"contract_trie_commit_ms":2.4840639999999996,"class_trie_commit_ms":2.146658,"block_hash_ms":0.067676,"db_write_ms":6.650409000000001}
[2026-09-14 17:26:59:792] INFO ⛏️  Closed block #3041 with 0 transactions - 19.125418ms
[2026-09-14 17:27:00:072] RPC starknet_V0_10_2_addInvokeTransaction 55 434 bytes - 4.958ms
[2026-09-14 17:27:00:487] RPC starknet_V0_10_2_chainId 200 78 bytes - 19.000µs
[2026-09-14 17:27:00:517] RPC starknet_V0_10_2_call 200 244 bytes - 4.305ms
[2026-09-14 17:27:00:518] RPC starknet_V0_10_2_call 200 245 bytes - 544.000µs
[2026-09-14 17:27:00:519] RPC starknet_V0_10_2_call 200 245 bytes - 463.000µs
[2026-09-14 17:27:00:519] RPC starknet_V0_10_2_call 200 245 bytes - 390.000µs
[2026-09-14 17:27:00:520] RPC starknet_V0_10_2_call 200 244 bytes - 390.000µs
[2026-09-14 17:27:00:520] RPC starknet_V0_10_2_call 200 244 bytes - 381.000µs
[2026-09-14 17:27:00:521] RPC starknet_V0_10_2_call 200 59 bytes - 378.000µs
[2026-09-14 17:27:00:521] RPC starknet_V0_10_2_call 200 59 bytes - 361.000µs
[2026-09-14 17:27:00:528] RPC starknet_V0_10_2_call 200 59 bytes - 512.000µs
[2026-09-14 17:27:00:530] RPC starknet_V0_10_2_getTransactionStatus 29 83 bytes - 31.000µs
[2026-09-14 17:27:00:530] RPC starknet_V0_10_2_getNonce 200 39 bytes - 45.000µs
[2026-09-14 17:27:00:542] INFO 🔖 Inserted 1 transaction to the mempool [1/10000 transaction(s), 1 account(s), 1 ready]
[2026-09-14 17:27:00:542] RPC starknet_V0_10_2_addInvokeTransaction 200 122 bytes - 1.764ms
[2026-09-14 17:27:00:543] RPC starknet_V0_10_2_call 200 59 bytes - 879.000µs
[2026-09-14 17:27:00:543] RPC starknet_V0_10_2_getTransactionStatus 200 88 bytes - 19.000µs
[2026-09-14 17:27:00:554] RPC starknet_V0_10_2_call 200 59 bytes - 536.000µs
[2026-09-14 17:27:00:554] RPC starknet_V0_10_2_getTransactionStatus 200 88 bytes - 18.000µs
{"timestamp":"2026-09-14T17:27:00.559547565Z","level":"INFO","target":"sequencer_randomness","message":"randomness_submission_checks","action":"0x6e4a600b650dc1b5264d090b70249f8b7ba4b079a28d56e72e9a24c7117137b","order":7,"transaction":"0x4b837013f709f417cc61024506815eb127f85fa8a8a1b362e45146eda63e620","checks_ms":17.068856}
{"timestamp":"2026-09-14T17:27:00.566211663Z","level":"INFO","target":"execution_measurement","message":"execution_batch_member","transaction":"0x4b837013f709f417cc61024506815eb127f85fa8a8a1b362e45146eda63e620","batch_count":1,"batch_execution_ms":6.562898000000001,"amortized_execution_ms":6.562898000000001,"l2_gas":4409255,"reverted":false}
[2026-09-14 17:27:00:566] RPC starknet_V0_10_2_call 200 59 bytes - 457.000µs
[2026-09-14 17:27:00:566] RPC starknet_V0_10_2_getTransactionStatus 200 88 bytes - 18.000µs
{"timestamp":"2026-09-14T17:27:00.567570645Z","level":"INFO","target":"execution_measurement","message":"preconfirmed_persistence","transaction":"0x4b837013f709f417cc61024506815eb127f85fa8a8a1b362e45146eda63e620","block_number":3042,"batch_count":1,"event_count":1,"batch_persistence_ms":1.275451}
[2026-09-14 17:27:00:567] INFO 🧮 Executed and added 1 transaction(s) to the preconfirmed block at height 3042 - 6.563ms
[2026-09-14 17:27:00:578] RPC starknet_V0_10_2_call 200 245 bytes - 502.000µs
[2026-09-14 17:27:01:636] RPC starknet_V0_10_2_blockNumber 200 38 bytes - 10.000µs
[2026-09-14 17:27:01:772] INFO Block 3042 final weights: BouncerWeights { l1_gas: 0, message_segment_length: 0, n_events: 1, state_diff_size: 26, sierra_gas: GasAmount(40837655), n_txs: 1, proving_gas: GasAmount(51353106), receipt_l2_gas: GasAmount(4409255) }.
[2026-09-14 17:27:01:776] INFO Block hash 0xb403173959d01a0cc5b0c529fd7348d613f057ad54ef144c49b86499423ab computed for #3042
{"timestamp":"2026-09-14T17:27:01.796123642Z","level":"INFO","target":"close_block","message":"close_block_complete","block_number":3042,"tx_count":1,"event_count":1,"close_block_total_ms":23.089431,"block_close_ms":23.089431,"close_preconfirmed_ms":23.079932,"block_production_ms":1235.126161,"batches_executed":1,"txs_added_to_block":1,"txs_executed":1,"txs_reverted":0,"txs_rejected":0,"classes_declared":0,"l2_gas_consumed":4409255,"state_diff_len":13,"declared_classes":0,"deployed_contracts":0,"storage_diffs":2,"nonce_updates":1,"consumed_l1_nonces":0,"bouncer_l1_gas":0,"bouncer_sierra_gas":40837655,"bouncer_n_events":1,"bouncer_message_segment_length":0,"bouncer_state_diff_size":26,"get_full_block_ms":0.016762,"commitments_ms":0.23285299999999998,"merklization_ms":10.098220999999999,"contract_trie_ms":1.065577,"class_trie_ms":0.023397,"contract_storage_trie_commit_ms":3.8248879999999996,"contract_trie_commit_ms":2.783127,"class_trie_commit_ms":2.321891,"block_hash_ms":0.06621,"db_write_ms":9.526705}
[2026-09-14 17:27:01:796] INFO ⛏️  Closed block #3042 with 1 transactions - 23.089431ms
[2026-09-14 17:27:03:675] RPC starknet_V0_10_2_blockNumber 200 38 bytes - 10.000µs
[2026-09-14 17:27:03:774] INFO Block 3043 final weights: BouncerWeights { l1_gas: 0, message_segment_length: 0, n_events: 0, state_diff_size: 0, sierra_gas: GasAmount(0), n_txs: 0, proving_gas: GasAmount(0), receipt_l2_gas: GasAmount(0) }.
[2026-09-14 17:27:03:781] INFO Block hash 0x4e5bfc1a2b8ace24ee04160f493748afd24c4c6b482efaf60703ccdd5c5fcab computed for #3043
{"timestamp":"2026-09-14T17:27:03.799864777Z","level":"INFO","target":"close_block","message":"close_block_complete","block_number":3043,"tx_count":0,"event_count":0,"close_block_total_ms":22.175690000000003,"block_close_ms":22.175690000000003,"close_preconfirmed_ms":22.168146999999998,"block_production_ms":22.182745,"batches_executed":0,"txs_added_to_block":0,"txs_executed":0,"txs_reverted":0,"txs_rejected":0,"classes_declared":0,"l2_gas_consumed":0,"state_diff_len":1,"declared_classes":0,"deployed_contracts":0,"storage_diffs":1,"nonce_updates":0,"consumed_l1_nonces":0,"bouncer_l1_gas":0,"bouncer_sierra_gas":0,"bouncer_n_events":0,"bouncer_message_segment_length":0,"bouncer_state_diff_size":0,"get_full_block_ms":0.0038410000000000002,"commitments_ms":0.092541,"merklization_ms":10.27548,"contract_trie_ms":1.0373610000000002,"class_trie_ms":0.083391,"contract_storage_trie_commit_ms":3.353037,"contract_trie_commit_ms":3.1997340000000003,"class_trie_commit_ms":2.498662,"block_hash_ms":0.123481,"db_write_ms":7.435013}
[2026-09-14 17:27:03:799] INFO ⛏️  Closed block #3043 with 0 transactions - 22.17569ms
[2026-09-14 17:27:05:716] RPC starknet_V0_10_2_blockNumber 200 38 bytes - 10.000µs
[2026-09-14 17:27:05:776] INFO Block 3044 final weights: BouncerWeights { l1_gas: 0, message_segment_length: 0, n_events: 0, state_diff_size: 0, sierra_gas: GasAmount(0), n_txs: 0, proving_gas: GasAmount(0), receipt_l2_gas: GasAmount(0) }.
[2026-09-14 17:27:05:782] INFO Block hash 0x30116e163600bc9de37e33269d129194d1fa043e8a989ed61430a3802396dbc computed for #3044
{"timestamp":"2026-09-14T17:27:05.800820341Z","level":"INFO","target":"close_block","message":"close_block_complete","block_number":3044,"tx_count":0,"event_count":0,"close_block_total_ms":22.018477,"block_close_ms":22.018477,"close_preconfirmed_ms":22.011352000000002,"block_production_ms":22.023714,"batches_executed":0,"txs_added_to_block":0,"txs_executed":0,"txs_reverted":0,"txs_rejected":0,"classes_declared":0,"l2_gas_consumed":0,"state_diff_len":1,"declared_classes":0,"deployed_contracts":0,"storage_diffs":1,"nonce_updates":0,"consumed_l1_nonces":0,"bouncer_l1_gas":0,"bouncer_sierra_gas":0,"bouncer_n_events":0,"bouncer_message_segment_length":0,"bouncer_state_diff_size":0,"get_full_block_ms":0.00475,"commitments_ms":0.127881,"merklization_ms":9.938423,"contract_trie_ms":0.9944769999999999,"class_trie_ms":0.058178,"contract_storage_trie_commit_ms":3.2697149999999997,"contract_trie_commit_ms":3.0687800000000003,"class_trie_commit_ms":2.4638809999999998,"block_hash_ms":0.095404,"db_write_ms":7.551439}
[2026-09-14 17:27:05:800] INFO ⛏️  Closed block #3044 with 0 transactions - 22.018477ms
[2026-09-14 17:27:07:755] RPC starknet_V0_10_2_blockNumber 200 38 bytes - 10.000µs
[2026-09-14 17:27:07:777] INFO Block 3045 final weights: BouncerWeights { l1_gas: 0, message_segment_length: 0, n_events: 0, state_diff_size: 0, sierra_gas: GasAmount(0), n_txs: 0, proving_gas: GasAmount(0), receipt_l2_gas: GasAmount(0) }.
[2026-09-14 17:27:07:783] INFO Block hash 0x66ba451d016f9c265bc331bf1b7900b72769dcd958012f9d11d6b1ed22457d6 computed for #3045
{"timestamp":"2026-09-14T17:27:07.802944289Z","level":"INFO","target":"close_block","message":"close_block_complete","block_number":3045,"tx_count":0,"event_count":0,"close_block_total_ms":23.144746,"block_close_ms":23.144746,"close_preconfirmed_ms":23.138181,"block_production_ms":23.150471999999997,"batches_executed":0,"txs_added_to_block":0,"txs_executed":0,"txs_reverted":0,"txs_rejected":0,"classes_declared":0,"l2_gas_consumed":0,"state_diff_len":1,"declared_classes":0,"deployed_contracts":0,"storage_diffs":1,"nonce_updates":0,"consumed_l1_nonces":0,"bouncer_l1_gas":0,"bouncer_sierra_gas":0,"bouncer_n_events":0,"bouncer_message_segment_length":0,"bouncer_state_diff_size":0,"get_full_block_ms":0.003771,"commitments_ms":0.10629999999999999,"merklization_ms":10.603458,"contract_trie_ms":0.997272,"class_trie_ms":0.024794,"contract_storage_trie_commit_ms":3.768805,"contract_trie_commit_ms":3.106495,"class_trie_commit_ms":2.583729,"block_hash_ms":0.096661,"db_write_ms":7.896039000000001}
[2026-09-14 17:27:07:802] INFO ⛏️  Closed block #3045 with 0 transactions - 23.144746ms
[2026-09-14 17:27:09:779] INFO Block 3046 final weights: BouncerWeights { l1_gas: 0, message_segment_length: 0, n_events: 0, state_diff_size: 0, sierra_gas: GasAmount(0), n_txs: 0, proving_gas: GasAmount(0), receipt_l2_gas: GasAmount(0) }.
[2026-09-14 17:27:09:784] INFO Block hash 0x6745f54b47018b6f8fe4fc9c0be1f7b000185e4ff2a7906d7a033eae80683a4 computed for #3046
[2026-09-14 17:27:09:792] RPC starknet_V0_10_2_blockNumber 200 38 bytes - 10.000µs
{"timestamp":"2026-09-14T17:27:09.802115813Z","level":"INFO","target":"close_block","message":"close_block_complete","block_number":3046,"tx_count":0,"event_count":0,"close_block_total_ms":20.870696000000002,"block_close_ms":20.870696000000002,"close_preconfirmed_ms":20.86441,"block_production_ms":20.875026000000002,"batches_executed":0,"txs_added_to_block":0,"txs_executed":0,"txs_reverted":0,"txs_rejected":0,"classes_declared":0,"l2_gas_consumed":0,"state_diff_len":1,"declared_classes":0,"deployed_contracts":0,"storage_diffs":1,"nonce_updates":0,"consumed_l1_nonces":0,"bouncer_l1_gas":0,"bouncer_sierra_gas":0,"bouncer_n_events":0,"bouncer_message_segment_length":0,"bouncer_state_diff_size":0,"get_full_block_ms":0.0029330000000000003,"commitments_ms":0.086255,"merklization_ms":9.233718999999999,"contract_trie_ms":0.714971,"class_trie_ms":0.022838,"contract_storage_trie_commit_ms":3.1279369999999997,"contract_trie_commit_ms":2.89222,"class_trie_commit_ms":2.386425,"block_hash_ms":0.069353,"db_write_ms":7.443044}
[2026-09-14 17:27:09:802] INFO ⛏️  Closed block #3046 with 0 transactions - 20.870696ms
[2026-09-14 17:27:11:780] INFO Block 3047 final weights: BouncerWeights { l1_gas: 0, message_segment_length: 0, n_events: 0, state_diff_size: 0, sierra_gas: GasAmount(0), n_txs: 0, proving_gas: GasAmount(0), receipt_l2_gas: GasAmount(0) }.
[2026-09-14 17:27:11:786] INFO Block hash 0xb3af48e91d76c21d73942a1f41eabe7c214e0e203c7dbb5de6594abed245d2 computed for #3047
{"timestamp":"2026-09-14T17:27:11.805488951Z","level":"INFO","target":"close_block","message":"close_block_complete","block_number":3047,"tx_count":0,"event_count":0,"close_block_total_ms":22.903443,"block_close_ms":22.903443,"close_preconfirmed_ms":22.896388,"block_production_ms":22.910147,"batches_executed":0,"txs_added_to_block":0,"txs_executed":0,"txs_reverted":0,"txs_rejected":0,"classes_declared":0,"l2_gas_consumed":0,"state_diff_len":1,"declared_classes":0,"deployed_contracts":0,"storage_diffs":1,"nonce_updates":0,"consumed_l1_nonces":0,"bouncer_l1_gas":0,"bouncer_sierra_gas":0,"bouncer_n_events":0,"bouncer_message_segment_length":0,"bouncer_state_diff_size":0,"get_full_block_ms":0.003911,"commitments_ms":0.092541,"merklization_ms":10.223586999999998,"contract_trie_ms":1.0293290000000002,"class_trie_ms":0.02668,"contract_storage_trie_commit_ms":3.4246939999999997,"contract_trie_commit_ms":3.077999,"class_trie_commit_ms":2.549436,"block_hash_ms":0.096032,"db_write_ms":7.872222}
[2026-09-14 17:27:11:805] INFO ⛏️  Closed block #3047 with 0 transactions - 22.903443ms
[2026-09-14 17:27:11:831] RPC starknet_V0_10_2_blockNumber 200 38 bytes - 10.000µs
[2026-09-14 17:27:13:781] INFO Block 3048 final weights: BouncerWeights { l1_gas: 0, message_segment_length: 0, n_events: 0, state_diff_size: 0, sierra_gas: GasAmount(0), n_txs: 0, proving_gas: GasAmount(0), receipt_l2_gas: GasAmount(0) }.
[2026-09-14 17:27:13:787] INFO Block hash 0x6f8f30c425db68a8b715b263c6f162cefb84c127c917a05f9aebbc24665e720 computed for #3048
{"timestamp":"2026-09-14T17:27:13.806546763Z","level":"INFO","target":"close_block","message":"close_block_complete","block_number":3048,"tx_count":0,"event_count":0,"close_block_total_ms":22.826127000000003,"block_close_ms":22.826127000000003,"close_preconfirmed_ms":22.819632,"block_production_ms":22.831785,"batches_executed":0,"txs_added_to_block":0,"txs_executed":0,"txs_reverted":0,"txs_rejected":0,"classes_declared":0,"l2_gas_consumed":0,"state_diff_len":1,"declared_classes":0,"deployed_contracts":0,"storage_diffs":1,"nonce_updates":0,"consumed_l1_nonces":0,"bouncer_l1_gas":0,"bouncer_sierra_gas":0,"bouncer_n_events":0,"bouncer_message_segment_length":0,"bouncer_state_diff_size":0,"get_full_block_ms":0.003353,"commitments_ms":0.091283,"merklization_ms":10.129999000000002,"contract_trie_ms":1.0118690000000001,"class_trie_ms":0.042604,"contract_storage_trie_commit_ms":3.3586240000000003,"contract_trie_commit_ms":3.016887,"class_trie_commit_ms":2.583799,"block_hash_ms":0.10902300000000001,"db_write_ms":7.872781000000001}
[2026-09-14 17:27:13:806] INFO ⛏️  Closed block #3048 with 0 transactions - 22.826127ms
[2026-09-14 17:27:13:867] RPC starknet_V0_10_2_blockNumber 200 38 bytes - 10.000µs
[2026-09-14 17:27:15:783] INFO Block 3049 final weights: BouncerWeights { l1_gas: 0, message_segment_length: 0, n_events: 0, state_diff_size: 0, sierra_gas: GasAmount(0), n_txs: 0, proving_gas: GasAmount(0), receipt_l2_gas: GasAmount(0) }.
[2026-09-14 17:27:15:792] INFO Block hash 0x5e69a6bb7f979670a045304f7120f66c13aa74850fb525a25b99e89edd19d47 computed for #3049
{"timestamp":"2026-09-14T17:27:15.814425399Z","level":"INFO","target":"close_block","message":"close_block_complete","block_number":3049,"tx_count":0,"event_count":0,"close_block_total_ms":29.447551999999998,"block_close_ms":29.447551999999998,"close_preconfirmed_ms":29.440359,"block_production_ms":29.453768,"batches_executed":0,"txs_added_to_block":0,"txs_executed":0,"txs_reverted":0,"txs_rejected":0,"classes_declared":0,"l2_gas_consumed":0,"state_diff_len":1,"declared_classes":0,"deployed_contracts":0,"storage_diffs":1,"nonce_updates":0,"consumed_l1_nonces":0,"bouncer_l1_gas":0,"bouncer_sierra_gas":0,"bouncer_n_events":0,"bouncer_message_segment_length":0,"bouncer_state_diff_size":0,"get_full_block_ms":0.00433,"commitments_ms":0.13207,"merklization_ms":13.519494,"contract_trie_ms":1.165381,"class_trie_ms":0.02668,"contract_storage_trie_commit_ms":3.350801,"contract_trie_commit_ms":5.53713,"class_trie_commit_ms":3.318255,"block_hash_ms":0.09708,"db_write_ms":8.243083}
[2026-09-14 17:27:15:814] INFO ⛏️  Closed block #3049 with 0 transactions - 29.447552ms
[2026-09-14 17:27:15:907] RPC starknet_V0_10_2_blockNumber 200 38 bytes - 9.000µs
[2026-09-14 17:27:17:784] INFO Block 3050 final weights: BouncerWeights { l1_gas: 0, message_segment_length: 0, n_events: 0, state_diff_size: 0, sierra_gas: GasAmount(0), n_txs: 0, proving_gas: GasAmount(0), receipt_l2_gas: GasAmount(0) }.
[2026-09-14 17:27:17:791] INFO Block hash 0x469bccdf2c8def84c7608bd30323ed3e2f8cab6696328c062b0d79a8803c9be computed for #3050
{"timestamp":"2026-09-14T17:27:17.819217235Z","level":"INFO","target":"close_block","message":"close_block_complete","block_number":3050,"tx_count":0,"event_count":0,"close_block_total_ms":32.436853,"block_close_ms":32.436853,"close_preconfirmed_ms":32.429589,"block_production_ms":32.441671,"batches_executed":0,"txs_added_to_block":0,"txs_executed":0,"txs_reverted":0,"txs_rejected":0,"classes_declared":0,"l2_gas_consumed":0,"state_diff_len":1,"declared_classes":0,"deployed_contracts":0,"storage_diffs":1,"nonce_updates":0,"consumed_l1_nonces":0,"bouncer_l1_gas":0,"bouncer_sierra_gas":0,"bouncer_n_events":0,"bouncer_message_segment_length":0,"bouncer_state_diff_size":0,"get_full_block_ms":0.0029330000000000003,"commitments_ms":0.097849,"merklization_ms":12.908238,"contract_trie_ms":0.755898,"class_trie_ms":0.020603,"contract_storage_trie_commit_ms":4.265869,"contract_trie_commit_ms":4.032877,"class_trie_commit_ms":3.7266209999999997,"block_hash_ms":0.068235,"db_write_ms":12.080751000000001}
[2026-09-14 17:27:17:819] INFO ⛏️  Closed block #3050 with 0 transactions - 32.436853ms
[2026-09-14 17:27:17:944] RPC starknet_V0_10_2_blockNumber 200 38 bytes - 10.000µs
[2026-09-14 17:27:19:786] INFO Block 3051 final weights: BouncerWeights { l1_gas: 0, message_segment_length: 0, n_events: 0, state_diff_size: 0, sierra_gas: GasAmount(0), n_txs: 0, proving_gas: GasAmount(0), receipt_l2_gas: GasAmount(0) }.
[2026-09-14 17:27:19:791] INFO Block hash 0x70e40acd16471d9bf2d043a17ddb66c5dba35537724c48c0407b27f9fe10c5a computed for #3051
{"timestamp":"2026-09-14T17:27:19.810093295Z","level":"INFO","target":"close_block","message":"close_block_complete","block_number":3051,"tx_count":0,"event_count":0,"close_block_total_ms":22.111715,"block_close_ms":22.111715,"close_preconfirmed_ms":22.103055,"block_production_ms":22.11849,"batches_executed":0,"txs_added_to_block":0,"txs_executed":0,"txs_reverted":0,"txs_rejected":0,"classes_declared":0,"l2_gas_consumed":0,"state_diff_len":1,"declared_classes":0,"deployed_contracts":0,"storage_diffs":1,"nonce_updates":0,"consumed_l1_nonces":0,"bouncer_l1_gas":0,"bouncer_sierra_gas":0,"bouncer_n_events":0,"bouncer_message_segment_length":0,"bouncer_state_diff_size":0,"get_full_block_ms":0.0038410000000000002,"commitments_ms":0.115519,"merklization_ms":9.788613,"contract_trie_ms":0.872185,"class_trie_ms":0.026819,"contract_storage_trie_commit_ms":3.07339,"contract_trie_commit_ms":3.0383989999999996,"class_trie_commit_ms":2.659507,"block_hash_ms":0.096382,"db_write_ms":7.895271}
[2026-09-14 17:27:19:810] INFO ⛏️  Closed block #3051 with 0 transactions - 22.111715ms
[2026-09-14 17:27:19:979] RPC starknet_V0_10_2_blockNumber 200 38 bytes - 10.000µs
[2026-09-14 17:27:21:787] INFO Block 3052 final weights: BouncerWeights { l1_gas: 0, message_segment_length: 0, n_events: 0, state_diff_size: 0, sierra_gas: GasAmount(0), n_txs: 0, proving_gas: GasAmount(0), receipt_l2_gas: GasAmount(0) }.
[2026-09-14 17:27:21:793] INFO Block hash 0x129bb725033a6d6cf1d1db452552d2e5986c9414588f91b612c41953508b571 computed for #3052
{"timestamp":"2026-09-14T17:27:21.812210957Z","level":"INFO","target":"close_block","message":"close_block_complete","block_number":3052,"tx_count":0,"event_count":0,"close_block_total_ms":22.766971,"block_close_ms":22.766971,"close_preconfirmed_ms":22.759289,"block_production_ms":22.772698000000002,"batches_executed":0,"txs_added_to_block":0,"txs_executed":0,"txs_reverted":0,"txs_rejected":0,"classes_declared":0,"l2_gas_consumed":0,"state_diff_len":1,"declared_classes":0,"deployed_contracts":0,"storage_diffs":1,"nonce_updates":0,"consumed_l1_nonces":0,"bouncer_l1_gas":0,"bouncer_sierra_gas":0,"bouncer_n_events":0,"bouncer_message_segment_length":0,"bouncer_state_diff_size":0,"get_full_block_ms":0.0028640000000000002,"commitments_ms":0.13025499999999998,"merklization_ms":9.999674,"contract_trie_ms":0.8712770000000001,"class_trie_ms":0.024305,"contract_storage_trie_commit_ms":3.229347,"contract_trie_commit_ms":3.028552,"class_trie_commit_ms":2.713216,"block_hash_ms":0.108534,"db_write_ms":8.167793}
[2026-09-14 17:27:21:812] INFO ⛏️  Closed block #3052 with 0 transactions - 22.766971ms
[2026-09-14 17:27:22:019] RPC starknet_V0_10_2_blockNumber 200 38 bytes - 11.000µs
[2026-09-14 17:27:23:789] INFO Block 3053 final weights: BouncerWeights { l1_gas: 0, message_segment_length: 0, n_events: 0, state_diff_size: 0, sierra_gas: GasAmount(0), n_txs: 0, proving_gas: GasAmount(0), receipt_l2_gas: GasAmount(0) }.
[2026-09-14 17:27:23:796] INFO Block hash 0x7f2fcf4a0051af8d1714b9634711495e72900a71b4c5124ad80c04f74bf6f06 computed for #3053
{"timestamp":"2026-09-14T17:27:23.81440314Z","level":"INFO","target":"close_block","message":"close_block_complete","block_number":3053,"tx_count":0,"event_count":0,"close_block_total_ms":22.426004,"block_close_ms":22.426004,"close_preconfirmed_ms":22.419228999999998,"block_production_ms":22.432638,"batches_executed":0,"txs_added_to_block":0,"txs_executed":0,"txs_reverted":0,"txs_rejected":0,"classes_declared":0,"l2_gas_consumed":0,"state_diff_len":1,"declared_classes":0,"deployed_contracts":0,"storage_diffs":1,"nonce_updates":0,"consumed_l1_nonces":0,"bouncer_l1_gas":0,"bouncer_sierra_gas":0,"bouncer_n_events":0,"bouncer_message_segment_length":0,"bouncer_state_diff_size":0,"get_full_block_ms":0.004261,"commitments_ms":0.130953,"merklization_ms":10.056595999999999,"contract_trie_ms":0.9694740000000001,"class_trie_ms":0.025842,"contract_storage_trie_commit_ms":3.445018,"contract_trie_commit_ms":3.011719,"class_trie_commit_ms":2.484972,"block_hash_ms":0.09610199999999999,"db_write_ms":7.675477}
[2026-09-14 17:27:23:814] INFO ⛏️  Closed block #3053 with 0 transactions - 22.426004ms
[2026-09-14 17:27:24:059] RPC starknet_V0_10_2_blockNumber 200 38 bytes - 10.000µs
[2026-09-14 17:27:25:790] INFO Block 3054 final weights: BouncerWeights { l1_gas: 0, message_segment_length: 0, n_events: 0, state_diff_size: 0, sierra_gas: GasAmount(0), n_txs: 0, proving_gas: GasAmount(0), receipt_l2_gas: GasAmount(0) }.
[2026-09-14 17:27:25:796] INFO Block hash 0x33284cdb0d8076045ead874b9785e8f1a64aada83c3afee3c3323d9b07594cc computed for #3054
{"timestamp":"2026-09-14T17:27:25.813243404Z","level":"INFO","target":"close_block","message":"close_block_complete","block_number":3054,"tx_count":0,"event_count":0,"close_block_total_ms":20.640008,"block_close_ms":20.640008,"close_preconfirmed_ms":20.633792000000003,"block_production_ms":20.647132,"batches_executed":0,"txs_added_to_block":0,"txs_executed":0,"txs_reverted":0,"txs_rejected":0,"classes_declared":0,"l2_gas_consumed":0,"state_diff_len":1,"declared_classes":0,"deployed_contracts":0,"storage_diffs":1,"nonce_updates":0,"consumed_l1_nonces":0,"bouncer_l1_gas":0,"bouncer_sierra_gas":0,"bouncer_n_events":0,"bouncer_message_segment_length":0,"bouncer_state_diff_size":0,"get_full_block_ms":0.003352,"commitments_ms":0.082134,"merklization_ms":9.249782999999999,"contract_trie_ms":0.798153,"class_trie_ms":0.025772,"contract_storage_trie_commit_ms":3.014793,"contract_trie_commit_ms":2.839909,"class_trie_commit_ms":2.468211,"block_hash_ms":0.084439,"db_write_ms":7.2712330000000005}
[2026-09-14 17:27:25:813] INFO ⛏️  Closed block #3054 with 0 transactions - 20.640008ms
[2026-09-14 17:27:26:096] RPC starknet_V0_10_2_blockNumber 200 38 bytes - 11.000µs
[2026-09-14 17:27:27:792] INFO Block 3055 final weights: BouncerWeights { l1_gas: 0, message_segment_length: 0, n_events: 0, state_diff_size: 0, sierra_gas: GasAmount(0), n_txs: 0, proving_gas: GasAmount(0), receipt_l2_gas: GasAmount(0) }.
[2026-09-14 17:27:27:799] INFO Block hash 0x6ffea4f9909702b14166e8ab09f1ee3a7f4032a335da6d0ac9e5f4371e1d28e computed for #3055
{"timestamp":"2026-09-14T17:27:27.818018198Z","level":"INFO","target":"close_block","message":"close_block_complete","block_number":3055,"tx_count":0,"event_count":0,"close_block_total_ms":23.197685999999997,"block_close_ms":23.197685999999997,"close_preconfirmed_ms":23.190912,"block_production_ms":23.203343,"batches_executed":0,"txs_added_to_block":0,"txs_executed":0,"txs_reverted":0,"txs_rejected":0,"classes_declared":0,"l2_gas_consumed":0,"state_diff_len":1,"declared_classes":0,"deployed_contracts":0,"storage_diffs":1,"nonce_updates":0,"consumed_l1_nonces":0,"bouncer_l1_gas":0,"bouncer_sierra_gas":0,"bouncer_n_events":0,"bouncer_message_segment_length":0,"bouncer_state_diff_size":0,"get_full_block_ms":0.003352,"commitments_ms":0.12438799999999998,"merklization_ms":10.200539999999998,"contract_trie_ms":1.144987,"class_trie_ms":0.049867,"contract_storage_trie_commit_ms":3.336833,"contract_trie_commit_ms":3.008157,"class_trie_commit_ms":2.5508330000000004,"block_hash_ms":0.110071,"db_write_ms":7.970629999999999}
[2026-09-14 17:27:27:818] INFO ⛏️  Closed block #3055 with 0 transactions - 23.197686ms
[2026-09-14 17:27:28:132] RPC starknet_V0_10_2_blockNumber 200 38 bytes - 10.000µs
[2026-09-14 17:27:29:793] INFO Block 3056 final weights: BouncerWeights { l1_gas: 0, message_segment_length: 0, n_events: 0, state_diff_size: 0, sierra_gas: GasAmount(0), n_txs: 0, proving_gas: GasAmount(0), receipt_l2_gas: GasAmount(0) }.
[2026-09-14 17:27:29:799] INFO Block hash 0x347fa7a841695c94d705b2d8e729338093cb63062c5b900b6016cdc538fede4 computed for #3056
{"timestamp":"2026-09-14T17:27:29.817236516Z","level":"INFO","target":"close_block","message":"close_block_complete","block_number":3056,"tx_count":0,"event_count":0,"close_block_total_ms":21.470288,"block_close_ms":21.470288,"close_preconfirmed_ms":21.464212,"block_production_ms":21.476364,"batches_executed":0,"txs_added_to_block":0,"txs_executed":0,"txs_reverted":0,"txs_rejected":0,"classes_declared":0,"l2_gas_consumed":0,"state_diff_len":1,"declared_classes":0,"deployed_contracts":0,"storage_diffs":1,"nonce_updates":0,"consumed_l1_nonces":0,"bouncer_l1_gas":0,"bouncer_sierra_gas":0,"bouncer_n_events":0,"bouncer_message_segment_length":0,"bouncer_state_diff_size":0,"get_full_block_ms":0.0032830000000000003,"commitments_ms":0.087721,"merklization_ms":9.362577,"contract_trie_ms":0.836356,"class_trie_ms":0.026191,"contract_storage_trie_commit_ms":2.9868550000000003,"contract_trie_commit_ms":2.886214,"class_trie_commit_ms":2.4972649999999996,"block_hash_ms":0.109512,"db_write_ms":7.388218999999999}
[2026-09-14 17:27:29:817] INFO ⛏️  Closed block #3056 with 0 transactions - 21.470288ms
[2026-09-14 17:27:30:169] RPC starknet_V0_10_2_blockNumber 200 38 bytes - 10.000µs
[2026-09-14 17:27:31:795] INFO Block 3057 final weights: BouncerWeights { l1_gas: 0, message_segment_length: 0, n_events: 0, state_diff_size: 0, sierra_gas: GasAmount(0), n_txs: 0, proving_gas: GasAmount(0), receipt_l2_gas: GasAmount(0) }.
[2026-09-14 17:27:31:801] INFO Block hash 0x28ee5cabca76de1bbd04985318c41166c71f8e255779eef3c67d1b2647e8a39 computed for #3057
{"timestamp":"2026-09-14T17:27:31.817550094Z","level":"INFO","target":"close_block","message":"close_block_complete","block_number":3057,"tx_count":0,"event_count":0,"close_block_total_ms":19.982587,"block_close_ms":19.982587,"close_preconfirmed_ms":19.975952000000003,"block_production_ms":19.989711,"batches_executed":0,"txs_added_to_block":0,"txs_executed":0,"txs_reverted":0,"txs_rejected":0,"classes_declared":0,"l2_gas_consumed":0,"state_diff_len":1,"declared_classes":0,"deployed_contracts":0,"storage_diffs":1,"nonce_updates":0,"consumed_l1_nonces":0,"bouncer_l1_gas":0,"bouncer_sierra_gas":0,"bouncer_n_events":0,"bouncer_message_segment_length":0,"bouncer_state_diff_size":0,"get_full_block_ms":0.003353,"commitments_ms":0.090305,"merklization_ms":8.935145,"contract_trie_ms":1.028351,"class_trie_ms":0.027728,"contract_storage_trie_commit_ms":2.8919409999999997,"contract_trie_commit_ms":2.6530120000000004,"class_trie_commit_ms":2.220341,"block_hash_ms":0.09582299999999999,"db_write_ms":6.807065000000001}
[2026-09-14 17:27:31:817] INFO ⛏️  Closed block #3057 with 0 transactions - 19.982587ms
[2026-09-14 17:27:32:208] RPC starknet_V0_10_2_blockNumber 200 38 bytes - 10.000µs
[2026-09-14 17:27:33:797] INFO Block 3058 final weights: BouncerWeights { l1_gas: 0, message_segment_length: 0, n_events: 0, state_diff_size: 0, sierra_gas: GasAmount(0), n_txs: 0, proving_gas: GasAmount(0), receipt_l2_gas: GasAmount(0) }.
[2026-09-14 17:27:33:802] INFO Block hash 0x1b00f6df362d2731e563369ab5eaf35440a89592c4a8269ba735e766df77122 computed for #3058
{"timestamp":"2026-09-14T17:27:33.819561386Z","level":"INFO","target":"close_block","message":"close_block_complete","block_number":3058,"tx_count":0,"event_count":0,"close_block_total_ms":20.558084,"block_close_ms":20.558084,"close_preconfirmed_ms":20.551867,"block_production_ms":20.56423,"batches_executed":0,"txs_added_to_block":0,"txs_executed":0,"txs_reverted":0,"txs_rejected":0,"classes_declared":0,"l2_gas_consumed":0,"state_diff_len":1,"declared_classes":0,"deployed_contracts":0,"storage_diffs":1,"nonce_updates":0,"consumed_l1_nonces":0,"bouncer_l1_gas":0,"bouncer_sierra_gas":0,"bouncer_n_events":0,"bouncer_message_segment_length":0,"bouncer_state_diff_size":0,"get_full_block_ms":0.003771,"commitments_ms":0.118242,"merklization_ms":9.231344,"contract_trie_ms":0.9406990000000001,"class_trie_ms":0.027098999999999998,"contract_storage_trie_commit_ms":3.00697,"contract_trie_commit_ms":2.679971,"class_trie_commit_ms":2.456966,"block_hash_ms":0.096801,"db_write_ms":7.086221999999999}
[2026-09-14 17:27:33:819] INFO ⛏️  Closed block #3058 with 0 transactions - 20.558084ms
[2026-09-14 17:27:34:247] RPC starknet_V0_10_2_blockNumber 200 38 bytes - 10.000µs
[2026-09-14 17:27:35:798] INFO Block 3059 final weights: BouncerWeights { l1_gas: 0, message_segment_length: 0, n_events: 0, state_diff_size: 0, sierra_gas: GasAmount(0), n_txs: 0, proving_gas: GasAmount(0), receipt_l2_gas: GasAmount(0) }.
[2026-09-14 17:27:35:804] INFO Block hash 0xf2dab1e44d63c9204d7c3446a88214dd3a0b33871ba394199e5dc247636a2a computed for #3059
{"timestamp":"2026-09-14T17:27:35.821158866Z","level":"INFO","target":"close_block","message":"close_block_complete","block_number":3059,"tx_count":0,"event_count":0,"close_block_total_ms":20.553334,"block_close_ms":20.553334,"close_preconfirmed_ms":20.547189,"block_production_ms":20.55948,"batches_executed":0,"txs_added_to_block":0,"txs_executed":0,"txs_reverted":0,"txs_rejected":0,"classes_declared":0,"l2_gas_consumed":0,"state_diff_len":1,"declared_classes":0,"deployed_contracts":0,"storage_diffs":1,"nonce_updates":0,"consumed_l1_nonces":0,"bouncer_l1_gas":0,"bouncer_sierra_gas":0,"bouncer_n_events":0,"bouncer_message_segment_length":0,"bouncer_state_diff_size":0,"get_full_block_ms":0.004819,"commitments_ms":0.144573,"merklization_ms":9.141388000000001,"contract_trie_ms":1.0039770000000001,"class_trie_ms":0.037924,"contract_storage_trie_commit_ms":2.937618,"contract_trie_commit_ms":2.707977,"class_trie_commit_ms":2.346476,"block_hash_ms":0.097429,"db_write_ms":6.845547}
[2026-09-14 17:27:35:821] INFO ⛏️  Closed block #3059 with 0 transactions - 20.553334ms
[2026-09-14 17:27:36:288] RPC starknet_V0_10_2_blockNumber 200 38 bytes - 10.000µs
[2026-09-14 17:27:37:800] INFO Block 3060 final weights: BouncerWeights { l1_gas: 0, message_segment_length: 0, n_events: 0, state_diff_size: 0, sierra_gas: GasAmount(0), n_txs: 0, proving_gas: GasAmount(0), receipt_l2_gas: GasAmount(0) }.
[2026-09-14 17:27:37:808] INFO Block hash 0x38b09ce06afc0ad5b664922e31e1e39b68ed32e1233dd621cb758772abd86b1 computed for #3060
{"timestamp":"2026-09-14T17:27:37.825214569Z","level":"INFO","target":"close_block","message":"close_block_complete","block_number":3060,"tx_count":0,"event_count":0,"close_block_total_ms":20.358964,"block_close_ms":20.358964,"close_preconfirmed_ms":20.351352,"block_production_ms":20.366995999999997,"batches_executed":0,"txs_added_to_block":0,"txs_executed":0,"txs_reverted":0,"txs_rejected":0,"classes_declared":0,"l2_gas_consumed":0,"state_diff_len":1,"declared_classes":0,"deployed_contracts":0,"storage_diffs":1,"nonce_updates":0,"consumed_l1_nonces":0,"bouncer_l1_gas":0,"bouncer_sierra_gas":0,"bouncer_n_events":0,"bouncer_message_segment_length":0,"bouncer_state_diff_size":0,"get_full_block_ms":0.0032830000000000003,"commitments_ms":0.091562,"merklization_ms":9.047241,"contract_trie_ms":0.9916149999999999,"class_trie_ms":0.034781,"contract_storage_trie_commit_ms":2.930913,"contract_trie_commit_ms":2.691984,"class_trie_commit_ms":2.288926,"block_hash_ms":0.095753,"db_write_ms":6.9875359999999995}
[2026-09-14 17:27:37:825] INFO ⛏️  Closed block #3060 with 0 transactions - 20.358964ms
[2026-09-14 17:27:38:325] RPC starknet_V0_10_2_blockNumber 200 38 bytes - 10.000µs
[2026-09-14 17:27:39:800] INFO Block 3061 final weights: BouncerWeights { l1_gas: 0, message_segment_length: 0, n_events: 0, state_diff_size: 0, sierra_gas: GasAmount(0), n_txs: 0, proving_gas: GasAmount(0), receipt_l2_gas: GasAmount(0) }.
[2026-09-14 17:27:39:807] INFO Block hash 0x56dc8df422ba0e02fa3a4a1811d90d0532f27a35b483caa7cd9e8985d605db9 computed for #3061
{"timestamp":"2026-09-14T17:27:39.824452652Z","level":"INFO","target":"close_block","message":"close_block_complete","block_number":3061,"tx_count":0,"event_count":0,"close_block_total_ms":20.614446,"block_close_ms":20.614446,"close_preconfirmed_ms":20.606833,"block_production_ms":20.619614000000002,"batches_executed":0,"txs_added_to_block":0,"txs_executed":0,"txs_reverted":0,"txs_rejected":0,"classes_declared":0,"l2_gas_consumed":0,"state_diff_len":1,"declared_classes":0,"deployed_contracts":0,"storage_diffs":1,"nonce_updates":0,"consumed_l1_nonces":0,"bouncer_l1_gas":0,"bouncer_sierra_gas":0,"bouncer_n_events":0,"bouncer_message_segment_length":0,"bouncer_state_diff_size":0,"get_full_block_ms":0.0028640000000000002,"commitments_ms":0.0924,"merklization_ms":9.378781,"contract_trie_ms":1.0178749999999999,"class_trie_ms":0.030521000000000003,"contract_storage_trie_commit_ms":3.222781,"contract_trie_commit_ms":2.7442249999999997,"class_trie_commit_ms":2.236545,"block_hash_ms":0.10162,"db_write_ms":6.937320000000001}
[2026-09-14 17:27:39:824] INFO ⛏️  Closed block #3061 with 0 transactions - 20.614446ms
[2026-09-14 17:27:40:367] RPC starknet_V0_10_2_blockNumber 200 38 bytes - 10.000µs
[2026-09-14 17:27:41:802] INFO Block 3062 final weights: BouncerWeights { l1_gas: 0, message_segment_length: 0, n_events: 0, state_diff_size: 0, sierra_gas: GasAmount(0), n_txs: 0, proving_gas: GasAmount(0), receipt_l2_gas: GasAmount(0) }.
[2026-09-14 17:27:41:809] INFO Block hash 0x212b0de379196d29e80e9efd9b55f200d9d7d405445826a589cf4d2bbcabe57 computed for #3062
{"timestamp":"2026-09-14T17:27:41.825095813Z","level":"INFO","target":"close_block","message":"close_block_complete","block_number":3062,"tx_count":0,"event_count":0,"close_block_total_ms":21.154463,"block_close_ms":21.154463,"close_preconfirmed_ms":21.149713000000002,"block_production_ms":21.159841,"batches_executed":0,"txs_added_to_block":0,"txs_executed":0,"txs_reverted":0,"txs_rejected":0,"classes_declared":0,"l2_gas_consumed":0,"state_diff_len":1,"declared_classes":0,"deployed_contracts":0,"storage_diffs":1,"nonce_updates":0,"consumed_l1_nonces":0,"bouncer_l1_gas":0,"bouncer_sierra_gas":0,"bouncer_n_events":0,"bouncer_message_segment_length":0,"bouncer_state_diff_size":0,"get_full_block_ms":0.004189999999999999,"commitments_ms":0.116775,"merklization_ms":8.352106,"contract_trie_ms":0.962071,"class_trie_ms":0.028356,"contract_storage_trie_commit_ms":2.693032,"contract_trie_commit_ms":2.455918,"class_trie_commit_ms":2.112506,"block_hash_ms":0.08402,"db_write_ms":6.673038}
[2026-09-14 17:27:41:825] INFO ⛏️  Closed block #3062 with 0 transactions - 21.154463ms
[2026-09-14 17:27:42:406] RPC starknet_V0_10_2_blockNumber 200 38 bytes - 10.000µs
[2026-09-14 17:27:43:803] INFO Block 3063 final weights: BouncerWeights { l1_gas: 0, message_segment_length: 0, n_events: 0, state_diff_size: 0, sierra_gas: GasAmount(0), n_txs: 0, proving_gas: GasAmount(0), receipt_l2_gas: GasAmount(0) }.
[2026-09-14 17:27:43:809] INFO Block hash 0x506576a4e2decdcb9fd4cd52cf7e3d347d95b887e0dc5cf18e40187fd24c998 computed for #3063
{"timestamp":"2026-09-14T17:27:43.826598728Z","level":"INFO","target":"close_block","message":"close_block_complete","block_number":3063,"tx_count":0,"event_count":0,"close_block_total_ms":20.91274,"block_close_ms":20.91274,"close_preconfirmed_ms":20.905127999999998,"block_production_ms":20.918537,"batches_executed":0,"txs_added_to_block":0,"txs_executed":0,"txs_reverted":0,"txs_rejected":0,"classes_declared":0,"l2_gas_consumed":0,"state_diff_len":1,"declared_classes":0,"deployed_contracts":0,"storage_diffs":1,"nonce_updates":0,"consumed_l1_nonces":0,"bouncer_l1_gas":0,"bouncer_sierra_gas":0,"bouncer_n_events":0,"bouncer_message_segment_length":0,"bouncer_state_diff_size":0,"get_full_block_ms":0.002863,"commitments_ms":0.116217,"merklization_ms":9.704104,"contract_trie_ms":1.0388979999999999,"class_trie_ms":0.026749000000000002,"contract_storage_trie_commit_ms":3.303519,"contract_trie_commit_ms":2.8768550000000004,"class_trie_commit_ms":2.322101,"block_hash_ms":0.112096,"db_write_ms":7.160953}
[2026-09-14 17:27:43:826] INFO ⛏️  Closed block #3063 with 0 transactions - 20.91274ms
[2026-09-14 17:27:44:446] RPC starknet_V0_10_2_blockNumber 200 38 bytes - 18.000µs
[2026-09-14 17:27:45:805] INFO Block 3064 final weights: BouncerWeights { l1_gas: 0, message_segment_length: 0, n_events: 0, state_diff_size: 0, sierra_gas: GasAmount(0), n_txs: 0, proving_gas: GasAmount(0), receipt_l2_gas: GasAmount(0) }.
[2026-09-14 17:27:45:810] INFO Block hash 0x5778a89c7750c9f94e086214798d0c47927b3a752d07f74766df0d7bacf79b4 computed for #3064
{"timestamp":"2026-09-14T17:27:45.827594311Z","level":"INFO","target":"close_block","message":"close_block_complete","block_number":3064,"tx_count":0,"event_count":0,"close_block_total_ms":20.596217,"block_close_ms":20.596217,"close_preconfirmed_ms":20.59049,"block_production_ms":20.600897,"batches_executed":0,"txs_added_to_block":0,"txs_executed":0,"txs_reverted":0,"txs_rejected":0,"classes_declared":0,"l2_gas_consumed":0,"state_diff_len":1,"declared_classes":0,"deployed_contracts":0,"storage_diffs":1,"nonce_updates":0,"consumed_l1_nonces":0,"bouncer_l1_gas":0,"bouncer_sierra_gas":0,"bouncer_n_events":0,"bouncer_message_segment_length":0,"bouncer_state_diff_size":0,"get_full_block_ms":0.003352,"commitments_ms":0.12899799999999997,"merklization_ms":9.416844000000001,"contract_trie_ms":1.079406,"class_trie_ms":0.028146,"contract_storage_trie_commit_ms":3.132057,"contract_trie_commit_ms":2.820493,"class_trie_commit_ms":2.232145,"block_hash_ms":0.097499,"db_write_ms":7.033212}
[2026-09-14 17:27:45:827] INFO ⛏️  Closed block #3064 with 0 transactions - 20.596217ms
[2026-09-14 17:27:46:485] RPC starknet_V0_10_2_blockNumber 200 38 bytes - 10.000µs
[2026-09-14 17:27:47:806] INFO Block 3065 final weights: BouncerWeights { l1_gas: 0, message_segment_length: 0, n_events: 0, state_diff_size: 0, sierra_gas: GasAmount(0), n_txs: 0, proving_gas: GasAmount(0), receipt_l2_gas: GasAmount(0) }.
[2026-09-14 17:27:47:812] INFO Block hash 0x39704bd91d7ef5c49241456c754ca12ebf85c7970ab1baf90910e6d8ac3581d computed for #3065
{"timestamp":"2026-09-14T17:27:47.828916544Z","level":"INFO","target":"close_block","message":"close_block_complete","block_number":3065,"tx_count":0,"event_count":0,"close_block_total_ms":20.522255,"block_close_ms":20.522255,"close_preconfirmed_ms":20.515061000000003,"block_production_ms":20.529308,"batches_executed":0,"txs_added_to_block":0,"txs_executed":0,"txs_reverted":0,"txs_rejected":0,"classes_declared":0,"l2_gas_consumed":0,"state_diff_len":1,"declared_classes":0,"deployed_contracts":0,"storage_diffs":1,"nonce_updates":0,"consumed_l1_nonces":0,"bouncer_l1_gas":0,"bouncer_sierra_gas":0,"bouncer_n_events":0,"bouncer_message_segment_length":0,"bouncer_state_diff_size":0,"get_full_block_ms":0.003911,"commitments_ms":0.14974,"merklization_ms":9.472159000000001,"contract_trie_ms":1.053634,"class_trie_ms":0.031988,"contract_storage_trie_commit_ms":3.152731,"contract_trie_commit_ms":2.721108,"class_trie_commit_ms":2.39341,"block_hash_ms":0.096312,"db_write_ms":6.852461}
[2026-09-14 17:27:47:828] INFO ⛏️  Closed block #3065 with 0 transactions - 20.522255ms
[2026-09-14 17:27:48:520] RPC starknet_V0_10_2_blockNumber 200 38 bytes - 11.000µs
[2026-09-14 17:27:49:807] INFO Block 3066 final weights: BouncerWeights { l1_gas: 0, message_segment_length: 0, n_events: 0, state_diff_size: 0, sierra_gas: GasAmount(0), n_txs: 0, proving_gas: GasAmount(0), receipt_l2_gas: GasAmount(0) }.
[2026-09-14 17:27:49:813] INFO Block hash 0x8541dc7ce0a0c3ba12125bed129f2670a464632fbc834b7909f4b64cb973a7 computed for #3066
{"timestamp":"2026-09-14T17:27:49.828472407Z","level":"INFO","target":"close_block","message":"close_block_complete","block_number":3066,"tx_count":0,"event_count":0,"close_block_total_ms":18.55502,"block_close_ms":18.55502,"close_preconfirmed_ms":18.548315,"block_production_ms":18.562632999999998,"batches_executed":0,"txs_added_to_block":0,"txs_executed":0,"txs_reverted":0,"txs_rejected":0,"classes_declared":0,"l2_gas_consumed":0,"state_diff_len":1,"declared_classes":0,"deployed_contracts":0,"storage_diffs":1,"nonce_updates":0,"consumed_l1_nonces":0,"bouncer_l1_gas":0,"bouncer_sierra_gas":0,"bouncer_n_events":0,"bouncer_message_segment_length":0,"bouncer_state_diff_size":0,"get_full_block_ms":0.0032830000000000003,"commitments_ms":0.09729,"merklization_ms":8.026642,"contract_trie_ms":0.643174,"class_trie_ms":0.027378,"contract_storage_trie_commit_ms":2.599024,"contract_trie_commit_ms":2.4570350000000003,"class_trie_commit_ms":2.218107,"block_hash_ms":0.067118,"db_write_ms":6.601101}
[2026-09-14 17:27:49:828] INFO ⛏️  Closed block #3066 with 0 transactions - 18.55502ms
[2026-09-14 17:27:50:558] RPC starknet_V0_10_2_blockNumber 200 38 bytes - 11.000µs
[2026-09-14 17:27:51:809] INFO Block 3067 final weights: BouncerWeights { l1_gas: 0, message_segment_length: 0, n_events: 0, state_diff_size: 0, sierra_gas: GasAmount(0), n_txs: 0, proving_gas: GasAmount(0), receipt_l2_gas: GasAmount(0) }.
[2026-09-14 17:27:51:815] INFO Block hash 0x63e7b4cf1ae440504a93b5ca2b7010b1da2a3992dd5d8119db035b6c0405e5 computed for #3067
{"timestamp":"2026-09-14T17:27:51.832648168Z","level":"INFO","target":"close_block","message":"close_block_complete","block_number":3067,"tx_count":0,"event_count":0,"close_block_total_ms":21.079592,"block_close_ms":21.079592,"close_preconfirmed_ms":21.072398,"block_production_ms":21.085809,"batches_executed":0,"txs_added_to_block":0,"txs_executed":0,"txs_reverted":0,"txs_rejected":0,"classes_declared":0,"l2_gas_consumed":0,"state_diff_len":1,"declared_classes":0,"deployed_contracts":0,"storage_diffs":1,"nonce_updates":0,"consumed_l1_nonces":0,"bouncer_l1_gas":0,"bouncer_sierra_gas":0,"bouncer_n_events":0,"bouncer_message_segment_length":0,"bouncer_state_diff_size":0,"get_full_block_ms":0.004189999999999999,"commitments_ms":0.121106,"merklization_ms":9.554642000000001,"contract_trie_ms":1.129063,"class_trie_ms":0.028495,"contract_storage_trie_commit_ms":3.105517,"contract_trie_commit_ms":2.842563,"class_trie_commit_ms":2.317003,"block_hash_ms":0.11014,"db_write_ms":7.164515}
[2026-09-14 17:27:51:832] INFO ⛏️  Closed block #3067 with 0 transactions - 21.079592ms
[2026-09-14 17:27:52:594] RPC starknet_V0_10_2_blockNumber 200 38 bytes - 10.000µs
[2026-09-14 17:27:53:811] INFO Block 3068 final weights: BouncerWeights { l1_gas: 0, message_segment_length: 0, n_events: 0, state_diff_size: 0, sierra_gas: GasAmount(0), n_txs: 0, proving_gas: GasAmount(0), receipt_l2_gas: GasAmount(0) }.
[2026-09-14 17:27:53:816] INFO Block hash 0x6e7049bf68c6682df430c7b0e3f356421cec5da8d455e5d5bd7fb073d9de025 computed for #3068
{"timestamp":"2026-09-14T17:27:53.834360189Z","level":"INFO","target":"close_block","message":"close_block_complete","block_number":3068,"tx_count":0,"event_count":0,"close_block_total_ms":21.283671000000002,"block_close_ms":21.283671000000002,"close_preconfirmed_ms":21.278432,"block_production_ms":21.290724,"batches_executed":0,"txs_added_to_block":0,"txs_executed":0,"txs_reverted":0,"txs_rejected":0,"classes_declared":0,"l2_gas_consumed":0,"state_diff_len":1,"declared_classes":0,"deployed_contracts":0,"storage_diffs":1,"nonce_updates":0,"consumed_l1_nonces":0,"bouncer_l1_gas":0,"bouncer_sierra_gas":0,"bouncer_n_events":0,"bouncer_message_segment_length":0,"bouncer_state_diff_size":0,"get_full_block_ms":0.003353,"commitments_ms":0.104134,"merklization_ms":9.514134,"contract_trie_ms":0.942096,"class_trie_ms":0.025632000000000002,"contract_storage_trie_commit_ms":3.088476,"contract_trie_commit_ms":3.0349079999999997,"class_trie_commit_ms":2.302336,"block_hash_ms":0.095404,"db_write_ms":7.290719}
[2026-09-14 17:27:53:834] INFO ⛏️  Closed block #3068 with 0 transactions - 21.283671ms
[2026-09-14 17:27:54:632] RPC starknet_V0_10_2_blockNumber 200 38 bytes - 10.000µs
[2026-09-14 17:27:55:812] INFO Block 3069 final weights: BouncerWeights { l1_gas: 0, message_segment_length: 0, n_events: 0, state_diff_size: 0, sierra_gas: GasAmount(0), n_txs: 0, proving_gas: GasAmount(0), receipt_l2_gas: GasAmount(0) }.
[2026-09-14 17:27:55:818] INFO Block hash 0x730d8f7e40e1ad087f5f20f197641dda81c97f80d140924cf95e3d30ab4797e computed for #3069
{"timestamp":"2026-09-14T17:27:55.836015288Z","level":"INFO","target":"close_block","message":"close_block_complete","block_number":3069,"tx_count":0,"event_count":0,"close_block_total_ms":21.189803,"block_close_ms":21.189803,"close_preconfirmed_ms":21.182679,"block_production_ms":21.196438,"batches_executed":0,"txs_added_to_block":0,"txs_executed":0,"txs_reverted":0,"txs_rejected":0,"classes_declared":0,"l2_gas_consumed":0,"state_diff_len":1,"declared_classes":0,"deployed_contracts":0,"storage_diffs":1,"nonce_updates":0,"consumed_l1_nonces":0,"bouncer_l1_gas":0,"bouncer_sierra_gas":0,"bouncer_n_events":0,"bouncer_message_segment_length":0,"bouncer_state_diff_size":0,"get_full_block_ms":0.003771,"commitments_ms":0.09142299999999999,"merklization_ms":9.846581,"contract_trie_ms":1.141845,"class_trie_ms":0.043162,"contract_storage_trie_commit_ms":3.2463879999999996,"contract_trie_commit_ms":2.95382,"class_trie_commit_ms":2.333415,"block_hash_ms":0.116356,"db_write_ms":6.9785960000000005}
[2026-09-14 17:27:55:836] INFO ⛏️  Closed block #3069 with 0 transactions - 21.189803ms
[2026-09-14 17:27:56:674] RPC starknet_V0_10_2_blockNumber 200 38 bytes - 11.000µs
[2026-09-14 17:27:57:814] INFO Block 3070 final weights: BouncerWeights { l1_gas: 0, message_segment_length: 0, n_events: 0, state_diff_size: 0, sierra_gas: GasAmount(0), n_txs: 0, proving_gas: GasAmount(0), receipt_l2_gas: GasAmount(0) }.
[2026-09-14 17:27:57:820] INFO Block hash 0x5ea1bfe6c50bb26070b30e88099ec18c01e8fd94ba4421cd12817ddf69faa6 computed for #3070
{"timestamp":"2026-09-14T17:27:57.837114167Z","level":"INFO","target":"close_block","message":"close_block_complete","block_number":3070,"tx_count":0,"event_count":0,"close_block_total_ms":19.695746,"block_close_ms":19.695746,"close_preconfirmed_ms":19.690089,"block_production_ms":19.700496,"batches_executed":0,"txs_added_to_block":0,"txs_executed":0,"txs_reverted":0,"txs_rejected":0,"classes_declared":0,"l2_gas_consumed":0,"state_diff_len":1,"declared_classes":0,"deployed_contracts":0,"storage_diffs":1,"nonce_updates":0,"consumed_l1_nonces":0,"bouncer_l1_gas":0,"bouncer_sierra_gas":0,"bouncer_n_events":0,"bouncer_message_segment_length":0,"bouncer_state_diff_size":0,"get_full_block_ms":0.003352,"commitments_ms":0.097499,"merklization_ms":9.035647,"contract_trie_ms":0.748704,"class_trie_ms":0.023816,"contract_storage_trie_commit_ms":2.9772179999999997,"contract_trie_commit_ms":2.87462,"class_trie_commit_ms":2.3121140000000002,"block_hash_ms":0.07466099999999999,"db_write_ms":6.788766}
[2026-09-14 17:27:57:837] INFO ⛏️  Closed block #3070 with 0 transactions - 19.695746ms
[2026-09-14 17:27:58:713] RPC starknet_V0_10_2_blockNumber 200 38 bytes - 11.000µs
[2026-09-14 17:27:59:815] INFO Block 3071 final weights: BouncerWeights { l1_gas: 0, message_segment_length: 0, n_events: 0, state_diff_size: 0, sierra_gas: GasAmount(0), n_txs: 0, proving_gas: GasAmount(0), receipt_l2_gas: GasAmount(0) }.
[2026-09-14 17:27:59:827] INFO Block hash 0xb2feb1ec0878672bc089ad84849ff440864515140eac0fd85cc7c762bece09 computed for #3071
{"timestamp":"2026-09-14T17:27:59.86550975Z","level":"INFO","target":"close_block","message":"close_block_complete","block_number":3071,"tx_count":0,"event_count":0,"close_block_total_ms":46.817705000000004,"block_close_ms":46.817705000000004,"close_preconfirmed_ms":46.810652000000005,"block_production_ms":46.823991,"batches_executed":0,"txs_added_to_block":0,"txs_executed":0,"txs_reverted":0,"txs_rejected":0,"classes_declared":0,"l2_gas_consumed":0,"state_diff_len":1,"declared_classes":0,"deployed_contracts":0,"storage_diffs":1,"nonce_updates":0,"consumed_l1_nonces":0,"bouncer_l1_gas":0,"bouncer_sierra_gas":0,"bouncer_n_events":0,"bouncer_message_segment_length":0,"bouncer_state_diff_size":0,"get_full_block_ms":0.003842,"commitments_ms":0.093449,"merklization_ms":30.209178,"contract_trie_ms":0.845645,"class_trie_ms":0.030521000000000003,"contract_storage_trie_commit_ms":11.773448,"contract_trie_commit_ms":8.914541999999999,"class_trie_commit_ms":8.556184,"block_hash_ms":0.07047099999999999,"db_write_ms":6.817959999999999}
[2026-09-14 17:27:59:865] INFO ⛏️  Closed block #3071 with 0 transactions - 46.817705ms
[2026-09-14 17:28:00:752] RPC starknet_V0_10_2_blockNumber 200 38 bytes - 10.000µs
[2026-09-14 17:28:01:817] INFO Block 3072 final weights: BouncerWeights { l1_gas: 0, message_segment_length: 0, n_events: 0, state_diff_size: 0, sierra_gas: GasAmount(0), n_txs: 0, proving_gas: GasAmount(0), receipt_l2_gas: GasAmount(0) }.
[2026-09-14 17:28:01:822] INFO Block hash 0x2efc63ed2de575f358a2d0a45a326687b0da4f72b79a8caa0cdbbcc08e42c4a computed for #3072
{"timestamp":"2026-09-14T17:28:01.839439876Z","level":"INFO","target":"close_block","message":"close_block_complete","block_number":3072,"tx_count":0,"event_count":0,"close_block_total_ms":20.388997,"block_close_ms":20.388997,"close_preconfirmed_ms":20.380965,"block_production_ms":20.394652999999998,"batches_executed":0,"txs_added_to_block":0,"txs_executed":0,"txs_reverted":0,"txs_rejected":0,"classes_declared":0,"l2_gas_consumed":0,"state_diff_len":1,"declared_classes":0,"deployed_contracts":0,"storage_diffs":1,"nonce_updates":0,"consumed_l1_nonces":0,"bouncer_l1_gas":0,"bouncer_sierra_gas":0,"bouncer_n_events":0,"bouncer_message_segment_length":0,"bouncer_state_diff_size":0,"get_full_block_ms":0.004261,"commitments_ms":0.145062,"merklization_ms":9.594522,"contract_trie_ms":1.2098,"class_trie_ms":0.035689000000000005,"contract_storage_trie_commit_ms":3.184089,"contract_trie_commit_ms":2.792416,"class_trie_commit_ms":2.235847,"block_hash_ms":0.09882600000000001,"db_write_ms":6.825642}
[2026-09-14 17:28:01:839] INFO ⛏️  Closed block #3072 with 0 transactions - 20.388997ms
[2026-09-14 17:28:02:792] RPC starknet_V0_10_2_blockNumber 200 38 bytes - 10.000µs
[2026-09-14 17:28:03:817] INFO Block 3073 final weights: BouncerWeights { l1_gas: 0, message_segment_length: 0, n_events: 0, state_diff_size: 0, sierra_gas: GasAmount(0), n_txs: 0, proving_gas: GasAmount(0), receipt_l2_gas: GasAmount(0) }.
[2026-09-14 17:28:03:823] INFO Block hash 0x1f4339aed6cc138681ce2b85084ec5878d660c29906a1eefed050cee35a1e16 computed for #3073
{"timestamp":"2026-09-14T17:28:03.841267764Z","level":"INFO","target":"close_block","message":"close_block_complete","block_number":3073,"tx_count":0,"event_count":0,"close_block_total_ms":21.493964000000002,"block_close_ms":21.493964000000002,"close_preconfirmed_ms":21.487260000000003,"block_production_ms":21.502066,"batches_executed":0,"txs_added_to_block":0,"txs_executed":0,"txs_reverted":0,"txs_rejected":0,"classes_declared":0,"l2_gas_consumed":0,"state_diff_len":1,"declared_classes":0,"deployed_contracts":0,"storage_diffs":1,"nonce_updates":0,"consumed_l1_nonces":0,"bouncer_l1_gas":0,"bouncer_sierra_gas":0,"bouncer_n_events":0,"bouncer_message_segment_length":0,"bouncer_state_diff_size":0,"get_full_block_ms":0.004331,"commitments_ms":0.134027,"merklization_ms":10.3111,"contract_trie_ms":1.027862,"class_trie_ms":0.031988,"contract_storage_trie_commit_ms":3.531343,"contract_trie_commit_ms":3.153917,"class_trie_commit_ms":2.4486540000000003,"block_hash_ms":0.094915,"db_write_ms":6.929009}
[2026-09-14 17:28:03:841] INFO ⛏️  Closed block #3073 with 0 transactions - 21.493964ms
[2026-09-14 17:28:04:834] RPC starknet_V0_10_2_blockNumber 200 38 bytes - 10.000µs
[2026-09-14 17:28:05:819] INFO Block 3074 final weights: BouncerWeights { l1_gas: 0, message_segment_length: 0, n_events: 0, state_diff_size: 0, sierra_gas: GasAmount(0), n_txs: 0, proving_gas: GasAmount(0), receipt_l2_gas: GasAmount(0) }.
[2026-09-14 17:28:05:825] INFO Block hash 0x3f907f353aac0a6ed7487e0009d450e562d54544e5ef04a8b116ed157be07bc computed for #3074
{"timestamp":"2026-09-14T17:28:05.841187364Z","level":"INFO","target":"close_block","message":"close_block_complete","block_number":3074,"tx_count":0,"event_count":0,"close_block_total_ms":18.560467,"block_close_ms":18.560467,"close_preconfirmed_ms":18.552226,"block_production_ms":18.567242,"batches_executed":0,"txs_added_to_block":0,"txs_executed":0,"txs_reverted":0,"txs_rejected":0,"classes_declared":0,"l2_gas_consumed":0,"state_diff_len":1,"declared_classes":0,"deployed_contracts":0,"storage_diffs":1,"nonce_updates":0,"consumed_l1_nonces":0,"bouncer_l1_gas":0,"bouncer_sierra_gas":0,"bouncer_n_events":0,"bouncer_message_segment_length":0,"bouncer_state_diff_size":0,"get_full_block_ms":0.003422,"commitments_ms":0.09114399999999999,"merklization_ms":8.013022999999999,"contract_trie_ms":0.741232,"class_trie_ms":0.025352,"contract_storage_trie_commit_ms":2.664955,"contract_trie_commit_ms":2.356533,"class_trie_commit_ms":2.130315,"block_hash_ms":0.073404,"db_write_ms":6.606339}
[2026-09-14 17:28:05:841] INFO ⛏️  Closed block #3074 with 0 transactions - 18.560467ms
[2026-09-14 17:28:06:877] RPC starknet_V0_10_2_blockNumber 200 38 bytes - 11.000µs
[2026-09-14 17:28:07:819] INFO Block 3075 final weights: BouncerWeights { l1_gas: 0, message_segment_length: 0, n_events: 0, state_diff_size: 0, sierra_gas: GasAmount(0), n_txs: 0, proving_gas: GasAmount(0), receipt_l2_gas: GasAmount(0) }.
[2026-09-14 17:28:07:825] INFO Block hash 0x208ed03874a14ba75af9c30b8e08f1fab808ad41e609914f224171dc422db21 computed for #3075
{"timestamp":"2026-09-14T17:28:07.840829202Z","level":"INFO","target":"close_block","message":"close_block_complete","block_number":3075,"tx_count":0,"event_count":0,"close_block_total_ms":19.00955,"block_close_ms":19.00955,"close_preconfirmed_ms":19.002007000000003,"block_production_ms":19.016186,"batches_executed":0,"txs_added_to_block":0,"txs_executed":0,"txs_reverted":0,"txs_rejected":0,"classes_declared":0,"l2_gas_consumed":0,"state_diff_len":1,"declared_classes":0,"deployed_contracts":0,"storage_diffs":1,"nonce_updates":0,"consumed_l1_nonces":0,"bouncer_l1_gas":0,"bouncer_sierra_gas":0,"bouncer_n_events":0,"bouncer_message_segment_length":0,"bouncer_state_diff_size":0,"get_full_block_ms":0.003771,"commitments_ms":0.14785500000000001,"merklization_ms":8.472513,"contract_trie_ms":0.720768,"class_trie_ms":0.029613,"contract_storage_trie_commit_ms":2.936779,"contract_trie_commit_ms":2.529462,"class_trie_commit_ms":2.165516,"block_hash_ms":0.07347300000000001,"db_write_ms":6.55766}
[2026-09-14 17:28:07:840] INFO ⛏️  Closed block #3075 with 0 transactions - 19.00955ms
[2026-09-14 17:28:08:916] RPC starknet_V0_10_2_blockNumber 200 38 bytes - 26.000µs
[2026-09-14 17:28:09:821] INFO Block 3076 final weights: BouncerWeights { l1_gas: 0, message_segment_length: 0, n_events: 0, state_diff_size: 0, sierra_gas: GasAmount(0), n_txs: 0, proving_gas: GasAmount(0), receipt_l2_gas: GasAmount(0) }.
[2026-09-14 17:28:09:826] INFO Block hash 0x5ac0008ec8dafa95c1f9839ef2a1b2e13c5832cf823d50dabfa0c3a1f4b3889 computed for #3076
{"timestamp":"2026-09-14T17:28:09.843625936Z","level":"INFO","target":"close_block","message":"close_block_complete","block_number":3076,"tx_count":0,"event_count":0,"close_block_total_ms":20.856378,"block_close_ms":20.856378,"close_preconfirmed_ms":20.846880000000002,"block_production_ms":20.862524,"batches_executed":0,"txs_added_to_block":0,"txs_executed":0,"txs_reverted":0,"txs_rejected":0,"classes_declared":0,"l2_gas_consumed":0,"state_diff_len":1,"declared_classes":0,"deployed_contracts":0,"storage_diffs":1,"nonce_updates":0,"consumed_l1_nonces":0,"bouncer_l1_gas":0,"bouncer_sierra_gas":0,"bouncer_n_events":0,"bouncer_message_segment_length":0,"bouncer_state_diff_size":0,"get_full_block_ms":0.003701,"commitments_ms":0.14478200000000002,"merklization_ms":9.642154,"contract_trie_ms":1.040783,"class_trie_ms":0.032267000000000004,"contract_storage_trie_commit_ms":3.1713090000000004,"contract_trie_commit_ms":2.9939799999999996,"class_trie_commit_ms":2.276984,"block_hash_ms":0.099455,"db_write_ms":7.09586}
[2026-09-14 17:28:09:843] INFO ⛏️  Closed block #3076 with 0 transactions - 20.856378ms
[2026-09-14 17:28:10:957] RPC starknet_V0_10_2_blockNumber 200 38 bytes - 12.000µs
[2026-09-14 17:28:11:823] INFO Block 3077 final weights: BouncerWeights { l1_gas: 0, message_segment_length: 0, n_events: 0, state_diff_size: 0, sierra_gas: GasAmount(0), n_txs: 0, proving_gas: GasAmount(0), receipt_l2_gas: GasAmount(0) }.
[2026-09-14 17:28:11:832] INFO Block hash 0x56c42c3ad67e8873e6fe7437b52b050e3a82ec17d11d2cfb0eee2e37e1b213b computed for #3077
{"timestamp":"2026-09-14T17:28:11.851564217Z","level":"INFO","target":"close_block","message":"close_block_complete","block_number":3077,"tx_count":0,"event_count":0,"close_block_total_ms":23.739659,"block_close_ms":23.739659,"close_preconfirmed_ms":23.729112,"block_production_ms":23.750484,"batches_executed":0,"txs_added_to_block":0,"txs_executed":0,"txs_reverted":0,"txs_rejected":0,"classes_declared":0,"l2_gas_consumed":0,"state_diff_len":1,"declared_classes":0,"deployed_contracts":0,"storage_diffs":1,"nonce_updates":0,"consumed_l1_nonces":0,"bouncer_l1_gas":0,"bouncer_sierra_gas":0,"bouncer_n_events":0,"bouncer_message_segment_length":0,"bouncer_state_diff_size":0,"get_full_block_ms":0.005797,"commitments_ms":0.12781,"merklization_ms":11.607922,"contract_trie_ms":1.266791,"class_trie_ms":0.044279,"contract_storage_trie_commit_ms":3.848913,"contract_trie_commit_ms":3.802678,"class_trie_commit_ms":2.505646,"block_hash_ms":0.106788,"db_write_ms":7.3113220000000005}
[2026-09-14 17:28:11:851] INFO ⛏️  Closed block #3077 with 0 transactions - 23.739659ms
[2026-09-14 17:28:13:000] RPC starknet_V0_10_2_blockNumber 200 38 bytes - 14.000µs
[2026-09-14 17:28:13:825] INFO Block 3078 final weights: BouncerWeights { l1_gas: 0, message_segment_length: 0, n_events: 0, state_diff_size: 0, sierra_gas: GasAmount(0), n_txs: 0, proving_gas: GasAmount(0), receipt_l2_gas: GasAmount(0) }.
[2026-09-14 17:28:13:830] INFO Block hash 0x537729340ec820d63ab5722956cfaa88d6d9bd0e0b2a500abf1c6ed6801ea03 computed for #3078
{"timestamp":"2026-09-14T17:28:13.846898979Z","level":"INFO","target":"close_block","message":"close_block_complete","block_number":3078,"tx_count":0,"event_count":0,"close_block_total_ms":19.279,"block_close_ms":19.279,"close_preconfirmed_ms":19.271805999999998,"block_production_ms":19.285705,"batches_executed":0,"txs_added_to_block":0,"txs_executed":0,"txs_reverted":0,"txs_rejected":0,"classes_declared":0,"l2_gas_consumed":0,"state_diff_len":1,"declared_classes":0,"deployed_contracts":0,"storage_diffs":1,"nonce_updates":0,"consumed_l1_nonces":0,"bouncer_l1_gas":0,"bouncer_sierra_gas":0,"bouncer_n_events":0,"bouncer_message_segment_length":0,"bouncer_state_diff_size":0,"get_full_block_ms":0.003282,"commitments_ms":0.088699,"merklization_ms":8.489485,"contract_trie_ms":0.747796,"class_trie_ms":0.027588,"contract_storage_trie_commit_ms":2.718104,"contract_trie_commit_ms":2.690657,"class_trie_commit_ms":2.220202,"block_hash_ms":0.069423,"db_write_ms":6.809998}
[2026-09-14 17:28:13:846] INFO ⛏️  Closed block #3078 with 0 transactions - 19.279ms
[2026-09-14 17:28:15:039] RPC starknet_V0_10_2_blockNumber 200 38 bytes - 10.000µs
[2026-09-14 17:28:15:827] INFO Block 3079 final weights: BouncerWeights { l1_gas: 0, message_segment_length: 0, n_events: 0, state_diff_size: 0, sierra_gas: GasAmount(0), n_txs: 0, proving_gas: GasAmount(0), receipt_l2_gas: GasAmount(0) }.
[2026-09-14 17:28:15:835] INFO Block hash 0x26531ea25465728f7b732b8ed90db07371f75dfc33d590e42e15b893eb8ecea computed for #3079
{"timestamp":"2026-09-14T17:28:15.855673616Z","level":"INFO","target":"close_block","message":"close_block_complete","block_number":3079,"tx_count":0,"event_count":0,"close_block_total_ms":25.140895,"block_close_ms":25.140895,"close_preconfirmed_ms":25.126019,"block_production_ms":25.150254,"batches_executed":0,"txs_added_to_block":0,"txs_executed":0,"txs_reverted":0,"txs_rejected":0,"classes_declared":0,"l2_gas_consumed":0,"state_diff_len":1,"declared_classes":0,"deployed_contracts":0,"storage_diffs":1,"nonce_updates":0,"consumed_l1_nonces":0,"bouncer_l1_gas":0,"bouncer_sierra_gas":0,"bouncer_n_events":0,"bouncer_message_segment_length":0,"bouncer_state_diff_size":0,"get_full_block_ms":0.005657000000000001,"commitments_ms":0.148274,"merklization_ms":12.151012,"contract_trie_ms":1.478203,"class_trie_ms":0.045676,"contract_storage_trie_commit_ms":4.543211,"contract_trie_commit_ms":3.116552,"class_trie_commit_ms":2.7890639999999998,"block_hash_ms":0.09882600000000001,"db_write_ms":7.978941}
[2026-09-14 17:28:15:855] INFO ⛏️  Closed block #3079 with 0 transactions - 25.140895ms
[2026-09-14 17:28:17:096] RPC starknet_V0_10_2_blockNumber 200 38 bytes - 11.000µs
[2026-09-14 17:28:17:827] INFO Block 3080 final weights: BouncerWeights { l1_gas: 0, message_segment_length: 0, n_events: 0, state_diff_size: 0, sierra_gas: GasAmount(0), n_txs: 0, proving_gas: GasAmount(0), receipt_l2_gas: GasAmount(0) }.
[2026-09-14 17:28:17:835] INFO Block hash 0x37871240750ee20691fad752ac05164b79d4b2431b6761b2f8571517588b818 computed for #3080
{"timestamp":"2026-09-14T17:28:17.856865873Z","level":"INFO","target":"close_block","message":"close_block_complete","block_number":3080,"tx_count":0,"event_count":0,"close_block_total_ms":25.136845,"block_close_ms":25.136845,"close_preconfirmed_ms":25.128464,"block_production_ms":25.143549,"batches_executed":0,"txs_added_to_block":0,"txs_executed":0,"txs_reverted":0,"txs_rejected":0,"classes_declared":0,"l2_gas_consumed":0,"state_diff_len":1,"declared_classes":0,"deployed_contracts":0,"storage_diffs":1,"nonce_updates":0,"consumed_l1_nonces":0,"bouncer_l1_gas":0,"bouncer_sierra_gas":0,"bouncer_n_events":0,"bouncer_message_segment_length":0,"bouncer_state_diff_size":0,"get_full_block_ms":0.005169,"commitments_ms":0.109373,"merklization_ms":11.363197,"contract_trie_ms":1.1157929999999998,"class_trie_ms":0.037994,"contract_storage_trie_commit_ms":3.908279,"contract_trie_commit_ms":3.776069,"class_trie_commit_ms":2.429308,"block_hash_ms":0.072076,"db_write_ms":8.634685}
[2026-09-14 17:28:17:857] INFO ⛏️  Closed block #3080 with 0 transactions - 25.136845ms
[2026-09-14 17:28:19:208] RPC starknet_V0_10_2_blockNumber 200 38 bytes - 18.000µs
[2026-09-14 17:28:19:829] INFO Block 3081 final weights: BouncerWeights { l1_gas: 0, message_segment_length: 0, n_events: 0, state_diff_size: 0, sierra_gas: GasAmount(0), n_txs: 0, proving_gas: GasAmount(0), receipt_l2_gas: GasAmount(0) }.
[2026-09-14 17:28:19:840] INFO Block hash 0x28744c1f3f403effcb567a3eade873fd9372d6e310fcd0672e3bcd3a683bbf0 computed for #3081
{"timestamp":"2026-09-14T17:28:19.875471097Z","level":"INFO","target":"close_block","message":"close_block_complete","block_number":3081,"tx_count":0,"event_count":0,"close_block_total_ms":40.113867,"block_close_ms":40.113867,"close_preconfirmed_ms":40.102064,"block_production_ms":40.125461,"batches_executed":0,"txs_added_to_block":0,"txs_executed":0,"txs_reverted":0,"txs_rejected":0,"classes_declared":0,"l2_gas_consumed":0,"state_diff_len":1,"declared_classes":0,"deployed_contracts":0,"storage_diffs":1,"nonce_updates":0,"consumed_l1_nonces":0,"bouncer_l1_gas":0,"bouncer_sierra_gas":0,"bouncer_n_events":0,"bouncer_message_segment_length":0,"bouncer_state_diff_size":0,"get_full_block_ms":0.005377000000000001,"commitments_ms":0.203799,"merklization_ms":18.639179,"contract_trie_ms":1.288093,"class_trie_ms":0.041486,"contract_storage_trie_commit_ms":5.720744,"contract_trie_commit_ms":8.152428,"class_trie_commit_ms":3.2937410000000003,"block_hash_ms":0.094496,"db_write_ms":15.276714}
[2026-09-14 17:28:19:875] INFO ⛏️  Closed block #3081 with 0 transactions - 40.113867ms
[2026-09-14 17:28:21:287] RPC starknet_V0_10_2_blockNumber 200 38 bytes - 18.000µs
[2026-09-14 17:28:21:831] INFO Block 3082 final weights: BouncerWeights { l1_gas: 0, message_segment_length: 0, n_events: 0, state_diff_size: 0, sierra_gas: GasAmount(0), n_txs: 0, proving_gas: GasAmount(0), receipt_l2_gas: GasAmount(0) }.
[2026-09-14 17:28:21:840] INFO Block hash 0x22dfd6e6f168a0b69fb81ff9b35df622a0882015c9d7d06eeabaa6e694004c computed for #3082
{"timestamp":"2026-09-14T17:28:21.868932353Z","level":"INFO","target":"close_block","message":"close_block_complete","block_number":3082,"tx_count":0,"event_count":0,"close_block_total_ms":34.56633,"block_close_ms":34.56633,"close_preconfirmed_ms":34.556761,"block_production_ms":34.574850999999995,"batches_executed":0,"txs_added_to_block":0,"txs_executed":0,"txs_reverted":0,"txs_rejected":0,"classes_declared":0,"l2_gas_consumed":0,"state_diff_len":1,"declared_classes":0,"deployed_contracts":0,"storage_diffs":1,"nonce_updates":0,"consumed_l1_nonces":0,"bouncer_l1_gas":0,"bouncer_sierra_gas":0,"bouncer_n_events":0,"bouncer_message_segment_length":0,"bouncer_state_diff_size":0,"get_full_block_ms":0.006285,"commitments_ms":0.131024,"merklization_ms":12.914104,"contract_trie_ms":0.904521,"class_trie_ms":0.031010000000000003,"contract_storage_trie_commit_ms":3.508714,"contract_trie_commit_ms":4.231647,"class_trie_commit_ms":4.050896,"block_hash_ms":0.095194,"db_write_ms":11.630342}
[2026-09-14 17:28:21:869] INFO ⛏️  Closed block #3082 with 0 transactions - 34.56633ms
[2026-09-14 17:28:23:370] RPC starknet_V0_10_2_blockNumber 200 38 bytes - 19.000µs
[2026-09-14 17:28:23:832] INFO Block 3083 final weights: BouncerWeights { l1_gas: 0, message_segment_length: 0, n_events: 0, state_diff_size: 0, sierra_gas: GasAmount(0), n_txs: 0, proving_gas: GasAmount(0), receipt_l2_gas: GasAmount(0) }.
[2026-09-14 17:28:23:842] INFO Block hash 0x596dfb0f3eee43b8f7a8067682bdf9a2fc4efa27ff1da7b3130dd65b5bae7b2 computed for #3083
{"timestamp":"2026-09-14T17:28:23.884459437Z","level":"INFO","target":"close_block","message":"close_block_complete","block_number":3083,"tx_count":0,"event_count":0,"close_block_total_ms":49.045451,"block_close_ms":49.045451,"close_preconfirmed_ms":49.035393,"block_production_ms":49.055368,"batches_executed":0,"txs_added_to_block":0,"txs_executed":0,"txs_reverted":0,"txs_rejected":0,"classes_declared":0,"l2_gas_consumed":0,"state_diff_len":1,"declared_classes":0,"deployed_contracts":0,"storage_diffs":1,"nonce_updates":0,"consumed_l1_nonces":0,"bouncer_l1_gas":0,"bouncer_sierra_gas":0,"bouncer_n_events":0,"bouncer_message_segment_length":0,"bouncer_state_diff_size":0,"get_full_block_ms":0.007193000000000001,"commitments_ms":0.132211,"merklization_ms":19.144624,"contract_trie_ms":0.906198,"class_trie_ms":0.021512,"contract_storage_trie_commit_ms":5.607881,"contract_trie_commit_ms":6.914761,"class_trie_commit_ms":5.507378,"block_hash_ms":0.099735,"db_write_ms":21.763204}
[2026-09-14 17:28:23:884] INFO ⛏️  Closed block #3083 with 0 transactions - 49.045451ms
[2026-09-14 17:28:25:472] RPC starknet_V0_10_2_blockNumber 200 38 bytes - 18.000µs
[2026-09-14 17:28:25:593] RPC starknet_V0_9_0_call 200 245 bytes - 3.643ms
[2026-09-14 17:28:25:834] INFO Block 3084 final weights: BouncerWeights { l1_gas: 0, message_segment_length: 0, n_events: 0, state_diff_size: 0, sierra_gas: GasAmount(0), n_txs: 0, proving_gas: GasAmount(0), receipt_l2_gas: GasAmount(0) }.
[2026-09-14 17:28:25:842] INFO Block hash 0x286631a569194858918f1f115f67d24ca4d1db2253ef79b663836c2d44677d4 computed for #3084
{"timestamp":"2026-09-14T17:28:25.868347612Z","level":"INFO","target":"close_block","message":"close_block_complete","block_number":3084,"tx_count":0,"event_count":0,"close_block_total_ms":30.538342,"block_close_ms":30.538342,"close_preconfirmed_ms":30.525073,"block_production_ms":30.550704000000003,"batches_executed":0,"txs_added_to_block":0,"txs_executed":0,"txs_reverted":0,"txs_rejected":0,"classes_declared":0,"l2_gas_consumed":0,"state_diff_len":1,"declared_classes":0,"deployed_contracts":0,"storage_diffs":1,"nonce_updates":0,"consumed_l1_nonces":0,"bouncer_l1_gas":0,"bouncer_sierra_gas":0,"bouncer_n_events":0,"bouncer_message_segment_length":0,"bouncer_state_diff_size":0,"get_full_block_ms":0.005657000000000001,"commitments_ms":0.139753,"merklization_ms":16.305065,"contract_trie_ms":0.9328770000000001,"class_trie_ms":0.042883000000000004,"contract_storage_trie_commit_ms":5.685334999999999,"contract_trie_commit_ms":3.522962,"class_trie_commit_ms":5.390532,"block_hash_ms":0.107277,"db_write_ms":8.103538}
[2026-09-14 17:28:25:868] INFO ⛏️  Closed block #3084 with 0 transactions - 30.538342ms
