{"timestamp":"2026-09-14T17:04:26.863917Z","level":"INFO","fields":{"message":"randomness_journal","action":"0x32f7e4c94c07de68d000c803fa26c77391abe0f8c6a82ebbd4013db278611ee","order":1,"reservation_ms":7.804267,"sampling_ms":0.060622999999999996,"commit_ms":3.6903029999999997,"witness_ms":1.314773},"target":"sequencer_randomness"}
{"timestamp":"2026-09-14T17:04:26.863937Z","level":"INFO","fields":{"message":"randomness_admission_checks","action":"0x32f7e4c94c07de68d000c803fa26c77391abe0f8c6a82ebbd4013db278611ee","order":1,"checks_ms":2.162513},"target":"sequencer_randomness"}
{"timestamp":"2026-09-14T17:04:26.863949Z","level":"INFO","fields":{"message":"randomness_admission","action":"0x32f7e4c94c07de68d000c803fa26c77391abe0f8c6a82ebbd4013db278611ee","order":1,"queue_ms":0.012223,"admission_ms":16.080945},"target":"sequencer_randomness"}
{"timestamp":"2026-09-14T17:04:26.874016Z","level":"INFO","fields":{"message":"randomness_submission","action":"0x32f7e4c94c07de68d000c803fa26c77391abe0f8c6a82ebbd4013db278611ee","order":1,"transaction":"0x12efc739a5e37b313b7ec5d90d129f4952f39a4624b737b189eef74803a1743","submission_ms":8.001710000000001},"target":"sequencer_randomness"}
{"timestamp":"2026-09-14T17:04:26.910034Z","level":"INFO","fields":{"message":"randomness_result_persistence","action":"0x32f7e4c94c07de68d000c803fa26c77391abe0f8c6a82ebbd4013db278611ee","order":1,"persistence_ms":10.682101},"target":"sequencer_randomness"}
{"timestamp":"2026-09-14T17:04:26.911375Z","level":"INFO","fields":{"message":"randomness_admission","action":"0x32f7e4c94c07de68d000c803fa26c77391abe0f8c6a82ebbd4013db278611ee","order":1,"queue_ms":61.174192000000005,"admission_ms":62.495180999999995},"target":"sequencer_randomness"}
{"timestamp":"2026-09-14T17:04:26.912589Z","level":"INFO","fields":{"message":"randomness_admission","action":"0x32f7e4c94c07de68d000c803fa26c77391abe0f8c6a82ebbd4013db278611ee","order":1,"queue_ms":62.46843,"admission_ms":63.671595999999994},"target":"sequencer_randomness"}
{"timestamp":"2026-09-14T17:04:26.913648Z","level":"INFO","fields":{"message":"randomness_admission","action":"0x32f7e4c94c07de68d000c803fa26c77391abe0f8c6a82ebbd4013db278611ee","order":1,"queue_ms":63.677741999999995,"admission_ms":64.72557900000001},"target":"sequencer_randomness"}
{"timestamp":"2026-09-14T17:04:26.914960Z","level":"INFO","fields":{"message":"randomness_admission","action":"0x32f7e4c94c07de68d000c803fa26c77391abe0f8c6a82ebbd4013db278611ee","order":1,"queue_ms":64.71482300000001,"admission_ms":66.017933},"target":"sequencer_randomness"}
{"timestamp":"2026-09-14T17:04:26.916439Z","level":"INFO","fields":{"message":"randomness_admission","action":"0x32f7e4c94c07de68d000c803fa26c77391abe0f8c6a82ebbd4013db278611ee","order":1,"queue_ms":66.018282,"admission_ms":67.483634},"target":"sequencer_randomness"}
{"timestamp":"2026-09-14T17:04:26.917705Z","level":"INFO","fields":{"message":"randomness_admission","action":"0x32f7e4c94c07de68d000c803fa26c77391abe0f8c6a82ebbd4013db278611ee","order":1,"queue_ms":67.481888,"admission_ms":68.733523},"target":"sequencer_randomness"}
{"timestamp":"2026-09-14T17:04:26.918842Z","level":"INFO","fields":{"message":"randomness_admission","action":"0x32f7e4c94c07de68d000c803fa26c77391abe0f8c6a82ebbd4013db278611ee","order":1,"queue_ms":68.712152,"admission_ms":69.835977},"target":"sequencer_randomness"}
{"timestamp":"2026-09-14T17:04:26.920000Z","level":"INFO","fields":{"message":"randomness_admission","action":"0x32f7e4c94c07de68d000c803fa26c77391abe0f8c6a82ebbd4013db278611ee","order":1,"queue_ms":69.813907,"admission_ms":70.961129},"target":"sequencer_randomness"}
{"timestamp":"2026-09-14T17:04:26.921118Z","level":"INFO","fields":{"message":"randomness_admission","action":"0x32f7e4c94c07de68d000c803fa26c77391abe0f8c6a82ebbd4013db278611ee","order":1,"queue_ms":70.966577,"admission_ms":72.074408},"target":"sequencer_randomness"}
{"timestamp":"2026-09-14T17:04:26.922422Z","level":"INFO","fields":{"message":"randomness_admission","action":"0x32f7e4c94c07de68d000c803fa26c77391abe0f8c6a82ebbd4013db278611ee","order":1,"queue_ms":72.065258,"admission_ms":73.35928799999999},"target":"sequencer_randomness"}
{"timestamp":"2026-09-14T17:04:26.923582Z","level":"INFO","fields":{"message":"randomness_admission","action":"0x32f7e4c94c07de68d000c803fa26c77391abe0f8c6a82ebbd4013db278611ee","order":1,"queue_ms":73.359358,"admission_ms":74.50650999999999},"target":"sequencer_randomness"}
{"timestamp":"2026-09-14T17:04:26.924824Z","level":"INFO","fields":{"message":"randomness_admission","action":"0x32f7e4c94c07de68d000c803fa26c77391abe0f8c6a82ebbd4013db278611ee","order":1,"queue_ms":74.506301,"admission_ms":75.737263},"target":"sequencer_randomness"}
{"timestamp":"2026-09-14T17:04:26.926090Z","level":"INFO","fields":{"message":"randomness_admission","action":"0x32f7e4c94c07de68d000c803fa26c77391abe0f8c6a82ebbd4013db278611ee","order":1,"queue_ms":75.738869,"admission_ms":76.988549},"target":"sequencer_randomness"}
{"timestamp":"2026-09-14T17:04:26.927341Z","level":"INFO","fields":{"message":"randomness_admission","action":"0x32f7e4c94c07de68d000c803fa26c77391abe0f8c6a82ebbd4013db278611ee","order":1,"queue_ms":76.979889,"admission_ms":78.218534},"target":"sequencer_randomness"}
{"timestamp":"2026-09-14T17:04:26.928494Z","level":"INFO","fields":{"message":"randomness_admission","action":"0x32f7e4c94c07de68d000c803fa26c77391abe0f8c6a82ebbd4013db278611ee","order":1,"queue_ms":78.210503,"admission_ms":79.35137},"target":"sequencer_randomness"}
{"timestamp":"2026-09-14T17:04:26.935565Z","level":"INFO","fields":{"message":"randomness_admission","action":"0x32f7e4c94c07de68d000c803fa26c77391abe0f8c6a82ebbd4013db278611ee","order":1,"queue_ms":0.016552,"admission_ms":1.292772},"target":"sequencer_randomness"}
{"timestamp":"2026-09-14T17:05:42.923171Z","level":"INFO","fields":{"message":"randomness_journal","action":"0x25a9fef70b342ed58d72b3442877511072ab094bd4328df243ddee5b2ee8ac1","order":2,"reservation_ms":4.154472,"sampling_ms":0.044699,"commit_ms":3.354714,"witness_ms":1.414158},"target":"sequencer_randomness"}
{"timestamp":"2026-09-14T17:05:42.923187Z","level":"INFO","fields":{"message":"randomness_admission_checks","action":"0x25a9fef70b342ed58d72b3442877511072ab094bd4328df243ddee5b2ee8ac1","order":2,"checks_ms":2.2031609999999997},"target":"sequencer_randomness"}
{"timestamp":"2026-09-14T17:05:42.923194Z","level":"INFO","fields":{"message":"randomness_admission","action":"0x25a9fef70b342ed58d72b3442877511072ab094bd4328df243ddee5b2ee8ac1","order":2,"queue_ms":0.01299,"admission_ms":12.249212},"target":"sequencer_randomness"}
{"timestamp":"2026-09-14T17:05:42.930587Z","level":"INFO","fields":{"message":"randomness_submission","action":"0x25a9fef70b342ed58d72b3442877511072ab094bd4328df243ddee5b2ee8ac1","order":2,"transaction":"0x2d75874b00d8eb32893e4c37b5cee86ffb3213f4b70982359ac431376286721","submission_ms":6.090558000000001},"target":"sequencer_randomness"}
{"timestamp":"2026-09-14T17:05:42.952784Z","level":"INFO","fields":{"message":"randomness_result_persistence","action":"0x25a9fef70b342ed58d72b3442877511072ab094bd4328df243ddee5b2ee8ac1","order":2,"persistence_ms":9.262355},"target":"sequencer_randomness"}
{"timestamp":"2026-09-14T17:05:42.953982Z","level":"INFO","fields":{"message":"randomness_admission","action":"0x25a9fef70b342ed58d72b3442877511072ab094bd4328df243ddee5b2ee8ac1","order":2,"queue_ms":40.69363,"admission_ms":41.871303},"target":"sequencer_randomness"}
{"timestamp":"2026-09-14T17:05:42.955106Z","level":"INFO","fields":{"message":"randomness_admission","action":"0x25a9fef70b342ed58d72b3442877511072ab094bd4328df243ddee5b2ee8ac1","order":2,"queue_ms":41.827023,"admission_ms":42.942118},"target":"sequencer_randomness"}
{"timestamp":"2026-09-14T17:05:42.956158Z","level":"INFO","fields":{"message":"randomness_admission","action":"0x25a9fef70b342ed58d72b3442877511072ab094bd4328df243ddee5b2ee8ac1","order":2,"queue_ms":42.941629,"admission_ms":43.984647},"target":"sequencer_randomness"}
{"timestamp":"2026-09-14T17:05:42.957185Z","level":"INFO","fields":{"message":"randomness_admission","action":"0x25a9fef70b342ed58d72b3442877511072ab094bd4328df243ddee5b2ee8ac1","order":2,"queue_ms":43.977244,"admission_ms":44.995049},"target":"sequencer_randomness"}
{"timestamp":"2026-09-14T17:05:42.958205Z","level":"INFO","fields":{"message":"randomness_admission","action":"0x25a9fef70b342ed58d72b3442877511072ab094bd4328df243ddee5b2ee8ac1","order":2,"queue_ms":44.990718,"admission_ms":46.003704},"target":"sequencer_randomness"}
{"timestamp":"2026-09-14T17:05:42.959211Z","level":"INFO","fields":{"message":"randomness_admission","action":"0x25a9fef70b342ed58d72b3442877511072ab094bd4328df243ddee5b2ee8ac1","order":2,"queue_ms":46.004753,"admission_ms":47.001675},"target":"sequencer_randomness"}
{"timestamp":"2026-09-14T17:05:42.960224Z","level":"INFO","fields":{"message":"randomness_admission","action":"0x25a9fef70b342ed58d72b3442877511072ab094bd4328df243ddee5b2ee8ac1","order":2,"queue_ms":46.990289999999995,"admission_ms":47.994756},"target":"sequencer_randomness"}
{"timestamp":"2026-09-14T17:05:42.961216Z","level":"INFO","fields":{"message":"randomness_admission","action":"0x25a9fef70b342ed58d72b3442877511072ab094bd4328df243ddee5b2ee8ac1","order":2,"queue_ms":48.000553000000004,"admission_ms":48.984415000000006},"target":"sequencer_randomness"}
{"timestamp":"2026-09-14T17:05:42.962415Z","level":"INFO","fields":{"message":"randomness_admission","action":"0x25a9fef70b342ed58d72b3442877511072ab094bd4328df243ddee5b2ee8ac1","order":2,"queue_ms":48.98225,"admission_ms":50.172355},"target":"sequencer_randomness"}
{"timestamp":"2026-09-14T17:05:42.963476Z","level":"INFO","fields":{"message":"randomness_admission","action":"0x25a9fef70b342ed58d72b3442877511072ab094bd4328df243ddee5b2ee8ac1","order":2,"queue_ms":50.161947999999995,"admission_ms":51.211392000000004},"target":"sequencer_randomness"}
{"timestamp":"2026-09-14T17:05:42.964519Z","level":"INFO","fields":{"message":"randomness_admission","action":"0x25a9fef70b342ed58d72b3442877511072ab094bd4328df243ddee5b2ee8ac1","order":2,"queue_ms":51.187297,"admission_ms":52.220956},"target":"sequencer_randomness"}
{"timestamp":"2026-09-14T17:05:42.965578Z","level":"INFO","fields":{"message":"randomness_admission","action":"0x25a9fef70b342ed58d72b3442877511072ab094bd4328df243ddee5b2ee8ac1","order":2,"queue_ms":52.213553000000005,"admission_ms":53.26139},"target":"sequencer_randomness"}
{"timestamp":"2026-09-14T17:05:42.966842Z","level":"INFO","fields":{"message":"randomness_admission","action":"0x25a9fef70b342ed58d72b3442877511072ab094bd4328df243ddee5b2ee8ac1","order":2,"queue_ms":53.249446999999996,"admission_ms":54.504644},"target":"sequencer_randomness"}
{"timestamp":"2026-09-14T17:05:42.967898Z","level":"INFO","fields":{"message":"randomness_admission","action":"0x25a9fef70b342ed58d72b3442877511072ab094bd4328df243ddee5b2ee8ac1","order":2,"queue_ms":54.490886,"admission_ms":55.53579},"target":"sequencer_randomness"}
{"timestamp":"2026-09-14T17:05:42.968919Z","level":"INFO","fields":{"message":"randomness_admission","action":"0x25a9fef70b342ed58d72b3442877511072ab094bd4328df243ddee5b2ee8ac1","order":2,"queue_ms":55.498843,"admission_ms":56.510852},"target":"sequencer_randomness"}
{"timestamp":"2026-09-14T17:05:42.974696Z","level":"INFO","fields":{"message":"randomness_admission","action":"0x25a9fef70b342ed58d72b3442877511072ab094bd4328df243ddee5b2ee8ac1","order":2,"queue_ms":0.010058,"admission_ms":1.161261},"target":"sequencer_randomness"}
{"timestamp":"2026-09-14T17:08:02.150744Z","level":"INFO","fields":{"message":"randomness_journal","action":"0x7b1523a63ac9864bc87d06e8157a89969501745bc9001546137bf98855e5944","order":4,"reservation_ms":7.991652,"sampling_ms":0.049518,"commit_ms":3.735141,"witness_ms":1.312188},"target":"sequencer_randomness"}
{"timestamp":"2026-09-14T17:08:02.150765Z","level":"INFO","fields":{"message":"randomness_admission_checks","action":"0x7b1523a63ac9864bc87d06e8157a89969501745bc9001546137bf98855e5944","order":4,"checks_ms":2.163351},"target":"sequencer_randomness"}
{"timestamp":"2026-09-14T17:08:02.150774Z","level":"INFO","fields":{"message":"randomness_admission","action":"0x7b1523a63ac9864bc87d06e8157a89969501745bc9001546137bf98855e5944","order":4,"queue_ms":0.013899,"admission_ms":16.319803},"target":"sequencer_randomness"}
{"timestamp":"2026-09-14T17:08:02.161226Z","level":"INFO","fields":{"message":"randomness_submission","action":"0x7b1523a63ac9864bc87d06e8157a89969501745bc9001546137bf98855e5944","order":4,"transaction":"0x3bb6c1105f96e8675ee821f66593a344ca834ca11d8093254f2cccb37ca00f7","submission_ms":8.328848},"target":"sequencer_randomness"}
{"timestamp":"2026-09-14T17:08:02.197249Z","level":"INFO","fields":{"message":"randomness_result_persistence","action":"0x7b1523a63ac9864bc87d06e8157a89969501745bc9001546137bf98855e5944","order":4,"persistence_ms":10.653604000000001},"target":"sequencer_randomness"}
{"timestamp":"2026-09-14T17:08:02.198508Z","level":"INFO","fields":{"message":"randomness_admission","action":"0x7b1523a63ac9864bc87d06e8157a89969501745bc9001546137bf98855e5944","order":4,"queue_ms":61.867575,"admission_ms":63.106708999999995},"target":"sequencer_randomness"}
{"timestamp":"2026-09-14T17:08:02.199603Z","level":"INFO","fields":{"message":"randomness_admission","action":"0x7b1523a63ac9864bc87d06e8157a89969501745bc9001546137bf98855e5944","order":4,"queue_ms":63.105801,"admission_ms":64.18995600000001},"target":"sequencer_randomness"}
{"timestamp":"2026-09-14T17:08:02.200657Z","level":"INFO","fields":{"message":"randomness_admission","action":"0x7b1523a63ac9864bc87d06e8157a89969501745bc9001546137bf98855e5944","order":4,"queue_ms":64.16174099999999,"admission_ms":65.207203},"target":"sequencer_randomness"}
{"timestamp":"2026-09-14T17:08:02.201679Z","level":"INFO","fields":{"message":"randomness_admission","action":"0x7b1523a63ac9864bc87d06e8157a89969501745bc9001546137bf98855e5944","order":4,"queue_ms":65.211463,"admission_ms":66.22549599999999},"target":"sequencer_randomness"}
{"timestamp":"2026-09-14T17:08:02.202722Z","level":"INFO","fields":{"message":"randomness_admission","action":"0x7b1523a63ac9864bc87d06e8157a89969501745bc9001546137bf98855e5944","order":4,"queue_ms":66.208874,"admission_ms":67.244559},"target":"sequencer_randomness"}
{"timestamp":"2026-09-14T17:08:02.203730Z","level":"INFO","fields":{"message":"randomness_admission","action":"0x7b1523a63ac9864bc87d06e8157a89969501745bc9001546137bf98855e5944","order":4,"queue_ms":67.23115,"admission_ms":68.230796},"target":"sequencer_randomness"}
{"timestamp":"2026-09-14T17:08:02.204755Z","level":"INFO","fields":{"message":"randomness_admission","action":"0x7b1523a63ac9864bc87d06e8157a89969501745bc9001546137bf98855e5944","order":4,"queue_ms":68.206072,"admission_ms":69.224086},"target":"sequencer_randomness"}
{"timestamp":"2026-09-14T17:08:02.205766Z","level":"INFO","fields":{"message":"randomness_admission","action":"0x7b1523a63ac9864bc87d06e8157a89969501745bc9001546137bf98855e5944","order":4,"queue_ms":69.209699,"admission_ms":70.211789},"target":"sequencer_randomness"}
{"timestamp":"2026-09-14T17:08:02.206881Z","level":"INFO","fields":{"message":"randomness_admission","action":"0x7b1523a63ac9864bc87d06e8157a89969501745bc9001546137bf98855e5944","order":4,"queue_ms":70.20040499999999,"admission_ms":71.307119},"target":"sequencer_randomness"}
{"timestamp":"2026-09-14T17:08:02.207944Z","level":"INFO","fields":{"message":"randomness_admission","action":"0x7b1523a63ac9864bc87d06e8157a89969501745bc9001546137bf98855e5944","order":4,"queue_ms":71.30956300000001,"admission_ms":72.361382},"target":"sequencer_randomness"}
{"timestamp":"2026-09-14T17:08:02.209007Z","level":"INFO","fields":{"message":"randomness_admission","action":"0x7b1523a63ac9864bc87d06e8157a89969501745bc9001546137bf98855e5944","order":4,"queue_ms":72.356632,"admission_ms":73.41026600000001},"target":"sequencer_randomness"}
{"timestamp":"2026-09-14T17:08:02.210030Z","level":"INFO","fields":{"message":"randomness_admission","action":"0x7b1523a63ac9864bc87d06e8157a89969501745bc9001546137bf98855e5944","order":4,"queue_ms":73.399371,"admission_ms":74.41445200000001},"target":"sequencer_randomness"}
{"timestamp":"2026-09-14T17:08:02.211043Z","level":"INFO","fields":{"message":"randomness_admission","action":"0x7b1523a63ac9864bc87d06e8157a89969501745bc9001546137bf98855e5944","order":4,"queue_ms":74.404815,"admission_ms":75.408931},"target":"sequencer_randomness"}
{"timestamp":"2026-09-14T17:08:02.212040Z","level":"INFO","fields":{"message":"randomness_admission","action":"0x7b1523a63ac9864bc87d06e8157a89969501745bc9001546137bf98855e5944","order":4,"queue_ms":75.377711,"admission_ms":76.366112},"target":"sequencer_randomness"}
{"timestamp":"2026-09-14T17:08:02.213044Z","level":"INFO","fields":{"message":"randomness_admission","action":"0x7b1523a63ac9864bc87d06e8157a89969501745bc9001546137bf98855e5944","order":4,"queue_ms":76.37121099999999,"admission_ms":77.366876},"target":"sequencer_randomness"}
{"timestamp":"2026-09-14T17:08:02.218766Z","level":"INFO","fields":{"message":"randomness_admission","action":"0x7b1523a63ac9864bc87d06e8157a89969501745bc9001546137bf98855e5944","order":4,"queue_ms":0.009638,"admission_ms":1.080034},"target":"sequencer_randomness"}
