// Vitest Snapshot v1, https://vitest.dev/guide/snapshot.html

exports[`action definitions > action inventory snapshot 1`] = `
[
  "accept_order  [taker_id, trade_id, taker_buys_count]",
  "add_liquidity  [bank_entity_id, entity_id, resource_type, resource_amount, lords_amount]",
  "allocate_shares  [hyperstructure_id, shareholders]",
  "apply_relic  [entity_id, relic_resource_id, recipient_type]",
  "approve  [caller_structure_id, recipient_structure_id, resources]",
  "approve_token  [token_address, spender, amount]",
  "attack_explorer_vs_explorer  [aggressor_id, defender_id, defender_direction, steal_resources]",
  "attack_explorer_vs_guard  [explorer_id, structure_id, structure_direction]",
  "attack_guard_vs_explorer  [structure_id, structure_guard_slot, explorer_id, explorer_direction]",
  "blitz_prize_claim  [players]",
  "blitz_prize_player_rank  [trial_id, total_player_count_committed, players_list]",
  "burn_labor_for_resource_production  [from_structure_id, production_cycles, produced_resource_types]",
  "burn_resource_for_labor_production  [structure_id, resource_types, resource_amounts]",
  "burn_resource_for_resource_production  [from_structure_id, produced_resource_types, production_cycles]",
  "buy_resources  [bank_entity_id, structure_id, resource_type, amount]",
  "cancel_order  [trade_id]",
  "claim_arrivals  [from_structure_id, day, slot, resource_count]",
  "claim_share_points  [hyperstructure_ids]",
  "claim_wonder_production_bonus  [structure_id, wonder_structure_id]",
  "contribute_hyperstructure  [hyperstructure_id, from_structure_id, contribution]",
  "create_building  [structure_id, directions, building_category, use_simple]",
  "create_guild  [public, name]",
  "create_order  [maker_id, taker_id, maker_gives_resource_type, taker_pays_resource_type, maker_gives_min_resource_amount, maker_gives_max_count, taker_pays_min_resource_amount, expires_at]",
  "create_village  [village_pass_token_id, connected_realm_entity_id, direction]",
  "deposit  [token, to_structure_id, amount, client_fee_recipient]",
  "destroy_building  [structure_id, building_coord]",
  "explorer_add  [to_explorer_id, amount, home_direction]",
  "explorer_create  [for_structure_id, category, tier, amount, spawn_direction]",
  "explorer_delete  [explorer_id]",
  "explorer_explorer_swap  [from_explorer_id, to_explorer_id, to_explorer_direction, count]",
  "explorer_guard_swap  [from_explorer_id, to_structure_id, to_structure_direction, to_guard_slot, count]",
  "guard_add  [for_structure_id, slot, category, tier, amount]",
  "guard_delete  [for_structure_id, slot]",
  "guard_explorer_swap  [from_structure_id, from_guard_slot, to_explorer_id, to_explorer_direction, count]",
  "initialize  [hyperstructure_id]",
  "join_guild  [guild_id]",
  "leave_guild  []",
  "level_up  [structure_id]",
  "lock_entry_token  [token_id, token_address]",
  "lp_withdraw  [to_address, through_bank_id, resource_type, amount]",
  "make_hyperstructures  [count]",
  "move_to  [explorerId, targetCol, targetRow]",
  "obtain_entry_token  []",
  "open_chest  [explorer_id, chest_coord]",
  "pause_building_production  [structure_id, building_coord]",
  "pickup_resources  [recipient_structure_id, owner_structure_id, resources]",
  "raid_explorer_vs_guard  [explorer_id, structure_id, structure_direction, steal_resources]",
  "register  [name, entry_token_id, cosmetic_token_ids]",
  "remove_liquidity  [bank_entity_id, entity_id, resource_type, shares]",
  "remove_member  [address]",
  "resume_building_production  [structure_id, building_coord]",
  "sell_resources  [bank_entity_id, structure_id, resource_type, amount]",
  "send_resources  [sender_structure_id, recipient_structure_id, resources]",
  "set_address_name  [name]",
  "settle_blitz_realm  [settlement_count]",
  "structure_burn  [structure_id, resources]",
  "structure_troop_adjacent_transfer  [from_structure_id, to_troop_id, resources]",
  "transfer_agent_ownership  [explorer_id, new_owner]",
  "transfer_structure_ownership  [structure_id, new_owner]",
  "troop_burn  [explorer_id, resources]",
  "troop_structure_adjacent_transfer  [from_explorer_id, to_structure_id, resources]",
  "troop_troop_adjacent_transfer  [from_explorer_id, to_explorer_id, resources]",
  "update_construction_access  [hyperstructure_id, access]",
  "update_whitelist  [address, whitelist]",
  "velords_claim  []",
  "withdraw  [from_structure_id, to_address, token, amount, client_fee_recipient]",
]
`;
