info: syncing channel updates for '1.89-x86_64-unknown-linux-gnu'
info: latest update on 2025-08-07, rust version 1.89.0 (29483883e 2025-08-04)
info: downloading component 'cargo'
info: downloading component 'clippy'
info: downloading component 'rust-analyzer'
info: downloading component 'rust-src'
info: downloading component 'rust-std'
info: downloading component 'rustc'
info: downloading component 'rustfmt'
info: installing component 'cargo'
info: installing component 'clippy'
info: installing component 'rust-analyzer'
info: installing component 'rust-src'
info: installing component 'rust-std'
info: installing component 'rustc'
info: installing component 'rustfmt'
    Blocking waiting for file lock on build directory
   Compiling libc v0.2.178
   Compiling cfg-if v1.0.4
   Compiling serde_core v1.0.228
   Compiling memchr v2.7.6
   Compiling log v0.4.29
   Compiling zerocopy v0.8.31
   Compiling allocator-api2 v0.2.21
   Compiling getrandom v0.2.16
   Compiling equivalent v1.0.2
   Compiling rand_core v0.6.4
   Compiling scopeguard v1.2.0
   Compiling lock_api v0.4.14
   Compiling num-traits v0.2.19
   Compiling itoa v1.0.15
   Compiling regex-syntax v0.8.8
   Compiling ppv-lite86 v0.2.21
   Compiling num-integer v0.1.46
   Compiling serde v1.0.228
   Compiling rand_chacha v0.3.1
   Compiling aho-corasick v1.1.4
   Compiling rand v0.8.5
   Compiling smallvec v1.15.2
   Compiling once_cell v1.21.3
   Compiling hashbrown v0.16.1
   Compiling regex-automata v0.4.13
   Compiling num-bigint v0.4.6
   Compiling indexmap v2.13.1
   Compiling crossbeam-utils v0.8.21
   Compiling either v1.15.0
   Compiling pin-project-lite v0.2.16
   Compiling unicode-segmentation v1.12.0
   Compiling zeroize v1.8.2
   Compiling thiserror v2.0.17
   Compiling zmij v1.0.21
   Compiling powerfmt v0.2.0
   Compiling serde_json v1.0.149
   Compiling num-conv v0.1.0
   Compiling time-core v0.1.6
   Compiling deranged v0.5.5
   Compiling typenum v1.19.0
   Compiling regex v1.12.2
   Compiling tracing-core v0.1.35
   Compiling subtle v2.6.1
   Compiling generic-array v0.14.7
   Compiling const-oid v0.9.6
   Compiling tracing v0.1.43
   Compiling fnv v1.0.7
   Compiling cpufeatures v0.2.17
   Compiling spin v0.9.8
   Compiling parking_lot_core v0.9.12
   Compiling block-buffer v0.10.4
   Compiling crypto-common v0.1.7
   Compiling crossbeam-epoch v0.9.18
   Compiling digest v0.10.7
   Compiling parking_lot v0.12.5
   Compiling crossbeam-deque v0.8.6
   Compiling arrayvec v0.7.6
   Compiling rayon-core v1.13.0
   Compiling winnow v1.0.1
   Compiling foldhash v0.2.0
   Compiling foldhash v0.1.5
   Compiling toml_parser v1.1.2+spec-1.1.0
   Compiling lazy_static v1.5.0
   Compiling toml_datetime v0.7.5+spec-1.1.0
   Compiling keccak v0.1.5
   Compiling hashbrown v0.15.5
   Compiling bytes v1.11.0
   Compiling rustc-hash v2.1.1
   Compiling time-macros v0.2.24
   Compiling num_threads v0.1.7
   Compiling crunchy v0.2.4
   Compiling nu-ansi-term v0.50.3
   Compiling tracing-log v0.2.0
   Compiling matchers v0.2.0
   Compiling thread_local v1.1.9
   Compiling itertools v0.14.0
   Compiling dyn-clone v1.0.20
   Compiling siphasher v1.0.1
   Compiling phf_shared v0.11.3
   Compiling toml_edit v0.23.9
   Compiling sha2 v0.10.9
   Compiling time v0.3.44
   Compiling proc-macro-crate v3.4.0
   Compiling memoffset v0.9.1
   Compiling relative-path v1.9.3
   Compiling inventory v0.3.21
   Compiling intrusive-collections v0.9.7
   Compiling portable-atomic v1.11.1
   Compiling hashlink v0.10.0
   Compiling crossbeam-queue v0.3.12
   Compiling salsa-macro-rules v0.26.0
   Compiling thin-vec v0.2.14
   Compiling boxcar v0.2.14
   Compiling ref-cast v1.0.25
   Compiling string_cache v0.8.9
   Compiling schemars v1.1.0
   Compiling vector-map v1.0.2
   Compiling smol_str v0.3.4
   Compiling ena v0.14.3
   Compiling instant v0.1.13
   Compiling stable_deref_trait v1.2.1
   Compiling xshell v0.2.7
   Compiling anyhow v1.0.100
   Compiling id-arena v2.2.1
   Compiling hashbrown v0.12.3
   Compiling strsim v0.11.1
   Compiling indexmap v1.9.3
   Compiling unescaper v0.1.8
   Compiling atty v0.2.14
   Compiling termcolor v1.4.1
   Compiling humantime v2.3.0
   Compiling env_logger v0.9.3
   Compiling itertools v0.10.5
   Compiling bitflags v2.10.0
   Compiling jobserver v0.1.34
   Compiling diff v0.1.13
   Compiling cc v1.2.49
   Compiling thiserror v1.0.69
   Compiling const_format v0.2.35
   Compiling sha3 v0.10.8
   Compiling rayon v1.11.0
   Compiling semver v1.0.27
   Compiling sharded-slab v0.1.7
   Compiling const-fnv1a-hash v1.1.0
   Compiling hmac v0.12.1
   Compiling rustc-hash v1.1.0
   Compiling rfc6979 v0.4.0
   Compiling rawpointer v0.2.1
   Compiling tracing-subscriber v0.3.22
   Compiling matrixmultiply v0.3.10
   Compiling crypto-bigint v0.5.5
   Compiling num-complex v0.4.6
   Compiling ndarray v0.17.1
   Compiling salsa v0.26.0
   Compiling tiny-keccak v2.0.2
   Compiling getrandom v0.3.4
   Compiling convert_case v0.10.0
   Compiling parking_lot_core v0.8.6
   Compiling derive_more-impl v2.1.1
   Compiling parity-scale-codec-derive v3.7.5
   Compiling cairo-lang-utils v2.17.0
   Compiling heck v0.3.3
   Compiling byte-slice-cast v1.2.3
   Compiling salsa-macros v0.16.0
   Compiling parity-scale-codec v3.7.5
   Compiling parking_lot v0.11.2
   Compiling oorandom v11.1.5
   Compiling signal-hook-registry v1.4.7
   Compiling mio v1.1.1
   Compiling salsa v0.16.1
   Compiling same-file v1.0.6
   Compiling walkdir v2.5.0
   Compiling zerofrom v0.1.6
   Compiling yoke v0.8.1
   Compiling serde_spanned v1.1.1
   Compiling toml_writer v1.1.1+spec-1.1.0
   Compiling futures-core v0.3.31
   Compiling derive_more v2.1.1
   Compiling cairo-lang-debug v2.17.0
   Compiling minimal-lexical v0.2.1
   Compiling winnow v0.7.14
   Compiling cairo-lang-proc-macros v2.17.0
   Compiling nom v7.1.3
   Compiling zerovec v0.11.5
   Compiling path-clean v1.0.1
   Compiling pin-utils v0.1.0
   Compiling futures-sink v0.3.31
   Compiling socket2 v0.6.1
   Compiling tinystr v0.8.2
   Compiling writeable v0.6.2
   Compiling litemap v0.8.1
   Compiling byteorder v1.5.0
   Compiling tokio v1.48.0
   Compiling icu_locale_core v2.1.1
   Compiling zerotrie v0.2.3
   Compiling potential_utf v0.1.4
   Compiling der v0.7.10
   Compiling petgraph v0.7.1
   Compiling icu_provider v2.1.1
   Compiling icu_collections v2.1.1
   Compiling darling_core v0.21.3
   Compiling lalrpop-util v0.22.2
   Compiling ff v0.13.1
   Compiling colored v3.0.0
   Compiling base16ct v0.2.0
   Compiling sec1 v0.7.3
   Compiling lalrpop v0.22.2
   Compiling group v0.13.0
   Compiling icu_normalizer_data v2.1.1
   Compiling lambdaworks-math v0.13.0
   Compiling darling_macro v0.21.3
   Compiling rustc_version v0.4.1
   Compiling slab v0.4.11
   Compiling cairo-lang-primitive-token v1.0.0
   Compiling lambdaworks-crypto v0.13.0
   Compiling alloy-rlp v0.3.12
   Compiling darling v0.21.3
   Compiling elliptic-curve v0.13.8
   Compiling icu_properties_data v2.1.2
   Compiling spki v0.7.3
   Compiling futures-channel v0.3.31
   Compiling signature v2.2.0
   Compiling blake2 v0.10.6
   Compiling path-clean v0.1.0
   Compiling percent-encoding v2.3.2
   Compiling starknet-types-core v0.2.4
   Compiling ecdsa v0.16.9
   Compiling icu_properties v2.1.2
   Compiling ruint v1.17.0
   Compiling sprs v0.11.4
   Compiling convert_case v0.11.0
   Compiling futures-task v0.3.31
   Compiling futures-io v0.3.31
   Compiling adler2 v2.0.1
   Compiling simd-adler32 v0.3.8
   Compiling assert_matches v1.5.0
   Compiling miniz_oxide v0.8.9
   Compiling futures-util v0.3.31
   Compiling microlp v0.2.11
   Compiling k256 v0.13.4
   Compiling cairo-lang-sierra v2.17.0
   Compiling crc32fast v1.5.0
   Compiling serde_with_macros v3.16.1
   Compiling const-hex v1.17.0
   Compiling yansi v1.0.1
   Compiling utf8_iter v1.0.4
   Compiling pretty_assertions v1.4.1
   Compiling alloy-primitives v1.4.1
   Compiling flate2 v1.1.5
   Compiling good_lp v1.14.2
   Compiling hex v0.4.3
   Compiling anstyle v1.0.13
   Compiling heapless v0.7.17
   Compiling itertools v0.13.0
   Compiling smol_str v0.2.2
   Compiling utf8parse v0.2.2
   Compiling anstyle-parse v0.2.7
   Compiling typeid v1.0.3
   Compiling hash32 v0.2.1
   Compiling dirs-sys-next v0.1.2
   Compiling bstr v1.12.1
   Compiling colorchoice v1.0.4
   Compiling is_terminal_polyfill v1.70.2
   Compiling anstyle-query v1.1.5
   Compiling anstream v0.6.21
   Compiling globset v0.4.18
   Compiling dirs-next v2.0.0
   Compiling erased-serde v0.4.9
   Compiling cobs v0.3.0
   Compiling clap_lex v0.7.6
   Compiling postcard v1.1.3
   Compiling ignore v0.4.25
   Compiling typetag v0.2.21
   Compiling term v0.7.0
   Compiling http v1.4.0
   Compiling diffy v0.4.2
   Compiling iana-time-zone v0.1.64
   Compiling linux-raw-sys v0.11.0
   Compiling xxhash-rust v0.8.15
   Compiling rustix v1.1.2
   Compiling petgraph v0.6.5
   Compiling chrono v0.4.42
   Compiling ascii-canvas v3.0.0
   Compiling tokio-util v0.7.18
   Compiling lalrpop-util v0.19.12
   Compiling is-terminal v0.4.17
   Compiling tap v1.0.1
   Compiling ryu v1.0.20
   Compiling lalrpop v0.19.12
   Compiling wyz v0.5.1
   Compiling genco v0.17.10
   Compiling radium v0.7.0
   Compiling serde_with v3.16.1
   Compiling icu_normalizer v2.1.1
   Compiling ark-std v0.5.0
   Compiling socket2 v0.5.10
   Compiling indent v0.1.1
   Compiling funty v2.0.0
   Compiling idna_adapter v1.2.1
   Compiling bitvec v1.0.1
   Compiling form_urlencoded v1.2.2
   Compiling rand_core v0.9.3
   Compiling fastrand v2.3.0
   Compiling tempfile v3.23.0
   Compiling idna v1.1.0
   Compiling lru v0.12.5
   Compiling ark-ff-macros v0.5.0
   Compiling num-modular v0.5.1
   Compiling libloading v0.8.9
   Compiling toml v0.9.12+spec-1.1.0
   Compiling clang-sys v1.8.1
   Compiling url v2.5.8
   Compiling rand_chacha v0.9.0
   Compiling cexpr v0.6.0
   Compiling colored v2.2.0
   Compiling cairo-lang-filesystem v2.17.0
   Compiling rand v0.9.2
   Compiling ahash v0.8.12
   Compiling zip v0.6.6
   Compiling futures-executor v0.3.31
   Compiling num_enum_derive v0.7.5
   Compiling alloy-sol-type-parser v1.4.1
   Compiling num_enum v0.7.5
   Compiling alloy-json-abi v1.4.1
   Compiling strum v0.27.2
   Compiling http-body v1.0.1
   Compiling clap_builder v4.5.53
   Compiling tower-service v0.3.3
   Compiling alloy-sol-macro-input v1.4.1
   Compiling openssl-sys v0.9.111
   Compiling clap v4.5.53
   Compiling genco v0.19.0
   Compiling convert_case v0.6.0
   Compiling base64 v0.22.1
   Compiling try-lock v0.2.5
   Compiling atomic-waker v1.1.2
   Compiling want v0.3.1
   Compiling h2 v0.4.12
   Compiling cairo-lang-syntax-codegen v2.17.0
   Compiling httparse v1.10.1
   Compiling alloy-sol-macro-expander v1.4.1
   Compiling cairo-lang-diagnostics v2.17.0
   Compiling cairo-lang-syntax v2.17.0
   Compiling ring v0.17.14
   Compiling crc-catalog v2.4.0
   Compiling crc v3.4.0
   Compiling alloy-sol-macro v1.4.1
   Compiling hyper v1.8.1
   Compiling cairo-lang-utils v1.0.0-alpha.6 (https://github.com/starkware-libs/cairo?tag=v1.0.0-alpha.6#439da05a)
   Compiling cairo-lang-parser v2.17.0
   Compiling cairo-lang-utils v1.0.0-rc0 (https://github.com/starkware-libs/cairo?tag=v1.0.0-rc0#05867c82)
   Compiling cairo-lang-utils v1.1.1
   Compiling ipnet v2.11.0
   Compiling hyper-util v0.1.19
   Compiling alloy-sol-types v1.4.1
   Compiling alloy-eip2124 v0.2.0
   Compiling sync_wrapper v1.0.2
   Compiling rustls-pki-types v1.13.1
   Compiling tower-layer v0.3.3
   Compiling untrusted v0.9.0
   Compiling foreign-types-shared v0.1.1
   Compiling openssl v0.10.75
   Compiling foreign-types v0.3.2
   Compiling darling_core v0.14.4
   Compiling tower v0.5.2
   Compiling serde_json_pythonic v0.1.2
   Compiling cairo-lang-sierra-type-size v2.17.0
   Compiling futures v0.3.31
   Compiling alloy-serde v1.1.3
   Compiling alloy-eip7702 v0.6.3
   Compiling alloy-eip2930 v0.2.3
   Compiling cairo-lang-eq-solver v2.17.0
   Compiling nybbles v0.4.6
   Compiling native-tls v0.2.14
   Compiling rustls v0.23.35
   Compiling alloy-trie v0.9.1
   Compiling alloy-eips v1.1.3
   Compiling rustls-webpki v0.103.8
   Compiling darling_macro v0.14.4
   Compiling cairo-lang-defs v2.17.0
   Compiling cairo-lang-formatter v2.17.0
   Compiling http-body-util v0.1.3
   Compiling starknet-curve v0.6.0
   Compiling smol_str v0.1.24
   Compiling openssl-probe v0.1.6
   Compiling unicase v2.8.1
   Compiling mime_guess v2.0.5
   Compiling starknet-crypto v0.8.1
   Compiling cairo-lang-test-utils v2.17.0
   Compiling darling v0.14.4
   Compiling cairo-lang-sierra-gas v2.17.0
   Compiling cairo-lang-sierra-ap-change v2.17.0
   Compiling ark-serialize v0.5.0
   Compiling tokio-stream v0.1.17
   Compiling cairo-lang-casm v2.17.0
   Compiling cairo-lang-plugins v2.17.0
   Compiling alloy-tx-macros v1.1.3
   Compiling cached_proc_macro_types v0.1.1
   Compiling static_assertions v1.1.0
   Compiling cached_proc_macro v0.17.0
   Compiling ark-ff v0.5.0
   Compiling alloy-consensus v1.1.3
   Compiling cairo-lang-semantic v2.17.0
   Compiling cairo-lang-sierra-to-casm v2.17.0
   Compiling tokio-rustls v0.26.4
   Compiling tokio-native-tls v0.3.1
   Compiling webpki-roots v1.0.4
   Compiling num-prime v0.4.4
   Compiling rust_decimal v1.39.0
   Compiling itertools v0.12.1
   Compiling mime v0.3.17
   Compiling hashbrown v0.13.2
   Compiling base64 v0.21.7
   Compiling rustc-hex v2.1.0
   Compiling iri-string v0.7.9
   Compiling fixed-hash v0.8.0
   Compiling cairo-vm v3.2.0
   Compiling tower-http v0.6.8
   Compiling cairo-lang-lowering v2.17.0
   Compiling hyper-rustls v0.27.7
   Compiling bindgen v0.71.1
   Compiling hyper-tls v0.6.0
   Compiling ark-poly v0.5.0
   Compiling uint v0.9.5
   Compiling serde_urlencoded v0.7.1
   Compiling impl-serde v0.4.0
   Compiling encoding_rs v0.8.35
   Compiling cairo-lang-debug v1.1.1
   Compiling cairo-lang-debug v1.0.0-rc0 (https://github.com/starkware-libs/cairo?tag=v1.0.0-rc0#05867c82)
   Compiling cairo-lang-debug v1.0.0-alpha.6 (https://github.com/starkware-libs/cairo?tag=v1.0.0-alpha.6#439da05a)
   Compiling pin-project v1.1.10
   Compiling reqwest v0.12.26
   Compiling primitive-types v0.12.2
   Compiling cairo-lang-sierra-generator v2.17.0
   Compiling ark-ec v0.5.0
   Compiling cairo-lang-runnable-utils v2.17.0
   Compiling alloy-network-primitives v1.1.3
   Compiling alloy-consensus-any v1.1.3
   Compiling cairo-lang-project v2.17.0
   Compiling base64 v0.13.1
   Compiling cairo-lang-compiler v2.17.0
   Compiling alloy-rpc-types-eth v1.1.3
   Compiling cairo-lang-filesystem v1.0.0-alpha.6 (https://github.com/starkware-libs/cairo?tag=v1.0.0-alpha.6#439da05a)
   Compiling cairo-lang-filesystem v1.0.0-rc0 (https://github.com/starkware-libs/cairo?tag=v1.0.0-rc0#05867c82)
   Compiling cairo-lang-filesystem v1.1.1
   Compiling cairo-lang-starknet-classes v2.17.0
   Compiling alloy-json-rpc v1.1.3
   Compiling assert-json-diff v2.0.2
   Compiling futures-utils-wasm v0.1.0
   Compiling apollo_infra_utils v0.18.0-rc.1 (https://github.com/starkware-libs/sequencer?tag=APOLLO-0.14.2-RC.7-fix#4251763b)
   Compiling cairo-lang-starknet v2.17.0
   Compiling ark-secp256r1 v0.5.0
   Compiling ark-secp256k1 v0.5.0
   Compiling darling_core v0.20.11
   Compiling cairo-lang-runner v2.17.0
   Compiling darling_macro v0.20.11
   Compiling tblgen v0.5.2
   Compiling hashbrown v0.14.5
   Compiling opentelemetry v0.30.0
   Compiling jsonptr v0.7.1
   Compiling toml v0.4.10
   Compiling dissimilar v1.0.10
   Compiling json-patch v4.1.0
   Compiling expect-test v1.5.1
   Compiling starknet-core v0.16.0
   Compiling darling v0.20.11
   Compiling rlimit v0.10.2
   Compiling cached v0.44.0
   Compiling cairo-lang-diagnostics v1.1.1
   Compiling cairo-lang-syntax v1.1.1
   Compiling cairo-lang-syntax v1.0.0-rc0 (https://github.com/starkware-libs/cairo?tag=v1.0.0-rc0#05867c82)
   Compiling cairo-lang-diagnostics v1.0.0-rc0 (https://github.com/starkware-libs/cairo?tag=v1.0.0-rc0#05867c82)
   Compiling cairo-lang-diagnostics v1.0.0-alpha.6 (https://github.com/starkware-libs/cairo?tag=v1.0.0-alpha.6#439da05a)
   Compiling cairo-lang-syntax v1.0.0-alpha.6 (https://github.com/starkware-libs/cairo?tag=v1.0.0-alpha.6#439da05a)
   Compiling alloy-rpc-types-any v1.1.3
   Compiling mlir-sys v0.4.2
   Compiling apollo_sizeof v0.18.0-rc.1 (https://github.com/starkware-libs/sequencer?tag=APOLLO-0.14.2-RC.7-fix#4251763b)
   Compiling cairo-lang-syntax-codegen v1.1.1
   Compiling cairo-lang-syntax-codegen v1.0.0-rc0 (https://github.com/starkware-libs/cairo?tag=v1.0.0-rc0#05867c82)
   Compiling cairo-lang-syntax-codegen v1.0.0-alpha.6 (https://github.com/starkware-libs/cairo?tag=v1.0.0-alpha.6#439da05a)
   Compiling alloy-signer v1.1.3
   Compiling cairo-lang-sierra v1.0.0-rc0 (https://github.com/starkware-libs/cairo?tag=v1.0.0-rc0#05867c82)
   Compiling cairo-lang-sierra v1.1.1
   Compiling cairo-lang-sierra v1.0.0-alpha.6 (https://github.com/starkware-libs/cairo?tag=v1.0.0-alpha.6#439da05a)
   Compiling hybrid-array v0.2.3
   Compiling llvm-sys v191.1.0
   Compiling crypto-bigint v0.6.1
   Compiling comrak v0.33.0
   Compiling cairo-lang-parser v1.0.0-alpha.6 (https://github.com/starkware-libs/cairo?tag=v1.0.0-alpha.6#439da05a)
   Compiling alloy-network v1.1.3
   Compiling cairo-lang-parser v1.0.0-rc0 (https://github.com/starkware-libs/cairo?tag=v1.0.0-rc0#05867c82)
   Compiling cairo-lang-parser v1.1.1
   Compiling starknet_api v0.18.0-rc.1 (https://github.com/starkware-libs/sequencer?tag=APOLLO-0.14.2-RC.7-fix#4251763b)
   Compiling validator_derive v0.20.0
   Compiling dashmap v6.1.0
   Compiling alloy-transport v1.1.3
   Compiling alloy-chains v0.2.23
   Compiling starknet-rust-curve v0.19.0-rc.2
   Compiling convert_case v0.7.1
   Compiling starknet-rust-crypto v0.19.0-rc.2
   Compiling melior-macro v0.14.0
   Compiling alloy-transport-http v1.1.3
   Compiling alloy-hardforks v0.2.13
   Compiling validator v0.20.0
   Compiling apollo_compilation_utils v0.18.0-rc.1 (https://github.com/starkware-libs/sequencer?tag=APOLLO-0.14.2-RC.7-fix#4251763b)
   Compiling cairo-lang-defs v1.1.1
   Compiling cairo-lang-defs v1.0.0-rc0 (https://github.com/starkware-libs/cairo?tag=v1.0.0-rc0#05867c82)
   Compiling alloy-signer-local v1.1.3
   Compiling cairo-lang-defs v1.0.0-alpha.6 (https://github.com/starkware-libs/cairo?tag=v1.0.0-alpha.6#439da05a)
   Compiling opentelemetry_sdk v0.30.0
   Compiling cairo-lang-proc-macros v1.0.0-alpha.6 (https://github.com/starkware-libs/cairo?tag=v1.0.0-alpha.6#439da05a)
   Compiling cairo-lang-proc-macros v1.0.0-rc0 (https://github.com/starkware-libs/cairo?tag=v1.0.0-rc0#05867c82)
   Compiling cairo-lang-proc-macros v1.1.1
   Compiling alloy-genesis v1.1.3
   Compiling prost-derive v0.13.5
   Compiling predicates-core v1.0.9
   Compiling async-stream v0.3.6
   Compiling starknet-rust-core v0.19.0-rc.2
   Compiling prost v0.13.5
   Compiling alloy-node-bindings v1.1.3
   Compiling cairo-lang-semantic v1.1.1
   Compiling cairo-lang-semantic v1.0.0-rc0 (https://github.com/starkware-libs/cairo?tag=v1.0.0-rc0#05867c82)
   Compiling cairo-lang-semantic v1.0.0-alpha.6 (https://github.com/starkware-libs/cairo?tag=v1.0.0-alpha.6#439da05a)
   Compiling melior v0.21.0
   Compiling apollo_compile_to_native v0.18.0-rc.1 (https://github.com/starkware-libs/sequencer?tag=APOLLO-0.14.2-RC.7-fix#4251763b)
   Compiling apollo_config v0.18.0-rc.1 (https://github.com/starkware-libs/sequencer?tag=APOLLO-0.14.2-RC.7-fix#4251763b)
   Compiling alloy-rpc-client v1.1.3
   Compiling aquamarine v0.6.0
   Compiling alloy-rpc-types-anvil v1.1.3
   Compiling alloy-dyn-abi v1.4.1
   Compiling hyper-timeout v0.5.2
   Compiling phf_generator v0.11.3
   Compiling lru v0.13.0
   Compiling termtree v0.5.1
   Compiling bumpalo v3.19.0
   Compiling predicates-tree v1.0.12
   Compiling cairo-native v0.9.0-rc.6
   Compiling alloy-provider v1.1.3
   Compiling phf_macros v0.11.3
   Compiling tonic v0.13.1
   Compiling apollo_compile_to_native_types v0.18.0-rc.1 (https://github.com/starkware-libs/sequencer?tag=APOLLO-0.14.2-RC.7-fix#4251763b)
   Compiling predicates v3.1.3
   Compiling cairo-lang-eq-solver v1.1.1
   Compiling cairo-lang-eq-solver v1.0.0-rc0 (https://github.com/starkware-libs/cairo?tag=v1.0.0-rc0#05867c82)
   Compiling cairo-lang-eq-solver v1.0.0-alpha.6 (https://github.com/starkware-libs/cairo?tag=v1.0.0-alpha.6#439da05a)
   Compiling metrics v0.24.3
   Compiling apollo_time v0.18.0-rc.1 (https://github.com/starkware-libs/sequencer?tag=APOLLO-0.14.2-RC.7-fix#4251763b)
   Compiling cairo-felt v0.3.0-rc1
   Compiling mockall_derive v0.12.1
   Compiling downcast v0.11.0
   Compiling fragile v2.0.1
   Compiling phf v0.11.3
   Compiling apollo_metrics v0.18.0-rc.1 (https://github.com/starkware-libs/sequencer?tag=APOLLO-0.14.2-RC.7-fix#4251763b)
   Compiling opentelemetry-proto v0.30.0
   Compiling alloy-contract v1.1.3
   Compiling mockall v0.12.1
   Compiling alloy-core v1.4.1
   Compiling cairo-lang-lowering v1.0.0-rc0 (https://github.com/starkware-libs/cairo?tag=v1.0.0-rc0#05867c82)
   Compiling cairo-lang-plugins v1.0.0-rc0 (https://github.com/starkware-libs/cairo?tag=v1.0.0-rc0#05867c82)
   Compiling cairo-lang-lowering v1.0.0-alpha.6 (https://github.com/starkware-libs/cairo?tag=v1.0.0-alpha.6#439da05a)
   Compiling cairo-lang-plugins v1.0.0-alpha.6 (https://github.com/starkware-libs/cairo?tag=v1.0.0-alpha.6#439da05a)
   Compiling cairo-lang-lowering v1.1.1
   Compiling cairo-lang-plugins v1.1.1
   Compiling blockifier_test_utils v0.18.0-rc.1 (https://github.com/starkware-libs/sequencer?tag=APOLLO-0.14.2-RC.7-fix#4251763b)
   Compiling opentelemetry-http v0.30.0
   Compiling alloy-rpc-types v1.1.3
   Compiling num-rational v0.4.2
   Compiling unsafe-libyaml v0.2.11
   Compiling blockifier v0.18.0-rc.1 (https://github.com/starkware-libs/sequencer?tag=APOLLO-0.14.2-RC.7-fix#4251763b)
   Compiling serde_yaml v0.9.34+deprecated
   Compiling alloy v1.1.3
   Compiling opentelemetry-otlp v0.30.0
   Compiling cairo-lang-sierra-generator v1.1.1
   Compiling cairo-lang-sierra-generator v1.0.0-alpha.6 (https://github.com/starkware-libs/cairo?tag=v1.0.0-alpha.6#439da05a)
   Compiling cairo-lang-sierra-generator v1.0.0-rc0 (https://github.com/starkware-libs/cairo?tag=v1.0.0-rc0#05867c82)
   Compiling bindgen v0.72.1
   Compiling cairo-lang-sierra-ap-change v1.0.0-alpha.6 (https://github.com/starkware-libs/cairo?tag=v1.0.0-alpha.6#439da05a)
   Compiling cairo-lang-sierra-gas v1.0.0-alpha.6 (https://github.com/starkware-libs/cairo?tag=v1.0.0-alpha.6#439da05a)
   Compiling cairo-lang-sierra-gas v1.0.0-rc0 (https://github.com/starkware-libs/cairo?tag=v1.0.0-rc0#05867c82)
   Compiling cairo-lang-sierra-ap-change v1.0.0-rc0 (https://github.com/starkware-libs/cairo?tag=v1.0.0-rc0#05867c82)
   Compiling cairo-lang-sierra-ap-change v1.1.1
   Compiling cairo-lang-sierra-gas v1.1.1
   Compiling cairo-lang-casm v1.0.0-alpha.6 (https://github.com/starkware-libs/cairo?tag=v1.0.0-alpha.6#439da05a)
   Compiling tracing-opentelemetry v0.31.0
   Compiling opentelemetry-stdout v0.30.0
   Compiling cairo-lang-project v1.1.1
   Compiling cairo-lang-project v1.0.0-alpha.6 (https://github.com/starkware-libs/cairo?tag=v1.0.0-alpha.6#439da05a)
   Compiling cairo-lang-project v1.0.0-rc0 (https://github.com/starkware-libs/cairo?tag=v1.0.0-rc0#05867c82)
   Compiling opentelemetry-appender-tracing v0.30.1
   Compiling cairo-lang-casm v1.1.1
   Compiling cairo-lang-casm v1.0.0-rc0 (https://github.com/starkware-libs/cairo?tag=v1.0.0-rc0#05867c82)
   Compiling mp-rpc v0.10.0 (/workspace/madara/crates/primitives/rpc)
   Compiling cairo-felt v0.1.3
   Compiling opentelemetry-semantic-conventions v0.30.0
   Compiling mp-utils v0.10.0 (/workspace/madara/crates/primitives/utils)
   Compiling cairo-lang-sierra-to-casm v1.0.0-alpha.6 (https://github.com/starkware-libs/cairo?tag=v1.0.0-alpha.6#439da05a)
   Compiling cairo-lang-sierra-to-casm v1.0.0-rc0 (https://github.com/starkware-libs/cairo?tag=v1.0.0-rc0#05867c82)
   Compiling cairo-lang-sierra-to-casm v1.1.1
   Compiling zstd-sys v2.0.16+zstd.1.5.7
   Compiling cairo-lang-compiler v1.0.0-rc0 (https://github.com/starkware-libs/cairo?tag=v1.0.0-rc0#05867c82)
   Compiling cairo-lang-compiler v1.0.0-alpha.6 (https://github.com/starkware-libs/cairo?tag=v1.0.0-alpha.6#439da05a)
   Compiling cairo-lang-compiler v1.1.1
   Compiling mp-convert v0.10.0 (/workspace/madara/crates/primitives/convert)
   Compiling libz-sys v1.1.28
   Compiling bzip2-sys v0.1.13+1.0.8
   Compiling lz4-sys v1.11.1+lz4-1.10.0
   Compiling bindgen v0.69.5
   Compiling cairo-lang-starknet v1.1.1
   Compiling cairo-lang-starknet v1.0.0-alpha.6 (https://github.com/starkware-libs/cairo?tag=v1.0.0-alpha.6#439da05a)
   Compiling cairo-lang-starknet v1.0.0-rc0 (https://github.com/starkware-libs/cairo?tag=v1.0.0-rc0#05867c82)
   Compiling xattr v1.6.1
   Compiling rstest_macros v0.26.1
   Compiling hybrid-array v0.4.10
   Compiling filetime v0.2.26
   Compiling tar v0.4.46
   Compiling mp-class v0.10.0 (/workspace/madara/crates/primitives/class)
   Compiling crypto-common v0.2.2
   Compiling librocksdb-sys v0.17.0+9.0.0 (https://github.com/madara-alliance/rust-rocksdb?branch=read-options-set-raw-snapshot#75f13c78)
   Compiling unicode-width v0.2.2
   Compiling const-oid v0.10.2
   Compiling digest v0.11.3
   Compiling console v0.15.11
   Compiling build-version v1.0.0 (/workspace/build-artifacts)
   Compiling mp-chain-config v0.10.0 (/workspace/madara/crates/primitives/chain_config)
   Compiling sysinfo v0.30.13
   Compiling keccak v0.2.0
   Compiling sponge-cursor v0.1.0
   Compiling futures-timer v3.0.3
   Compiling sha3 v0.12.0
   Compiling rstest v0.26.1
   Compiling mc-telemetry v0.10.0 (/workspace/madara/crates/client/telemetry)
   Compiling mp-transactions v0.10.0 (/workspace/madara/crates/primitives/transactions)
   Compiling m-cairo-test-contracts v0.10.0 (/workspace/madara/crates/cairo-test-contracts)
   Compiling slotmap v1.1.1
   Compiling libm v0.2.15
   Compiling wait-timeout v0.2.1
   Compiling bit-vec v0.8.0
   Compiling quick-error v1.2.3
   Compiling mc-class-exec v0.10.0 (/workspace/madara/crates/client/cairo_native)
   Compiling rusty-fork v0.3.1
   Compiling bit-set v0.8.0
   Compiling bonsai-trie v0.1.0 (https://github.com/madara-alliance/bonsai-trie?tag=v1.0.0#13e8f7b3)
   Compiling mp-receipt v0.10.0 (/workspace/madara/crates/primitives/receipt)
   Compiling bigdecimal v0.4.10
   Compiling getrandom v0.4.2
   Compiling mp-state-update v0.10.0 (/workspace/madara/crates/primitives/state_update)
   Compiling rand_xorshift v0.4.0
   Compiling unarray v0.1.4
   Compiling mc-db v0.10.0 (/workspace/madara/crates/client/db)
   Compiling mp-block v0.10.0 (/workspace/madara/crates/primitives/block)
   Compiling proptest v1.11.0
   Compiling uuid v1.23.0
   Compiling mp-bloom-filter v0.10.0 (/workspace/madara/crates/primitives/bloom_filter)
   Compiling bincode v1.3.3
   Compiling rocksdb v0.22.0 (https://github.com/madara-alliance/rust-rocksdb?branch=read-options-set-raw-snapshot#75f13c78)
    Finished `test` profile [unoptimized + debuginfo] target(s) in 9m 09s
     Running unittests src/lib.rs (target/debug/deps/mc_db-6af5c80c0f91addf)

running 1 test
test rocksdb::options::tests::write_mode_controls_real_wal_sync ... ok

test result: ok. 1 passed; 0 failed; 0 ignored; 0 measured; 105 filtered out; finished in 0.11s

