    Finished `test` profile [unoptimized + debuginfo] target(s) in 1.00s
     Running unittests src/lib.rs (target/debug/deps/mc_sequencer_randomness-7c51e3f9077e39bc)

running 18 tests
test service::tests::admission_requires_the_current_nonce_with_a_representable_successor ... ok
test service::tests::expired_intent_cannot_use_an_older_closed_block_to_enter ... ok
test service::tests::admission_rejects_player_roots_context_and_transport_identity ... ok
test service::tests::reverted_transport_stops_at_every_finality_without_resubmitting ... ok
test ticket::tests::entropy_error_or_partial_fill_never_allows_a_second_attempt ... ok
test ticket::tests::cross_language_context_boundaries ... ok
test ticket::tests::syscall_failure_has_no_fallback ... ignored, requires getrandom denied by the syscall fault drill
test ticket::tests::initialized_os_source_fills_a_complete_root ... ok
test ticket::tests::source_unwind_and_zero_transaction_or_result_fail_closed ... ok
test submission::tests::execution_transport_retains_intent_context_root_and_witnesses ... ok
test settlement::tests::disabled_cosmetics_preserve_ignored_tokens_but_require_the_bound_owner ... ok
test ticket::tests::root_is_hidden_until_commit_and_preserved_through_both_terminal_paths ... ok
test submission::tests::execution_transport_rejects_multicalls_malformed_envelopes_and_argument_substitution ... ok
test ticket::tests::every_invalid_transition_is_rejected ... ok
test ticket::tests::recovery_at_every_accepted_state_keeps_the_binding_and_cannot_sample ... ok
test settlement::tests::signed_claims_reject_truncation_extra_fields_and_noncanonical_values ... ok
test settlement::tests::admission_reads_finalized_l2_wallet_ownership_and_retains_original_snapshot ... ok
test settlement::tests::stalled_l2_admission_is_bounded_before_sampling ... ok

test result: ok. 17 passed; 0 failed; 1 ignored; 0 measured; 0 filtered out; finished in 10.01s

     Running unittests src/bin/randomness-sidecar.rs (target/debug/deps/randomness_sidecar-5ae693337eac18cf)

running 0 tests

test result: ok. 0 passed; 0 failed; 0 ignored; 0 measured; 0 filtered out; finished in 0.00s

     Running tests/journal.rs (target/debug/deps/journal-0f09ca3b128edd16)

running 1 test
test replicated_journal_rehearsal ... ignored, requires the isolated madara-rand synchronous PostgreSQL pair; replaces only its rehearsal schema

test result: ok. 0 passed; 0 failed; 1 ignored; 0 measured; 0 filtered out; finished in 0.00s

     Running tests/protocol.rs (target/debug/deps/protocol-2defa0345df2144a)

running 4 tests
test rejects_noncanonical_bytes_and_framing ... ok
test every_signed_field_changes_action_identity ... ok
test rejects_invalid_envelopes_and_binds_execution_context ... ok
test canonical_cross_language_vectors ... ok

test result: ok. 4 passed; 0 failed; 0 ignored; 0 measured; 0 filtered out; finished in 0.02s

     Running tests/recovery_snapshot.rs (target/debug/deps/recovery_snapshot-d5d96f3b72a38874)

running 1 test
test survivor_prefix_matches_chain_before_promotion ... ignored, requires a fenced local survivor and captured chain progress; reads the survivor without promotion

test result: ok. 0 passed; 0 failed; 1 ignored; 0 measured; 0 filtered out; finished in 0.00s

   Doc-tests mc_sequencer_randomness

running 0 tests

test result: ok. 0 passed; 0 failed; 0 ignored; 0 measured; 0 filtered out; finished in 0.00s

