Scope: 7 of 28 workspace projects
packages/chain build$ tsup src/index.ts --target esnext --format esm,cjs --dts --sourcemap --clean
packages/chain build: CLI Building entry: src/index.ts
packages/chain build: CLI Using tsconfig: tsconfig.json
packages/chain build: CLI tsup v8.5.1
packages/chain build: CLI Target: esnext
packages/chain build: CLI Cleaning output folder
packages/chain build: ESM Build start
packages/chain build: CJS Build start
packages/chain build: CJS dist/index.cjs     18.50 KB
packages/chain build: CJS dist/index.cjs.map 25.84 KB
packages/chain build: CJS ⚡️ Build success in 32ms
packages/chain build: ESM dist/index.js     16.46 KB
packages/chain build: ESM dist/index.js.map 25.23 KB
packages/chain build: ESM ⚡️ Build success in 32ms
packages/chain build: DTS Build start
packages/chain build: DTS ⚡️ Build success in 933ms
packages/chain build: DTS dist/index.d.ts  4.54 KB
packages/chain build: DTS dist/index.d.cts 4.54 KB
packages/chain build: Done
packages/types build$ tsup
packages/types build: CLI Building entry: src/index.ts, src/terrain.ts
packages/types build: CLI Using tsconfig: tsconfig.json
packages/types build: CLI tsup v8.5.1
packages/types build: CLI Using tsup config: /home/djizus/projects/eternum-native-world/packages/types/tsup.config.ts
packages/types build: CLI Target: esnext
packages/types build: CLI Cleaning output folder
packages/types build: ESM Build start
packages/types build: CJS Build start
packages/types build: CJS dist/terrain.cjs     2.44 KB
packages/types build: CJS dist/index.cjs       112.06 KB
packages/types build: CJS dist/terrain.cjs.map 12.45 KB
packages/types build: CJS dist/index.cjs.map   367.13 KB
packages/types build: CJS ⚡️ Build success in 33ms
packages/types build: ESM dist/terrain.js            204.00 B
packages/types build: ESM dist/index.js              97.06 KB
packages/types build: ESM dist/chunk-CXWEUJRI.js     4.44 KB
packages/types build: ESM dist/terrain.js.map        71.00 B
packages/types build: ESM dist/index.js.map          341.67 KB
packages/types build: ESM dist/chunk-CXWEUJRI.js.map 15.04 KB
packages/types build: ESM ⚡️ Build success in 33ms
packages/types build: DTS Build start
packages/types build: DTS ⚡️ Build success in 2569ms
packages/types build: DTS dist/index.d.ts             226.94 KB
packages/types build: DTS dist/terrain.d.ts           137.00 B
packages/types build: DTS dist/terrain-bqjTb7AD.d.ts  4.87 KB
packages/types build: DTS dist/index.d.cts            226.94 KB
packages/types build: DTS dist/terrain.d.cts          138.00 B
packages/types build: DTS dist/terrain-bqjTb7AD.d.cts 4.87 KB
packages/types build: Done
packages/provider build$ tsup
packages/provider build: CLI Building entry: src/classify-transaction-error.ts, src/index.ts
packages/provider build: CLI Using tsconfig: tsconfig.json
packages/provider build: CLI tsup v8.5.1
packages/provider build: CLI Using tsup config: /home/djizus/projects/eternum-native-world/packages/provider/tsup.config.ts
packages/provider build: CLI Target: esnext
packages/provider build: CLI Cleaning output folder
packages/provider build: ESM Build start
packages/provider build: ESM dist/classify-transaction-error.js     184.00 B
packages/provider build: ESM dist/index.js                          57.39 KB
packages/provider build: ESM dist/chunk-UP7RTE5E.js                 4.56 KB
packages/provider build: ESM dist/classify-transaction-error.js.map 71.00 B
packages/provider build: ESM dist/index.js.map                      223.86 KB
packages/provider build: ESM dist/chunk-UP7RTE5E.js.map             19.45 KB
packages/provider build: ESM ⚡️ Build success in 23ms
packages/provider build: DTS Build start
packages/provider build: DTS ⚡️ Build success in 2202ms
packages/provider build: DTS dist/index.d.ts                      58.69 KB
packages/provider build: DTS dist/classify-transaction-error.d.ts 1.28 KB
packages/provider build: Done
packages/dojo build$ tsup
packages/dojo build: CLI Building entry: src/index.ts
packages/dojo build: CLI Using tsconfig: tsconfig.json
packages/dojo build: CLI tsup v8.5.1
packages/dojo build: CLI Using tsup config: /home/djizus/projects/eternum-native-world/packages/dojo/tsup.config.ts
packages/dojo build: CLI Target: esnext
packages/dojo build: CLI Cleaning output folder
packages/dojo build: ESM Build start
packages/dojo build: ESM dist/index.js     1.08 KB
packages/dojo build: ESM dist/index.js.map 5.44 KB
packages/dojo build: ESM ⚡️ Build success in 11ms
packages/dojo build: DTS Build start
packages/dojo build: DTS ⚡️ Build success in 1159ms
packages/dojo build: DTS dist/index.d.ts 1.48 KB
packages/dojo build: Done
packages/core build$ tsup
packages/core build: CLI Building entry: src/index.ts, src/client/index.ts, src/managers/game-entity-keys.ts, src/sync/index.ts, src/sync/model-manifest.ts, src/utils/biome/biome.ts
packages/core build: CLI Using tsconfig: tsconfig.json
packages/core build: CLI tsup v8.5.1
packages/core build: CLI Using tsup config: /home/djizus/projects/eternum-native-world/packages/core/tsup.config.ts
packages/core build: CLI Target: esnext
packages/core build: CLI Cleaning output folder
packages/core build: ESM Build start
packages/core build: DTS Build start
packages/core build: ESM dist/chunk-ZEJDA4Q2.js                5.56 KB
packages/core build: ESM dist/managers/game-entity-keys.js     270.00 B
packages/core build: ESM dist/sync/index.js                    3.77 KB
packages/core build: ESM dist/chunk-VO2UKPLB.js                34.32 KB
packages/core build: ESM dist/chunk-ZD7ZMNBF.js                7.93 KB
packages/core build: ESM dist/chunk-TQZO24V5.js                32.16 KB
packages/core build: ESM dist/sync/model-manifest.js           230.00 B
packages/core build: ESM dist/utils/biome/biome.js             153.00 B
packages/core build: ESM dist/chunk-Q76V7G4W.js                2.26 KB
packages/core build: ESM dist/chunk-OGJ334TQ.js                81.61 KB
packages/core build: ESM dist/chunk-4C666HHU.js                148.00 B
packages/core build: ESM dist/chunk-H27MECRT.js                10.90 KB
packages/core build: ESM dist/client/index.js                  8.21 KB
packages/core build: ESM dist/index.js                         571.43 KB
packages/core build: ESM dist/managers/game-entity-keys.js.map 71.00 B
packages/core build: ESM dist/chunk-ZEJDA4Q2.js.map            30.61 KB
packages/core build: ESM dist/chunk-ZD7ZMNBF.js.map            27.25 KB
packages/core build: ESM dist/sync/index.js.map                9.24 KB
packages/core build: ESM dist/chunk-TQZO24V5.js.map            120.94 KB
packages/core build: ESM dist/chunk-VO2UKPLB.js.map            208.22 KB
packages/core build: ESM dist/utils/biome/biome.js.map         71.00 B
packages/core build: ESM dist/sync/model-manifest.js.map       71.00 B
packages/core build: ESM dist/chunk-Q76V7G4W.js.map            8.06 KB
packages/core build: ESM dist/chunk-4C666HHU.js.map            71.00 B
packages/core build: ESM dist/client/index.js.map              33.64 KB
packages/core build: ESM dist/chunk-H27MECRT.js.map            44.36 KB
packages/core build: ESM dist/chunk-OGJ334TQ.js.map            659.85 KB
packages/core build: ESM dist/full-realms-FFIBM3K2.js          3.67 MB
packages/core build: ESM dist/index.js.map                     1.65 MB
packages/core build: ESM dist/full-realms-FFIBM3K2.js.map      9.54 MB
packages/core build: ESM ⚡️ Build success in 830ms
packages/core build: DTS ⚡️ Build success in 9524ms
packages/core build: DTS dist/index.d.ts                         133.85 KB
packages/core build: DTS dist/client/index.d.ts                  5.64 KB
packages/core build: DTS dist/managers/game-entity-keys.d.ts     1.59 KB
packages/core build: DTS dist/sync/index.d.ts                    5.97 KB
packages/core build: DTS dist/sync/model-manifest.d.ts           1.45 KB
packages/core build: DTS dist/utils/biome/biome.d.ts             1.04 KB
packages/core build: DTS dist/world-directory-C9fD7zkU.d.ts      7.00 KB
packages/core build: DTS dist/game-sync-runtime-BOMXC8wV.d.ts    11.32 KB
packages/core build: DTS dist/herald-http-types--E3PAs-q.d.ts    3.33 KB
packages/core build: DTS dist/story-event-identity-Dk1ki_ga.d.ts 8.73 KB
packages/core build: Done
