   Compiling snforge_scarb_plugin v0.52.0
    Finished `release` profile [optimized] target(s) in 0.06s
   Compiling test(eternum_randomness_protocol_unittest) eternum_randomness_protocol v0.1.0 (/home/djizus/projects/eternum-accepted-recovery/contracts/l3/randomness-protocol/Scarb.toml)
   Compiling test(eternum_randomness_protocol_integrationtest) eternum_randomness_protocol_integrationtest v0.1.0 (/home/djizus/projects/eternum-accepted-recovery/contracts/l3/randomness-protocol/Scarb.toml)
    Finished `dev` profile target(s) in 2 seconds


Collected 15 test(s) from eternum_randomness_protocol package
Running 15 test(s) from tests/
[PASS] eternum_randomness_protocol_integrationtest::test_conformance::cross_language_context_boundaries (l1_gas: ~0, l1_data_gas: ~0, l2_gas: ~1004196)
[PASS] eternum_randomness_protocol_integrationtest::test_protocol::rejects_noncanonical_bytes (l1_gas: ~0, l1_data_gas: ~0, l2_gas: ~1422130)
[PASS] eternum_randomness_protocol_integrationtest::test_conformance::delayed_execution_uses_recorded_time_after_intent_expiry_and_rejects_duplicate (l1_gas: ~0, l1_data_gas: ~1920, l2_gas: ~2744446)
[PASS] eternum_randomness_protocol_integrationtest::test_conformance::pending_binding_survives_authority_credential_rotation (l1_gas: ~0, l1_data_gas: ~1920, l2_gas: ~3635024)
[PASS] eternum_randomness_protocol_integrationtest::test_conformance::outage_recovery_consumes_the_accepted_prefix_before_fresh_work (l1_gas: ~0, l1_data_gas: ~2304, l2_gas: ~4364738)
[PASS] eternum_randomness_protocol_integrationtest::test_conformance::losses_and_terminal_rejections_consume_the_original_nonce (l1_gas: ~0, l1_data_gas: ~3648, l2_gas: ~5838331)
[PASS] eternum_randomness_protocol_integrationtest::test_conformance::authority_rejects_multicalls_callbacks_and_foreign_targets (l1_gas: ~0, l1_data_gas: ~3456, l2_gas: ~7977070)
[PASS] eternum_randomness_protocol_integrationtest::test_conformance::accepted_execution_after_a_day_matches_immediate_execution (l1_gas: ~0, l1_data_gas: ~5760, l2_gas: ~8781493)
[PASS] eternum_randomness_protocol_integrationtest::test_protocol::rejects_malformed_envelopes (l1_gas: ~0, l1_data_gas: ~0, l2_gas: ~21103450)
[PASS] eternum_randomness_protocol_integrationtest::test_protocol::rejects_malformed_intents (l1_gas: ~0, l1_data_gas: ~0, l2_gas: ~21240320)
[PASS] eternum_randomness_protocol_integrationtest::test_conformance::rejects_malformed_envelope_authority_and_authorization_witness (l1_gas: ~0, l1_data_gas: ~5184, l2_gas: ~11329229)
[PASS] eternum_randomness_protocol_integrationtest::test_conformance::rejects_changed_signed_fields_and_foreign_identities (l1_gas: ~0, l1_data_gas: ~6048, l2_gas: ~10863815)
[PASS] eternum_randomness_protocol_integrationtest::test_conformance::simulation_context_cannot_bypass_transaction_authorization (l1_gas: ~0, l1_data_gas: ~5184, l2_gas: ~13877694)
[PASS] eternum_randomness_protocol_integrationtest::test_conformance::rejects_invalid_context_without_changing_progress (l1_gas: ~0, l1_data_gas: ~7776, l2_gas: ~18932908)
[PASS] eternum_randomness_protocol_integrationtest::test_protocol::canonical_cross_language_vectors (l1_gas: ~0, l1_data_gas: ~0, l2_gas: ~130697643)
Running 0 test(s) from src/
Tests: 15 passed, 0 failed, 0 ignored, 0 filtered out

