#0 building with "default" instance using docker driver

#1 [internal] load build definition from Dockerfile
#1 transferring dockerfile: 259B done
#1 DONE 0.0s

#2 [internal] load metadata for ghcr.io/madara-alliance/madara@sha256:ec30298d51ce0780e1ad88cc00e1c17bef31530d0e338fe7fcc1d71d1bad31b2
#2 DONE 0.7s

#3 [internal] load .dockerignore
#3 transferring context: 2B done
#3 DONE 0.0s

#4 [1/2] FROM ghcr.io/madara-alliance/madara@sha256:ec30298d51ce0780e1ad88cc00e1c17bef31530d0e338fe7fcc1d71d1bad31b2
#4 resolve ghcr.io/madara-alliance/madara@sha256:ec30298d51ce0780e1ad88cc00e1c17bef31530d0e338fe7fcc1d71d1bad31b2 0.0s done
#4 DONE 0.0s

#5 [internal] load build context
#5 transferring context: 613.90MB 2.1s done
#5 DONE 2.1s

#4 [1/2] FROM ghcr.io/madara-alliance/madara@sha256:ec30298d51ce0780e1ad88cc00e1c17bef31530d0e338fe7fcc1d71d1bad31b2
#4 CACHED

#6 [2/2] COPY madara madara-baseline randomness-sidecar /bin/
#6 DONE 0.9s

#7 exporting to image
#7 exporting layers
#7 exporting layers 16.5s done
#7 exporting manifest sha256:a660ee1534c9d0881c9cfdac77506a76ce051fe29863222e26fd8079a786f026 0.0s done
#7 exporting config sha256:442fd98848a89620edcd45711bff6b14bf9f06d9a09242a2b526993f99c34683 0.0s done
#7 exporting attestation manifest sha256:f5a399ceb3bba11f9b03a3d147f5fa0ee392d110df356bccd4c49babffcddcff 0.0s done
#7 exporting manifest list sha256:dee06fd2348a400b67681e20d41a7868d9b6cef4a1894ac5a632ab92e9339004 0.0s done
#7 naming to 127.0.0.1:15000/madara-rand:c342e473799b16251e0e411f8c9d984ebbeb30cf done
#7 unpacking to 127.0.0.1:15000/madara-rand:c342e473799b16251e0e411f8c9d984ebbeb30cf
#7 unpacking to 127.0.0.1:15000/madara-rand:c342e473799b16251e0e411f8c9d984ebbeb30cf 3.2s done
#7 DONE 19.7s
