#0 building with "default" instance using docker driver

#1 [internal] load build definition from Herald.Dockerfile
#1 transferring dockerfile: 206B done
#1 WARN: InvalidDefaultArgInFrom: Default value for ARG ${MADARA_IMAGE} results in empty or invalid base image name (line 2)
#1 DONE 0.0s

#2 [internal] load metadata for 127.0.0.1:15000/madara-rand@sha256:dee06fd2348a400b67681e20d41a7868d9b6cef4a1894ac5a632ab92e9339004
#2 DONE 0.0s

#3 [internal] load .dockerignore
#3 transferring context:
#3 transferring context: 2B done
#3 DONE 0.0s

#4 [1/2] FROM 127.0.0.1:15000/madara-rand@sha256:dee06fd2348a400b67681e20d41a7868d9b6cef4a1894ac5a632ab92e9339004
#4 resolve 127.0.0.1:15000/madara-rand@sha256:dee06fd2348a400b67681e20d41a7868d9b6cef4a1894ac5a632ab92e9339004 0.0s done
#4 DONE 0.2s

#5 [internal] load build context
#5 transferring context: 83.42MB 0.3s done
#5 DONE 0.3s

#6 [2/2] COPY herald /bin/herald
#6 DONE 0.3s

#7 exporting to image
#7 exporting layers
#7 exporting layers 2.5s done
#7 exporting manifest sha256:3d04b3e71f516fa544e7316bc9a121cd7274a336e27c329fad8ea7ff8f8e4161 0.0s done
#7 exporting config sha256:10198431d752ffc064f748428cee18cb09d6d74276603df976e56ba893cd153f 0.0s done
#7 exporting attestation manifest sha256:f8757c74699b7a5aa5e85bb5ac5be3f6f75d9555349af10488eff50c5eedb9bb 0.0s done
#7 exporting manifest list sha256:cf5f886f1c07148f4c6fc1113f587c50cf1785bdafdf5ed6c97c33d67d108138 0.0s done
#7 naming to 127.0.0.1:15000/randomness-herald:7ae3d93f840603130a761f78e6a59168d2dc6c03 done
#7 unpacking to 127.0.0.1:15000/randomness-herald:7ae3d93f840603130a761f78e6a59168d2dc6c03
#7 unpacking to 127.0.0.1:15000/randomness-herald:7ae3d93f840603130a761f78e6a59168d2dc6c03 0.6s done
#7 DONE 3.1s

 [33m1 warning found (use docker --debug to expand):
[0m - InvalidDefaultArgInFrom: Default value for ARG ${MADARA_IMAGE} results in empty or invalid base image name (line 2)
