#0 building with "default" instance using docker driver

#1 [internal] load build definition from Herald.Dockerfile
#1 transferring dockerfile: 206B done
#1 WARN: InvalidDefaultArgInFrom: Default value for ARG ${MADARA_IMAGE} results in empty or invalid base image name (line 2)
#1 DONE 0.0s

#2 [internal] load metadata for 127.0.0.1:15000/madara-rand@sha256:a7cd050b8429ee3e6adde66fe8172bf33b1886714bca8df5b62af3145a2660d9
#2 DONE 0.1s

#3 [internal] load .dockerignore
#3 transferring context: 2B done
#3 DONE 0.0s

#4 [internal] load build context
#4 ...

#5 [1/2] FROM 127.0.0.1:15000/madara-rand@sha256:a7cd050b8429ee3e6adde66fe8172bf33b1886714bca8df5b62af3145a2660d9
#5 resolve 127.0.0.1:15000/madara-rand@sha256:a7cd050b8429ee3e6adde66fe8172bf33b1886714bca8df5b62af3145a2660d9 0.0s done
#5 DONE 0.2s

#4 [internal] load build context
#4 transferring context: 83.42MB 0.4s done
#4 DONE 0.4s

#6 [2/2] COPY herald /bin/herald
#6 DONE 0.4s

#7 exporting to image
#7 exporting layers
#7 exporting layers 3.2s done
#7 exporting manifest sha256:1ce5520b6bae02298a60f8d412fd526a0d28b70d1ea78eb078e2a45e673e2ddd 0.0s done
#7 exporting config sha256:ab481977ccc5dff461e818939c4b974e804ffb6c230c7540201192b00f3ca341 0.1s done
#7 exporting attestation manifest sha256:606060970c6e9462868d3ead12fcae7f869294f4483956f970b6323eade8b212 0.0s done
#7 exporting manifest list sha256:2b44ea129b9e9722e3fa576da874519a295dfb42e94bd5cb5262b3770ea5930f 0.0s done
#7 naming to 127.0.0.1:15000/randomness-herald:1b787c57ae36a860679d805e9e7cdb52730d2ae2 0.0s done
#7 unpacking to 127.0.0.1:15000/randomness-herald:1b787c57ae36a860679d805e9e7cdb52730d2ae2
#7 unpacking to 127.0.0.1:15000/randomness-herald:1b787c57ae36a860679d805e9e7cdb52730d2ae2 1.3s done
#7 DONE 4.8s

 [33m1 warning found (use docker --debug to expand):
[0m - InvalidDefaultArgInFrom: Default value for ARG ${MADARA_IMAGE} results in empty or invalid base image name (line 2)
