   Compiling snforge_scarb_plugin v0.52.0
    Finished `release` profile [optimized] target(s) in 0.06s
   Compiling test(world_native_unittest) world_native v0.1.0 (/home/djizus/projects/eternum-accepted-recovery/contracts/l3/world-native/Scarb.toml)
   Compiling test(world_native_tests) world_native_tests v0.1.0 (/home/djizus/projects/eternum-accepted-recovery/contracts/l3/world-native/Scarb.toml)
    Finished `dev` profile target(s) in 12 seconds


Collected 34 test(s) from world_native package
Running 19 test(s) from src/
[PASS] world_native::tests::gameplay_before_activation_and_reinitialization_are_rejected (l1_gas: ~0, l1_data_gas: ~3456, l2_gas: ~12634511)
[PASS] world_native::tests::late_domain_failure_consumes_ticket_and_rolls_back_gameplay_rows (l1_gas: ~0, l1_data_gas: ~22464, l2_gas: ~26879278)
[PASS] world_native::tests::map_rejects_foreign_occupancy_commands_and_duplicate_mutations (l1_gas: ~0, l1_data_gas: ~21696, l2_gas: ~21578355)
PARITY_COMBAT 0 0 0
PARITY_COMBAT 0 1 0
PARITY_COMBAT 0 2 750000000000
PARITY_COMBAT 0 3 70
PARITY_COMBAT 0 4 20
PARITY_COMBAT 0 5 0
PARITY_COMBAT 0 6 0
PARITY_COMBAT 0 7 0
PARITY_COMBAT 0 8 0
PARITY_COMBAT 0 9 0
PARITY_COMBAT 0 10 0
PARITY_COMBAT 0 11 0
PARITY_COMBAT 0 12 0
PARITY_COMBAT 0 13 1260
PARITY_COMBAT 0 14 2
PARITY_COMBAT 0 15 0
PARITY_COMBAT 0 16 353000000000
PARITY_COMBAT 0 17 80
PARITY_COMBAT 0 18 20
PARITY_COMBAT 0 19 0
PARITY_COMBAT 0 20 0
PARITY_COMBAT 0 21 0
PARITY_COMBAT 0 22 0
PARITY_COMBAT 0 23 0
PARITY_COMBAT 0 24 0
PARITY_COMBAT 0 25 0
PARITY_COMBAT 0 26 0
PARITY_COMBAT 0 27 1260
[PASS] world_native::tests::recorded_context_survives_outage_and_rejects_future_time (l1_gas: ~0, l1_data_gas: ~23136, l2_gas: ~32378822)
PARITY_COMBAT 1 0 2
PARITY_COMBAT 1 1 1
PARITY_COMBAT 1 2 2243000000000
PARITY_COMBAT 1 3 70
PARITY_COMBAT 1 4 20
PARITY_COMBAT 1 5 0
PARITY_COMBAT 1 6 0
PARITY_COMBAT 1 7 0
PARITY_COMBAT 1 8 0
PARITY_COMBAT 1 9 0
PARITY_COMBAT 1 10 0
PARITY_COMBAT 1 11 0
PARITY_COMBAT 1 12 0
PARITY_COMBAT 1 13 1260
PARITY_COMBAT 1 14 1
PARITY_COMBAT 1 15 1
PARITY_COMBAT 1 16 766000000000
PARITY_COMBAT 1 17 80
PARITY_COMBAT 1 18 20
PARITY_COMBAT 1 19 0
PARITY_COMBAT 1 20 0
PARITY_COMBAT 1 21 0
PARITY_COMBAT 1 22 0
PARITY_COMBAT 1 23 0
PARITY_COMBAT 1 24 0
PARITY_COMBAT 1 25 0
PARITY_COMBAT 1 26 0
PARITY_COMBAT 1 27 1260
[PASS] world_native::tests::row_set_member_and_deleted_have_exact_wire_shapes_and_zero_is_present (l1_gas: ~0, l1_data_gas: ~23520, l2_gas: ~37189887)
PARITY_COMBAT 2 0 2
PARITY_COMBAT 2 1 0
PARITY_COMBAT 2 2 1000000000000
PARITY_COMBAT 2 3 70
PARITY_COMBAT 2 4 20
PARITY_COMBAT 2 5 0
PARITY_COMBAT 2 6 0
PARITY_COMBAT 2 7 0
PARITY_COMBAT 2 8 0
PARITY_COMBAT 2 9 0
PARITY_COMBAT 2 10 0
PARITY_COMBAT 2 11 0
PARITY_COMBAT 2 12 0
PARITY_COMBAT 2 13 1230
PARITY_COMBAT 2 14 0
PARITY_COMBAT 2 15 0
PARITY_COMBAT 2 16 425000000000
PARITY_COMBAT 2 17 100
PARITY_COMBAT 2 18 20
PARITY_COMBAT 2 19 0
PARITY_COMBAT 2 20 0
PARITY_COMBAT 2 21 0
PARITY_COMBAT 2 22 0
PARITY_COMBAT 2 23 0
PARITY_COMBAT 2 24 0
PARITY_COMBAT 2 25 0
PARITY_COMBAT 2 26 0
PARITY_COMBAT 2 27 1230
PARITY_COMBAT 3 0 0
PARITY_COMBAT 3 1 2
PARITY_COMBAT 3 2 2000000000000
PARITY_COMBAT 3 3 120
PARITY_COMBAT 3 4 20
PARITY_COMBAT 3 5 0
PARITY_COMBAT 3 6 0
PARITY_COMBAT 3 7 0
PARITY_COMBAT 3 8 0
PARITY_COMBAT 3 9 0
PARITY_COMBAT 3 10 0
PARITY_COMBAT 3 11 0
PARITY_COMBAT 3 12 0
PARITY_COMBAT 3 13 1200
PARITY_COMBAT 3 14 0
PARITY_COMBAT 3 15 0
PARITY_COMBAT 3 16 0
PARITY_COMBAT 3 17 80
PARITY_COMBAT 3 18 20
PARITY_COMBAT 3 19 0
PARITY_COMBAT 3 20 0
PARITY_COMBAT 3 21 0
PARITY_COMBAT 3 22 0
PARITY_COMBAT 3 23 0
[PASS] world_native::tests::direct_player_submission_and_forged_domain_calls_are_rejected (l1_gas: ~0, l1_data_gas: ~21504, l2_gas: ~25568516)
PARITY_COMBAT 3 24 0
PARITY_COMBAT 3 25 0
PARITY_COMBAT 3 26 0
PARITY_COMBAT 3 27 1260
[PASS] world_native::tests::append_only_replace_class_preserves_and_mutates_existing_tiles (l1_gas: ~0, l1_data_gas: ~21984, l2_gas: ~22537505)
[PASS] world_native::parity_vectors::combat_parity_vectors (l1_gas: ~0, l1_data_gas: ~0, l2_gas: ~18092710)
[PASS] world_native::tests::authority_rotates_authentication_without_replacing_the_domain (l1_gas: ~0, l1_data_gas: ~23520, l2_gas: ~33412893)
[PASS] world_native::tests::admission_rejects_unregistered_actor_and_registry_round_trip_mismatch (l1_gas: ~0, l1_data_gas: ~21600, l2_gas: ~23027375)
[PASS] world_native::tests::activation_rejects_peer_mismatch_authority_mismatch_and_double_activation (l1_gas: ~0, l1_data_gas: ~26112, l2_gas: ~28517205)
[PASS] world_native::tests::agent_controller_requires_authority_and_projects_the_new_address (l1_gas: ~0, l1_data_gas: ~21600, l2_gas: ~19081985)
[PASS] world_native::tests::registered_account_with_unapproved_class_is_rejected_before_key_read (l1_gas: ~0, l1_data_gas: ~20832, l2_gas: ~15950635)
[PASS] world_native::tests::approved_account_class_can_follow_a_player_account_upgrade (l1_gas: ~0, l1_data_gas: ~23136, l2_gas: ~31669634)
[PASS] world_native::tests::signed_actor_and_root_reach_domain_with_game_scoped_nonces (l1_gas: ~0, l1_data_gas: ~24000, l2_gas: ~35651707)
[PASS] world_native::tests::realm_upgrade_changes_only_its_display_and_rejects_foreign_occupants (l1_gas: ~0, l1_data_gas: ~21696, l2_gas: ~22028255)
[PASS] world_native::tests::upgrade_rules_are_immutable_complete_and_game_scoped (l1_gas: ~0, l1_data_gas: ~22080, l2_gas: ~22107145)
[PASS] world_native::tests::forged_signature_actor_game_and_replayed_intent_are_rejected (l1_gas: ~0, l1_data_gas: ~24864, l2_gas: ~51990891)
[PASS] world_native::tests::signatures_are_bound_to_deployment_command_nonce_and_deadline (l1_gas: ~0, l1_data_gas: ~44352, l2_gas: ~65455216)
Running 15 test(s) from tests/
[PASS] world_native_tests::test_conformance::cross_language_context_boundaries (l1_gas: ~0, l1_data_gas: ~0, l2_gas: ~1362704)
[PASS] world_native_tests::test_conformance::authority_rejects_multicalls_callbacks_and_foreign_targets (l1_gas: ~0, l1_data_gas: ~38080, l2_gas: ~78549380)
[PASS] world_native_tests::test_conformance::outage_recovery_consumes_the_accepted_prefix_before_fresh_work (l1_gas: ~0, l1_data_gas: ~39520, l2_gas: ~108521971)
[PASS] world_native_tests::test_conformance::delayed_execution_uses_recorded_time_after_intent_expiry_and_rejects_duplicate (l1_gas: ~0, l1_data_gas: ~39424, l2_gas: ~116619898)
[PASS] world_native_tests::test_conformance::stale_nonce_after_consumption_does_not_invalidate_the_next_action (l1_gas: ~0, l1_data_gas: ~40192, l2_gas: ~138058112)
[PASS] world_native_tests::test_conformance::fixture::exploration_fixture_runs_the_real_domain (l1_gas: ~0, l1_data_gas: ~38464, l2_gas: ~101824404)
[PASS] world_native_tests::test_conformance::pending_binding_survives_authority_credential_rotation (l1_gas: ~0, l1_data_gas: ~39424, l2_gas: ~116986999)
[PASS] world_native_tests::test_conformance::rejects_changed_signed_fields_and_foreign_identities (l1_gas: ~0, l1_data_gas: ~38080, l2_gas: ~136706336)
[PASS] world_native_tests::test_conformance::simulation_context_cannot_bypass_transaction_authorization (l1_gas: ~0, l1_data_gas: ~38080, l2_gas: ~128610002)
[PASS] world_native_tests::test_conformance::losses_and_terminal_rejections_consume_the_original_nonce (l1_gas: ~0, l1_data_gas: ~78112, l2_gas: ~215266483)
[PASS] world_native_tests::test_conformance::malformed_transport_consumes_nothing_and_invalid_action_signature_is_terminal (l1_gas: ~0, l1_data_gas: ~115456, l2_gas: ~276780975)
[PASS] world_native_tests::test_conformance::invalid_transport_is_non_consuming_and_invalid_acceptance_is_terminal (l1_gas: ~0, l1_data_gas: ~115456, l2_gas: ~301412947)
[PASS] world_native_tests::test_conformance::fixture::accepted_malformed_commands_are_terminal_and_cannot_stall_the_stream (l1_gas: ~0, l1_data_gas: ~118720, l2_gas: ~366463167)
[PASS] world_native_tests::test_conformance::accepted_execution_after_a_day_matches_immediate_execution (l1_gas: ~0, l1_data_gas: ~117568, l2_gas: ~405241844)
[PASS] world_native_tests::test_conformance::invalid_action_keys_and_nonces_cannot_block_a_valid_successor (l1_gas: ~0, l1_data_gas: ~237088, l2_gas: ~738090818)
Tests: 34 passed, 0 failed, 0 ignored, 0 filtered out

